ARM Linker, 5.03 [Build 24] [MDK-ARM Standard]

==============================================================================

Section Cross References

    main.o(i.lcdShowTask) refers to lcd.o(i.lcdInit) for lcdInit
    main.o(i.lcdShowTask) refers to lcd.o(i.lcdShowString) for lcdShowString
    main.o(i.lcdShowTask) refers to lcd.o(i.lcdShowNumber) for lcdShowNumber
    main.o(i.lcdShowTask) refers to key.o(i.keyValueGet) for keyValueGet
    main.o(i.lcdShowTask) refers to tasks.o(i.vTaskDelay) for vTaskDelay
    main.o(i.ledBlinkTask) refers to stm32f4xx_tim.o(i.TIM_SetCompare1) for TIM_SetCompare1
    main.o(i.ledBlinkTask) refers to stm32f4xx_tim.o(i.TIM_SetCompare2) for TIM_SetCompare2
    main.o(i.ledBlinkTask) refers to sinf.o(i.__hardfp_sinf) for __hardfp_sinf
    main.o(i.ledBlinkTask) refers to tasks.o(i.vTaskDelay) for vTaskDelay
    main.o(i.main) refers to dma.o(i.NVIC_Configuration) for NVIC_Configuration
    main.o(i.main) refers to usart.o(i.usartConfig) for usartConfig
    main.o(i.main) refers to dma.o(i.dmaConfig) for dmaConfig
    main.o(i.main) refers to led.o(i.ledGPIOConfig) for ledGPIOConfig
    main.o(i.main) refers to key.o(i.keyGPIOConfig) for keyGPIOConfig
    main.o(i.main) refers to lcd.o(i.lcdGPIOConfig) for lcdGPIOConfig
    main.o(i.main) refers to timer.o(i.pwmConfig) for pwmConfig
    main.o(i.main) refers to tasks.o(i.xTaskCreate) for xTaskCreate
    main.o(i.main) refers to tasks.o(i.vTaskStartScheduler) for vTaskStartScheduler
    main.o(i.main) refers to main.o(.data) for .data
    main.o(i.main) refers to main.o(i.ledBlinkTask) for ledBlinkTask
    main.o(i.main) refers to main.o(i.lcdShowTask) for lcdShowTask
    led.o(i.ledBlink) refers to stm32f4xx_gpio.o(i.GPIO_SetBits) for GPIO_SetBits
    led.o(i.ledBlink) refers to stm32f4xx_gpio.o(i.GPIO_ResetBits) for GPIO_ResetBits
    led.o(i.ledGPIOConfig) refers to stm32f4xx_rcc.o(i.RCC_AHB1PeriphClockCmd) for RCC_AHB1PeriphClockCmd
    led.o(i.ledGPIOConfig) refers to stm32f4xx_gpio.o(i.GPIO_Init) for GPIO_Init
    led.o(i.ledGPIOConfig) refers to stm32f4xx_gpio.o(i.GPIO_PinAFConfig) for GPIO_PinAFConfig
    led.o(i.oneLedON) refers to stm32f4xx_gpio.o(i.GPIO_SetBits) for GPIO_SetBits
    led.o(i.oneLedON) refers to stm32f4xx_gpio.o(i.GPIO_ResetBits) for GPIO_ResetBits
    key.o(i.keyGPIOConfig) refers to stm32f4xx_rcc.o(i.RCC_AHB1PeriphClockCmd) for RCC_AHB1PeriphClockCmd
    key.o(i.keyGPIOConfig) refers to stm32f4xx_gpio.o(i.GPIO_Init) for GPIO_Init
    key.o(i.keyValueGet) refers to stm32f4xx_gpio.o(i.GPIO_ReadInputDataBit) for GPIO_ReadInputDataBit
    key.o(i.keyValueGet) refers to tasks.o(i.vTaskDelay) for vTaskDelay
    lcd.o(i.byteSend) refers to stm32f4xx_gpio.o(i.GPIO_SetBits) for GPIO_SetBits
    lcd.o(i.byteSend) refers to stm32f4xx_gpio.o(i.GPIO_ResetBits) for GPIO_ResetBits
    lcd.o(i.byteSend) refers to tasks.o(i.vTaskDelay) for vTaskDelay
    lcd.o(i.cmdSend) refers to stm32f4xx_gpio.o(i.GPIO_SetBits) for GPIO_SetBits
    lcd.o(i.cmdSend) refers to lcd.o(i.byteSend) for byteSend
    lcd.o(i.cmdSend) refers to stm32f4xx_gpio.o(i.GPIO_ResetBits) for GPIO_ResetBits
    lcd.o(i.dataSend) refers to stm32f4xx_gpio.o(i.GPIO_SetBits) for GPIO_SetBits
    lcd.o(i.dataSend) refers to lcd.o(i.byteSend) for byteSend
    lcd.o(i.dataSend) refers to stm32f4xx_gpio.o(i.GPIO_ResetBits) for GPIO_ResetBits
    lcd.o(i.lcdGPIOConfig) refers to stm32f4xx_rcc.o(i.RCC_AHB1PeriphClockCmd) for RCC_AHB1PeriphClockCmd
    lcd.o(i.lcdGPIOConfig) refers to stm32f4xx_gpio.o(i.GPIO_Init) for GPIO_Init
    lcd.o(i.lcdInit) refers to stm32f4xx_gpio.o(i.GPIO_ResetBits) for GPIO_ResetBits
    lcd.o(i.lcdInit) refers to lcd.o(i.cmdSend) for cmdSend
    lcd.o(i.lcdShowNumber) refers to f2d.o(.text) for __aeabi_f2d
    lcd.o(i.lcdShowNumber) refers to printfa.o(i.__0sprintf) for __2sprintf
    lcd.o(i.lcdShowNumber) refers to lcd.o(i.cmdSend) for cmdSend
    lcd.o(i.lcdShowNumber) refers to lcd.o(i.dataSend) for dataSend
    lcd.o(i.lcdShowString) refers to lcd.o(i.cmdSend) for cmdSend
    lcd.o(i.lcdShowString) refers to tasks.o(i.vTaskDelay) for vTaskDelay
    lcd.o(i.lcdShowString) refers to lcd.o(i.dataSend) for dataSend
    usart.o(i.Rs232DmaSend) refers to stm32f4xx_dma.o(i.DMA_SetCurrDataCounter) for DMA_SetCurrDataCounter
    usart.o(i.Rs232DmaSend) refers to stm32f4xx_dma.o(i.DMA_Cmd) for DMA_Cmd
    usart.o(i.Rs232DmaSend) refers to dma.o(.data) for IsDmaSendEnd
    usart.o(i.Rs232DmaSend) refers to usart.o(.data) for .data
    usart.o(i.USART1_IRQHandler) refers to stm32f4xx_usart.o(i.USART_GetITStatus) for USART_GetITStatus
    usart.o(i.USART1_IRQHandler) refers to stm32f4xx_dma.o(i.DMA_Cmd) for DMA_Cmd
    usart.o(i.USART1_IRQHandler) refers to stm32f4xx_dma.o(i.DMA_GetCurrDataCounter) for DMA_GetCurrDataCounter
    usart.o(i.USART1_IRQHandler) refers to stm32f4xx_dma.o(i.DMA_SetCurrDataCounter) for DMA_SetCurrDataCounter
[...]
    ../clib/microlib/init/entry.s            0x00000000   Number         0  entry10a.o ABSOLUTE
    ../clib/microlib/init/entry.s            0x00000000   Number         0  entry7b.o ABSOLUTE
    ../clib/microlib/init/entry.s            0x00000000   Number         0  entry8a.o ABSOLUTE
    ../clib/microlib/init/entry.s            0x00000000   Number         0  entry8b.o ABSOLUTE
    ../clib/microlib/init/entry.s            0x00000000   Number         0  entry9b.o ABSOLUTE
    ../clib/microlib/init/entry.s            0x00000000   Number         0  entry9a.o ABSOLUTE
    ../clib/microlib/longlong.c              0x00000000   Number         0  llsshr.o ABSOLUTE
    ../clib/microlib/longlong.c              0x00000000   Number         0  llushr.o ABSOLUTE
    ../clib/microlib/longlong.c              0x00000000   Number         0  llshl.o ABSOLUTE
    ../clib/microlib/printf/printf.c         0x00000000   Number         0  printf3.o ABSOLUTE
    ../clib/microlib/printf/printf.c         0x00000000   Number         0  printf4.o ABSOLUTE
    ../clib/microlib/printf/printf.c         0x00000000   Number         0  printf5.o ABSOLUTE
    ../clib/microlib/printf/printf.c         0x00000000   Number         0  printf6.o ABSOLUTE
    ../clib/microlib/printf/printf.c         0x00000000   Number         0  printf7.o ABSOLUTE
    ../clib/microlib/printf/printf.c         0x00000000   Number         0  printf8.o ABSOLUTE
    ../clib/microlib/printf/printf.c         0x00000000   Number         0  printfa.o ABSOLUTE
    ../clib/microlib/printf/printf.c         0x00000000   Number         0  printfb.o ABSOLUTE
    ../clib/microlib/printf/printf.c         0x00000000   Number         0  printf0.o ABSOLUTE
    ../clib/microlib/printf/printf.c         0x00000000   Number         0  printf1.o ABSOLUTE
    ../clib/microlib/printf/printf.c         0x00000000   Number         0  printf2.o ABSOLUTE
    ../clib/microlib/printf/stubs.s          0x00000000   Number         0  stubs.o ABSOLUTE
    ../clib/microlib/stdio/fputc.c           0x00000000   Number         0  fputc.o ABSOLUTE
    ../clib/microlib/stdio/semi.s            0x00000000   Number         0  semi.o ABSOLUTE
    ../clib/microlib/stdio/streams.c         0x00000000   Number         0  stdout.o ABSOLUTE
    ../clib/microlib/string/memcpy.c         0x00000000   Number         0  memcpyb.o ABSOLUTE
    ../clib/microlib/string/memcpy.c         0x00000000   Number         0  memcpya.o ABSOLUTE
    ../clib/microlib/string/memset.c         0x00000000   Number         0  memseta.o ABSOLUTE
    ../clib/microlib/string/strcpy.c         0x00000000   Number         0  strcpy.o ABSOLUTE
    ../clib/microlib/string/strlen.c         0x00000000   Number         0  strlen.o ABSOLUTE
    ../clib/microlib/stubs.s                 0x00000000   Number         0  iusesemip.o ABSOLUTE
    ../clib/microlib/stubs.s                 0x00000000   Number         0  iusefp.o ABSOLUTE
    ../fplib/microlib/f2d.c                  0x00000000   Number         0  f2d.o ABSOLUTE
    ../fplib/microlib/fpadd.c                0x00000000   Number         0  dadd.o ABSOLUTE
    ../fplib/microlib/fpdiv.c                0x00000000   Number         0  ddiv.o ABSOLUTE
    ../fplib/microlib/fpepilogue.c           0x00000000   Number         0  depilogue.o ABSOLUTE
    ../fplib/microlib/fpfix.c                0x00000000   Number         0  dfixul.o ABSOLUTE
    ../fplib/microlib/fpmul.c                0x00000000   Number         0  dmul.o ABSOLUTE
    ../mathlib/fpclassifyf.c                 0x00000000   Number         0  fpclassifyf.o ABSOLUTE
    ../mathlib/funder.c                      0x00000000   Number         0  funder.o ABSOLUTE
    ../mathlib/rredf.c                       0x00000000   Number         0  rredf.o ABSOLUTE
    ../mathlib/sinf.c                        0x00000000   Number         0  sinf_x.o ABSOLUTE
    ../mathlib/sinf.c                        0x00000000   Number         0  sinf.o ABSOLUTE
    ..\FreeRTOS\src\croutine.c               0x00000000   Number         0  croutine.o ABSOLUTE
    ..\FreeRTOS\src\heap_4.c                 0x00000000   Number         0  heap_4.o ABSOLUTE
    ..\FreeRTOS\src\list.c                   0x00000000   Number         0  list.o ABSOLUTE
    ..\FreeRTOS\src\port.c                   0x00000000   Number         0  port.o ABSOLUTE
    ..\FreeRTOS\src\queue.c                  0x00000000   Number         0  queue.o ABSOLUTE
    ..\FreeRTOS\src\tasks.c                  0x00000000   Number         0  tasks.o ABSOLUTE
    ..\FreeRTOS\src\timers.c                 0x00000000   Number         0  timers.o ABSOLUTE
    ..\Libraries\CMSIS\Device\ST\STM32F4xx\Source\Templates\arm\startup_stm32f40_41xxx.s 0x00000000   Number         0  startup_stm32f40_41xxx.o ABSOLUTE
    ..\Libraries\STM32F4xx_StdPeriph_Driver\src\misc.c 0x00000000   Number         0  misc.o ABSOLUTE
    ..\Libraries\STM32F4xx_StdPeriph_Driver\src\stm32f4xx_can.c 0x00000000   Number         0  stm32f4xx_can.o ABSOLUTE
    ..\Libraries\STM32F4xx_StdPeriph_Driver\src\stm32f4xx_crc.c 0x00000000   Number         0  stm32f4xx_crc.o ABSOLUTE
    ..\Libraries\STM32F4xx_StdPeriph_Driver\src\stm32f4xx_dma.c 0x00000000   Number         0  stm32f4xx_dma.o ABSOLUTE
    ..\Libraries\STM32F4xx_StdPeriph_Driver\src\stm32f4xx_gpio.c 0x00000000   Number         0  stm32f4xx_gpio.o ABSOLUTE
    ..\Libraries\STM32F4xx_StdPeriph_Driver\src\stm32f4xx_rcc.c 0x00000000   Number         0  stm32f4xx_rcc.o ABSOLUTE
    ..\Libraries\STM32F4xx_StdPeriph_Driver\src\stm32f4xx_syscfg.c 0x00000000   Number         0  stm32f4xx_syscfg.o ABSOLUTE
    ..\Libraries\STM32F4xx_StdPeriph_Driver\src\stm32f4xx_tim.c 0x00000000   Number         0  stm32f4xx_tim.o ABSOLUTE
    ..\Libraries\STM32F4xx_StdPeriph_Driver\src\stm32f4xx_usart.c 0x00000000   Number         0  stm32f4xx_usart.o ABSOLUTE
    ..\User\KEY.C                            0x00000000   Number         0  key.o ABSOLUTE
    ..\User\LCD.c                            0x00000000   Number         0  lcd.o ABSOLUTE
    ..\User\LED.C                            0x00000000   Number         0  led.o ABSOLUTE
    ..\User\dma.c                            0x00000000   Number         0  dma.o ABSOLUTE
    ..\User\main.c                           0x00000000   Number         0  main.o ABSOLUTE
    ..\User\stm32f4xx_assert.c               0x00000000   Number         0  stm32f4xx_assert.o ABSOLUTE
    ..\User\stm32f4xx_it.c                   0x00000000   Number         0  stm32f4xx_it.o ABSOLUTE
    ..\User\system_stm32f4xx.c               0x00000000   Number         0  system_stm32f4xx.o ABSOLUTE
    ..\User\timer.c                          0x00000000   Number         0  timer.o ABSOLUTE
    ..\User\usart.c                          0x00000000   Number         0  usart.o ABSOLUTE
    ..\\FreeRTOS\\src\\port.c                0x00000000   Number         0  port.o ABSOLUTE
    ..\\Libraries\\STM32F4xx_StdPeriph_Driver\\src\\misc.c 0x00000000   Number         0  misc.o ABSOLUTE
    ..\\Libraries\\STM32F4xx_StdPeriph_Driver\\src\\stm32f4xx_can.c 0x00000000   Number         0  stm32f4xx_can.o ABSOLUTE
    ..\\Libraries\\STM32F4xx_StdPeriph_Driver\\src\\stm32f4xx_crc.c 0x00000000   Number         0  stm32f4xx_crc.o ABSOLUTE
    ..\\Libraries\\STM32F4xx_StdPeriph_Driver\\src\\stm32f4xx_dma.c 0x00000000   Number         0  stm32f4xx_dma.o ABSOLUTE
    ..\\Libraries\\STM32F4xx_StdPeriph_Driver\\src\\stm32f4xx_gpio.c 0x00000000   Number         0  stm32f4xx_gpio.o ABSOLUTE
    ..\\Libraries\\STM32F4xx_StdPeriph_Driver\\src\\stm32f4xx_rcc.c 0x00000000   Number         0  stm32f4xx_rcc.o ABSOLUTE
    ..\\Libraries\\STM32F4xx_StdPeriph_Driver\\src\\stm32f4xx_syscfg.c 0x00000000   Number         0  stm32f4xx_syscfg.o ABSOLUTE
    ..\\Libraries\\STM32F4xx_StdPeriph_Driver\\src\\stm32f4xx_tim.c 0x00000000   Number         0  stm32f4xx_tim.o ABSOLUTE
    ..\\Libraries\\STM32F4xx_StdPeriph_Driver\\src\\stm32f4xx_usart.c 0x00000000   Number         0  stm32f4xx_usart.o ABSOLUTE
    ..\\User\\KEY.C                          0x00000000   Number         0  key.o ABSOLUTE
    ..\\User\\LCD.c                          0x00000000   Number         0  lcd.o ABSOLUTE
    ..\\User\\LED.C                          0x00000000   Number         0  led.o ABSOLUTE
    ..\\User\\dma.c                          0x00000000   Number         0  dma.o ABSOLUTE
    ..\\User\\main.c                         0x00000000   Number         0  main.o ABSOLUTE
    ..\\User\\stm32f4xx_assert.c             0x00000000   Number         0  stm32f4xx_assert.o ABSOLUTE
    ..\\User\\stm32f4xx_it.c                 0x00000000   Number         0  stm32f4xx_it.o ABSOLUTE
    ..\\User\\system_stm32f4xx.c             0x00000000   Number         0  system_stm32f4xx.o ABSOLUTE
    ..\\User\\timer.c                        0x00000000   Number         0  timer.o ABSOLUTE
    ..\\User\\usart.c                        0x00000000   Number         0  usart.o ABSOLUTE
    cdrcmple.s                               0x00000000   Number         0  cdrcmple.o ABSOLUTE
    dc.s                                     0x00000000   Number         0  dc.o ABSOLUTE
    handlers.s                               0x00000000   Number         0  handlers.o ABSOLUTE
    init.s                                   0x00000000   Number         0  init.o ABSOLUTE
    RESET                                    0x08000000   Section      392  startup_stm32f40_41xxx.o(RESET)
    .ARM.Collect$$$$00000000                 0x08000188   Section        0  entry.o(.ARM.Collect$$$$00000000)
    .ARM.Collect$$$$00000001                 0x08000188   Section        4  entry2.o(.ARM.Collect$$$$00000001)
    .ARM.Collect$$$$00000004                 0x0800018c   Section        4  entry5.o(.ARM.Collect$$$$00000004)
    .ARM.Collect$$$$00000008                 0x08000190   Section        0  entry7b.o(.ARM.Collect$$$$00000008)
    .ARM.Collect$$$$0000000A                 0x08000190   Section        0  entry8b.o(.ARM.Collect$$$$0000000A)
    .ARM.Collect$$$$0000000B                 0x08000190   Section        8  entry9a.o(.ARM.Collect$$$$0000000B)
    .ARM.Collect$$$$0000000D                 0x08000198   Section        0  entry10a.o(.ARM.Collect$$$$0000000D)
    .ARM.Collect$$$$0000000F                 0x08000198   Section        0  entry11a.o(.ARM.Collect$$$$0000000F)
    .ARM.Collect$$$$00002712                 0x08000198   Section        4  entry2.o(.ARM.Collect$$$$00002712)
    __lit__00000000                          0x08000198   Data           4  entry2.o(.ARM.Collect$$$$00002712)
    .emb_text                                0x0800019c   Section      182  port.o(.emb_text)
    $v0                                      0x0800019c   Number         0  port.o(.emb_text)
    .text                                    0x08000254   Section       36  startup_stm32f40_41xxx.o(.text)
    $v0                                      0x08000254   Number         0  startup_stm32f40_41xxx.o(.text)
    .text                                    0x08000278   Section        0  memcpya.o(.text)
    .text                                    0x0800029c   Section        0  memseta.o(.text)
    .text                                    0x080002c0   Section        0  f2d.o(.text)
    .text                                    0x080002e6   Section        0  uidiv.o(.text)
    .text                                    0x08000312   Section        0  uldiv.o(.text)
    .text                                    0x08000374   Section        0  dadd.o(.text)
    .text                                    0x08000374   Section        0  iusefp.o(.text)
    .text                                    0x080004c2   Section        0  dmul.o(.text)
    .text                                    0x080005a6   Section        0  ddiv.o(.text)
    .text                                    0x08000684   Section        0  dfixul.o(.text)
    .text                                    0x080006b4   Section       40  cdrcmple.o(.text)
    .text                                    0x080006dc   Section       36  init.o(.text)
    .text                                    0x08000700   Section        0  semi.o(.text)
    .text                                    0x08000700   Section        0  llshl.o(.text)
    .text                                    0x0800071e   Section        0  llushr.o(.text)
    .text                                    0x0800073e   Section        0  llsshr.o(.text)
    .text                                    0x08000762   Section        0  depilogue.o(.text)
    .text                                    0x08000762   Section        0  iusesemip.o(.text)
    i.BusFault_Handler                       0x08000820   Section        0  stm32f4xx_it.o(i.BusFault_Handler)
    i.DMA2_Stream7_IRQHandler                0x08000824   Section        0  dma.o(i.DMA2_Stream7_IRQHandler)
    i.DMA_ClearITPendingBit                  0x08000860   Section        0  stm32f4xx_dma.o(i.DMA_ClearITPendingBit)
    i.DMA_Cmd                                0x0800088c   Section        0  stm32f4xx_dma.o(i.DMA_Cmd)
    i.DMA_DeInit                             0x080008a0   Section        0  stm32f4xx_dma.o(i.DMA_DeInit)
    i.DMA_GetCurrDataCounter                 0x080009c4   Section        0  stm32f4xx_dma.o(i.DMA_GetCurrDataCounter)
    i.DMA_GetITStatus                        0x080009cc   Section        0  stm32f4xx_dma.o(i.DMA_GetITStatus)
    i.DMA_ITConfig                           0x08000a20   Section        0  stm32f4xx_dma.o(i.DMA_ITConfig)
    i.DMA_Init                               0x08000a54   Section        0  stm32f4xx_dma.o(i.DMA_Init)
    i.DMA_SetCurrDataCounter                 0x08000aa8   Section        0  stm32f4xx_dma.o(i.DMA_SetCurrDataCounter)
    i.DebugMon_Handler                       0x08000aac   Section        0  stm32f4xx_it.o(i.DebugMon_Handler)
    i.GPIO_Init                              0x08000aae   Section        0  stm32f4xx_gpio.o(i.GPIO_Init)
    i.GPIO_PinAFConfig                       0x08000b50   Section        0  stm32f4xx_gpio.o(i.GPIO_PinAFConfig)
    i.GPIO_ReadInputDataBit                  0x08000b70   Section        0  stm32f4xx_gpio.o(i.GPIO_ReadInputDataBit)
    i.GPIO_ResetBits                         0x08000b7e   Section        0  stm32f4xx_gpio.o(i.GPIO_ResetBits)
    i.GPIO_SetBits                           0x08000b82   Section        0  stm32f4xx_gpio.o(i.GPIO_SetBits)
    i.HardFault_Handler                      0x08000b86   Section        0  stm32f4xx_it.o(i.HardFault_Handler)
    i.MemManage_Handler                      0x08000b88   Section        0  stm32f4xx_it.o(i.MemManage_Handler)
    i.NMI_Handler                            0x08000b8a   Section        0  stm32f4xx_it.o(i.NMI_Handler)
    i.NVIC_Configuration                     0x08000b8c   Section        0  dma.o(i.NVIC_Configuration)
    i.NVIC_Init                              0x08000bd8   Section        0  misc.o(i.NVIC_Init)
    i.NVIC_PriorityGroupConfig               0x08000c3c   Section        0  misc.o(i.NVIC_PriorityGroupConfig)
    i.NVIC_SetVectorTable                    0x08000c50   Section        0  misc.o(i.NVIC_SetVectorTable)
    i.RCC_AHB1PeriphClockCmd                 0x08000c64   Section        0  stm32f4xx_rcc.o(i.RCC_AHB1PeriphClockCmd)
    i.RCC_APB1PeriphResetCmd                 0x08000c7c   Section        0  stm32f4xx_rcc.o(i.RCC_APB1PeriphResetCmd)
    i.RCC_APB2PeriphClockCmd                 0x08000c94   Section        0  stm32f4xx_rcc.o(i.RCC_APB2PeriphClockCmd)
    i.RCC_APB2PeriphResetCmd                 0x08000cac   Section        0  stm32f4xx_rcc.o(i.RCC_APB2PeriphResetCmd)
    i.RCC_GetClocksFreq                      0x08000cc4   Section        0  stm32f4xx_rcc.o(i.RCC_GetClocksFreq)
    i.SetSysClock                            0x08000d58   Section        0  system_stm32f4xx.o(i.SetSysClock)
    SetSysClock                              0x08000d59   Thumb Code   162  system_stm32f4xx.o(i.SetSysClock)
    i.SysTick_Handler                        0x08000e0c   Section        0  port.o(i.SysTick_Handler)
    i.SystemInit                             0x08000e38   Section        0  system_stm32f4xx.o(i.SystemInit)
    i.TIM_Cmd                                0x08000e94   Section        0  stm32f4xx_tim.o(i.TIM_Cmd)
    i.TIM_CtrlPWMOutputs                     0x08000ea8   Section        0  stm32f4xx_tim.o(i.TIM_CtrlPWMOutputs)
    i.TIM_OC1Init                            0x08000ec0   Section        0  stm32f4xx_tim.o(i.TIM_OC1Init)
    i.TIM_OC2Init                            0x08000f20   Section        0  stm32f4xx_tim.o(i.TIM_OC2Init)
    i.TIM_SetCompare1                        0x08000fa0   Section        0  stm32f4xx_tim.o(i.TIM_SetCompare1)
    i.TIM_SetCompare2                        0x08000fa4   Section        0  stm32f4xx_tim.o(i.TIM_SetCompare2)
    i.TIM_TimeBaseInit                       0x08000fa8   Section        0  stm32f4xx_tim.o(i.TIM_TimeBaseInit)
    i.USART1_IRQHandler                      0x08001024   Section        0  usart.o(i.USART1_IRQHandler)
    i.USART_ClearITPendingBit                0x08001098   Section        0  stm32f4xx_usart.o(i.USART_ClearITPendingBit)
    i.USART_ClockInit                        0x080010a4   Section        0  stm32f4xx_usart.o(i.USART_ClockInit)
    i.USART_ClockStructInit                  0x080010c0   Section        0  stm32f4xx_usart.o(i.USART_ClockStructInit)
    i.USART_Cmd                              0x080010cc   Section        0  stm32f4xx_usart.o(i.USART_Cmd)
    i.USART_DMACmd                           0x080010e0   Section        0  stm32f4xx_usart.o(i.USART_DMACmd)
    i.USART_DeInit                           0x080010f0   Section        0  stm32f4xx_usart.o(i.USART_DeInit)
    i.USART_GetITStatus                      0x0800119c   Section        0  stm32f4xx_usart.o(i.USART_GetITStatus)
    i.USART_ITConfig                         0x080011da   Section        0  stm32f4xx_usart.o(i.USART_ITConfig)
    i.USART_Init                             0x0800120c   Section        0  stm32f4xx_usart.o(i.USART_Init)
    i.USART_StructInit                       0x080012c4   Section        0  stm32f4xx_usart.o(i.USART_StructInit)
    i.UsageFault_Handler                     0x080012da   Section        0  stm32f4xx_it.o(i.UsageFault_Handler)
    i.__0printf                              0x080012dc   Section        0  printfa.o(i.__0printf)
    i.__0sprintf                             0x080012fc   Section        0  printfa.o(i.__0sprintf)
    i.__ARM_fpclassifyf                      0x08001324   Section        0  fpclassifyf.o(i.__ARM_fpclassifyf)
    i.__hardfp_sinf                          0x0800134c   Section        0  sinf.o(i.__hardfp_sinf)
    i.__mathlib_flt_underflow                0x080014c4   Section        0  funder.o(i.__mathlib_flt_underflow)
    i.__mathlib_rredf2                       0x080014d4   Section        0  rredf.o(i.__mathlib_rredf2)
    i.__scatterload_copy                     0x08001614   Section       14  handlers.o(i.__scatterload_copy)
    i.__scatterload_null                     0x08001622   Section        2  handlers.o(i.__scatterload_null)
    i.__scatterload_zeroinit                 0x08001624   Section       14  handlers.o(i.__scatterload_zeroinit)
    i.__set_errno                            0x08001634   Section        0  errno.o(i.__set_errno)
    i._fp_digits                             0x08001640   Section        0  printfa.o(i._fp_digits)
    _fp_digits                               0x08001641   Thumb Code   326  printfa.o(i._fp_digits)
    i._printf_core                           0x0800179c   Section        0  printfa.o(i._printf_core)
    _printf_core                             0x0800179d   Thumb Code  1762  printfa.o(i._printf_core)
    i._printf_post_padding                   0x08001e8c   Section        0  printfa.o(i._printf_post_padding)
    _printf_post_padding                     0x08001e8d   Thumb Code    38  printfa.o(i._printf_post_padding)
    i._printf_pre_padding                    0x08001eb2   Section        0  printfa.o(i._printf_pre_padding)
    _printf_pre_padding                      0x08001eb3   Thumb Code    48  printfa.o(i._printf_pre_padding)
    i._sputc                                 0x08001ee2   Section        0  printfa.o(i._sputc)
    _sputc                                   0x08001ee3   Thumb Code    10  printfa.o(i._sputc)
    i.byteSend                               0x08001eec   Section        0  lcd.o(i.byteSend)
    byteSend                                 0x08001eed   Thumb Code    70  lcd.o(i.byteSend)
    i.cmdSend                                0x08001f38   Section        0  lcd.o(i.cmdSend)
    cmdSend                                  0x08001f39   Thumb Code    48  lcd.o(i.cmdSend)
    i.dataSend                               0x08001f6c   Section        0  lcd.o(i.dataSend)
    dataSend                                 0x08001f6d   Thumb Code    48  lcd.o(i.dataSend)
    i.dmaConfig                              0x08001fa0   Section        0  dma.o(i.dmaConfig)
    i.fputc                                  0x08002060   Section        0  fputc.o(i.fputc)
    i.keyGPIOConfig                          0x08002074   Section        0  key.o(i.keyGPIOConfig)
    i.keyValueGet                            0x080020a0   Section        0  key.o(i.keyValueGet)
    i.lcdGPIOConfig                          0x08002130   Section        0  lcd.o(i.lcdGPIOConfig)
    i.lcdInit                                0x08002158   Section        0  lcd.o(i.lcdInit)
    i.lcdShowNumber                          0x08002188   Section        0  lcd.o(i.lcdShowNumber)
    i.lcdShowString                          0x08002220   Section        0  lcd.o(i.lcdShowString)
    i.lcdShowTask                            0x08002240   Section        0  main.o(i.lcdShowTask)
    i.ledBlinkTask                           0x08002308   Section        0  main.o(i.ledBlinkTask)
    i.ledGPIOConfig                          0x08002394   Section        0  led.o(i.ledGPIOConfig)
    i.main                                   0x080023f4   Section        0  main.o(i.main)
    i.prvAddCurrentTaskToDelayedList         0x08002470   Section        0  tasks.o(i.prvAddCurrentTaskToDelayedList)
    prvAddCurrentTaskToDelayedList           0x08002471   Thumb Code   102  tasks.o(i.prvAddCurrentTaskToDelayedList)
    i.prvAddNewTaskToReadyList               0x080024e0   Section        0  tasks.o(i.prvAddNewTaskToReadyList)
    prvAddNewTaskToReadyList                 0x080024e1   Thumb Code   192  tasks.o(i.prvAddNewTaskToReadyList)
    i.prvCheckForValidListAndQueue           0x080025b0   Section        0  timers.o(i.prvCheckForValidListAndQueue)
    prvCheckForValidListAndQueue             0x080025b1   Thumb Code    62  timers.o(i.prvCheckForValidListAndQueue)
    i.prvCheckTasksWaitingTermination        0x08002600   Section        0  tasks.o(i.prvCheckTasksWaitingTermination)
    prvCheckTasksWaitingTermination          0x08002601   Thumb Code    70  tasks.o(i.prvCheckTasksWaitingTermination)
    i.prvCopyDataFromQueue                   0x08002650   Section        0  queue.o(i.prvCopyDataFromQueue)
    prvCopyDataFromQueue                     0x08002651   Thumb Code    38  queue.o(i.prvCopyDataFromQueue)
    i.prvCopyDataToQueue                     0x08002676   Section        0  queue.o(i.prvCopyDataToQueue)
    prvCopyDataToQueue                       0x08002677   Thumb Code   108  queue.o(i.prvCopyDataToQueue)
    i.prvDeleteTCB                           0x080026e2   Section        0  tasks.o(i.prvDeleteTCB)
    prvDeleteTCB                             0x080026e3   Thumb Code    20  tasks.o(i.prvDeleteTCB)
    i.prvHeapInit                            0x080026f8   Section        0  heap_4.o(i.prvHeapInit)
    prvHeapInit                              0x080026f9   Thumb Code    66  heap_4.o(i.prvHeapInit)
    i.prvIdleTask                            0x08002744   Section        0  tasks.o(i.prvIdleTask)
    prvIdleTask                              0x08002745   Thumb Code    30  tasks.o(i.prvIdleTask)
    i.prvInitialiseNewTask                   0x0800276c   Section        0  tasks.o(i.prvInitialiseNewTask)
    prvInitialiseNewTask                     0x0800276d   Thumb Code   154  tasks.o(i.prvInitialiseNewTask)
    i.prvInsertBlockIntoFreeList             0x08002830   Section        0  heap_4.o(i.prvInsertBlockIntoFreeList)
    prvInsertBlockIntoFreeList               0x08002831   Thumb Code    72  heap_4.o(i.prvInsertBlockIntoFreeList)
    i.prvInsertTimerInActiveList             0x0800287c   Section        0  timers.o(i.prvInsertTimerInActiveList)
    prvInsertTimerInActiveList               0x0800287d   Thumb Code    52  timers.o(i.prvInsertTimerInActiveList)
    i.prvIsQueueEmpty                        0x080028b4   Section        0  queue.o(i.prvIsQueueEmpty)
    prvIsQueueEmpty                          0x080028b5   Thumb Code    28  queue.o(i.prvIsQueueEmpty)
    i.prvNotifyQueueSetContainer             0x080028d0   Section        0  queue.o(i.prvNotifyQueueSetContainer)
    prvNotifyQueueSetContainer               0x080028d1   Thumb Code   108  queue.o(i.prvNotifyQueueSetContainer)
    i.prvProcessExpiredTimer                 0x08002964   Section        0  timers.o(i.prvProcessExpiredTimer)
    prvProcessExpiredTimer                   0x08002965   Thumb Code    84  timers.o(i.prvProcessExpiredTimer)
    i.prvProcessReceivedCommands             0x080029e8   Section        0  timers.o(i.prvProcessReceivedCommands)
    prvProcessReceivedCommands               0x080029e9   Thumb Code   196  timers.o(i.prvProcessReceivedCommands)
    i.prvProcessTimerOrBlockTask             0x08002adc   Section        0  timers.o(i.prvProcessTimerOrBlockTask)
    prvProcessTimerOrBlockTask               0x08002add   Thumb Code    98  timers.o(i.prvProcessTimerOrBlockTask)
    i.prvResetNextTaskUnblockTime            0x08002b48   Section        0  tasks.o(i.prvResetNextTaskUnblockTime)
    prvResetNextTaskUnblockTime              0x08002b49   Thumb Code    26  tasks.o(i.prvResetNextTaskUnblockTime)
    i.prvSampleTimeNow                       0x08002b68   Section        0  timers.o(i.prvSampleTimeNow)
    prvSampleTimeNow                         0x08002b69   Thumb Code    36  timers.o(i.prvSampleTimeNow)
    i.prvSwitchTimerLists                    0x08002b90   Section        0  timers.o(i.prvSwitchTimerLists)
    prvSwitchTimerLists                      0x08002b91   Thumb Code    98  timers.o(i.prvSwitchTimerLists)
    i.prvTaskExitError                       0x08002c24   Section        0  port.o(i.prvTaskExitError)
    prvTaskExitError                         0x08002c25   Thumb Code    36  port.o(i.prvTaskExitError)
    i.prvTimerTask                           0x08002c74   Section        0  timers.o(i.prvTimerTask)
    prvTimerTask                             0x08002c75   Thumb Code    32  timers.o(i.prvTimerTask)
    i.prvUnlockQueue                         0x08002c98   Section        0  queue.o(i.prvUnlockQueue)
    prvUnlockQueue                           0x08002c99   Thumb Code   120  queue.o(i.prvUnlockQueue)
    i.pvPortMalloc                           0x08002d10   Section        0  heap_4.o(i.pvPortMalloc)
    i.pvTaskIncrementMutexHeldCount          0x08002e18   Section        0  tasks.o(i.pvTaskIncrementMutexHeldCount)
    i.pwmConfig                              0x08002e30   Section        0  timer.o(i.pwmConfig)
    i.pxPortInitialiseStack                  0x08002ec4   Section        0  port.o(i.pxPortInitialiseStack)
    i.usartConfig                            0x08002ef0   Section        0  usart.o(i.usartConfig)
    i.uxListRemove                           0x08002fd0   Section        0  list.o(i.uxListRemove)
    i.vListInitialise                        0x08002ff4   Section        0  list.o(i.vListInitialise)
    i.vListInitialiseItem                    0x0800300a   Section        0  list.o(i.vListInitialiseItem)
    i.vListInsert                            0x08003010   Section        0  list.o(i.vListInsert)
    i.vListInsertEnd                         0x08003040   Section        0  list.o(i.vListInsertEnd)
    i.vPortEnterCritical                     0x08003058   Section        0  port.o(i.vPortEnterCritical)
    i.vPortExitCritical                      0x080030bc   Section        0  port.o(i.vPortExitCritical)
    i.vPortFree                              0x0800310c   Section        0  heap_4.o(i.vPortFree)
    i.vPortSetupTimerInterrupt               0x0800319c   Section        0  port.o(i.vPortSetupTimerInterrupt)
    i.vPortValidateInterruptPriority         0x080031bc   Section        0  port.o(i.vPortValidateInterruptPriority)
    i.vQueueAddToRegistry                    0x08003234   Section        0  queue.o(i.vQueueAddToRegistry)
    i.vQueueWaitForMessageRestricted         0x0800325c   Section        0  queue.o(i.vQueueWaitForMessageRestricted)
    i.vTaskDelay                             0x080032a4   Section        0  tasks.o(i.vTaskDelay)
    i.vTaskMissedYield                       0x08003314   Section        0  tasks.o(i.vTaskMissedYield)
    i.vTaskPlaceOnEventList                  0x08003320   Section        0  tasks.o(i.vTaskPlaceOnEventList)
    i.vTaskPlaceOnEventListRestricted        0x08003378   Section        0  tasks.o(i.vTaskPlaceOnEventListRestricted)
    i.vTaskPriorityInherit                   0x080033d8   Section        0  tasks.o(i.vTaskPriorityInherit)
    i.vTaskSetTimeOutState                   0x0800345c   Section        0  tasks.o(i.vTaskSetTimeOutState)
    i.vTaskStartScheduler                    0x080034a8   Section        0  tasks.o(i.vTaskStartScheduler)
    i.vTaskSuspendAll                        0x08003540   Section        0  tasks.o(i.vTaskSuspendAll)
    i.vTaskSwitchContext                     0x08003550   Section        0  tasks.o(i.vTaskSwitchContext)
    i.xPortStartScheduler                    0x080035d0   Section        0  port.o(i.xPortStartScheduler)
    i.xQueueGenericCreate                    0x080036d0   Section        0  queue.o(i.xQueueGenericCreate)
    i.xQueueGenericReceive                   0x0800374c   Section        0  queue.o(i.xQueueGenericReceive)
    i.xQueueGenericReset                     0x080038d4   Section        0  queue.o(i.xQueueGenericReset)
    i.xQueueGenericSend                      0x08003980   Section        0  queue.o(i.xQueueGenericSend)
    i.xQueueGenericSendFromISR               0x08003b04   Section        0  queue.o(i.xQueueGenericSendFromISR)
    i.xTaskCheckForTimeOut                   0x08003bec   Section        0  tasks.o(i.xTaskCheckForTimeOut)
    i.xTaskCreate                            0x08003c78   Section        0  tasks.o(i.xTaskCreate)
    i.xTaskGetSchedulerState                 0x08003cd0   Section        0  tasks.o(i.xTaskGetSchedulerState)
    i.xTaskGetTickCount                      0x08003cec   Section        0  tasks.o(i.xTaskGetTickCount)
    i.xTaskIncrementTick                     0x08003cf8   Section        0  tasks.o(i.xTaskIncrementTick)
    i.xTaskPriorityDisinherit                0x08003de4   Section        0  tasks.o(i.xTaskPriorityDisinherit)
    i.xTaskRemoveFromEventList               0x08003e9c   Section        0  tasks.o(i.xTaskRemoveFromEventList)
    i.xTaskResumeAll                         0x08003f38   Section        0  tasks.o(i.xTaskResumeAll)
    i.xTimerCreateTimerTask                  0x08004024   Section        0  timers.o(i.xTimerCreateTimerTask)
    i.xTimerGenericCommand                   0x0800409c   Section        0  timers.o(i.xTimerGenericCommand)
    .constdata                               0x08004130   Section       32  rredf.o(.constdata)
    twooverpi                                0x08004130   Data          32  rredf.o(.constdata)
    .data                                    0x20000000   Section        8  main.o(.data)
    .data                                    0x20000008   Section        4  usart.o(.data)
    .data                                    0x2000000c   Section        1  dma.o(.data)
    .data                                    0x2000000d   Section       16  stm32f4xx_rcc.o(.data)
    APBAHBPrescTable                         0x2000000d   Data          16  stm32f4xx_rcc.o(.data)
    .data                                    0x20000020   Section       20  system_stm32f4xx.o(.data)
    .data                                    0x20000034   Section       24  heap_4.o(.data)
    pxEnd                                    0x20000034   Data           4  heap_4.o(.data)
    xFreeBytesRemaining                      0x20000038   Data           4  heap_4.o(.data)
    xMinimumEverFreeBytesRemaining           0x2000003c   Data           4  heap_4.o(.data)
    xBlockAllocatedBit                       0x20000040   Data           4  heap_4.o(.data)
    xStart                                   0x20000044   Data           8  heap_4.o(.data)
    .data                                    0x2000004c   Section       12  port.o(.data)
    ucMaxSysCallPriority                     0x2000004c   Data           1  port.o(.data)
    uxCriticalNesting                        0x20000050   Data           4  port.o(.data)
    ulMaxPRIGROUPValue                       0x20000054   Data           4  port.o(.data)
    .data                                    0x20000058   Section       60  tasks.o(.data)
    uxDeletedTasksWaitingCleanUp             0x2000005c   Data           4  tasks.o(.data)
    uxCurrentNumberOfTasks                   0x20000060   Data           4  tasks.o(.data)
    xTickCount                               0x20000064   Data           4  tasks.o(.data)
    uxTopReadyPriority                       0x20000068   Data           4  tasks.o(.data)
    xSchedulerRunning                        0x2000006c   Data           4  tasks.o(.data)
    uxPendedTicks                            0x20000070   Data           4  tasks.o(.data)
    xYieldPending                            0x20000074   Data           4  tasks.o(.data)
    xNumOfOverflows                          0x20000078   Data           4  tasks.o(.data)
    uxTaskNumber                             0x2000007c   Data           4  tasks.o(.data)
    xNextTaskUnblockTime                     0x20000080   Data           4  tasks.o(.data)
    xIdleTaskHandle                          0x20000084   Data           4  tasks.o(.data)
    uxSchedulerSuspended                     0x20000088   Data           4  tasks.o(.data)
    pxDelayedTaskList                        0x2000008c   Data           4  tasks.o(.data)
    pxOverflowDelayedTaskList                0x20000090   Data           4  tasks.o(.data)
    .data                                    0x20000094   Section       20  timers.o(.data)
    xTimerQueue                              0x20000094   Data           4  timers.o(.data)
    xTimerTaskHandle                         0x20000098   Data           4  timers.o(.data)
    xLastTime                                0x2000009c   Data           4  timers.o(.data)
    pxCurrentTimerList                       0x200000a0   Data           4  timers.o(.data)
    pxOverflowTimerList                      0x200000a4   Data           4  timers.o(.data)
    .data                                    0x200000a8   Section        4  stdout.o(.data)
    .data                                    0x200000ac   Section        4  errno.o(.data)
    _errno                                   0x200000ac   Data           4  errno.o(.data)
    .bss                                     0x200000b0   Section     2048  dma.o(.bss)
    .bss                                     0x200008b0   Section    20480  heap_4.o(.bss)
    ucHeap                                   0x200008b0   Data       20480  heap_4.o(.bss)
    .bss                                     0x200058b0   Section       64  queue.o(.bss)
    .bss                                     0x200058f0   Section      740  tasks.o(.bss)
    pxReadyTasksLists                        0x200058f0   Data         640  tasks.o(.bss)
    xDelayedTaskList1                        0x20005b70   Data          20  tasks.o(.bss)
    xDelayedTaskList2                        0x20005b84   Data          20  tasks.o(.bss)
    xPendingReadyList                        0x20005b98   Data          20  tasks.o(.bss)
    xTasksWaitingTermination                 0x20005bac   Data          20  tasks.o(.bss)
    xSuspendedTaskList                       0x20005bc0   Data          20  tasks.o(.bss)
    .bss                                     0x20005bd4   Section       40  timers.o(.bss)
    xActiveTimerList1                        0x20005bd4   Data          20  timers.o(.bss)
    xActiveTimerList2                        0x20005be8   Data          20  timers.o(.bss)
    STACK                                    0x20005c00   Section     1024  startup_stm32f40_41xxx.o(STACK)

    Global Symbols

    Symbol Name                              Value     Ov Type        Size  Object(Section)

    BuildAttributes$$THM_ISAv4$E$P$D$K$B$S$7EM$VFPi3$EXTD16$VFPS$VFMA$PE$A:L22UL41UL21$X:L11$S22US41US21$IEEE1$IW$USESV6$~STKCKD$USESV7$~SHL$OTIME$ROPI$IEEEX$EBA8$MICROLIB$REQ8$PRES8$EABIv2 0x00000000   Number         0  anon$$obj.o ABSOLUTE
    __ARM_use_no_argv                        0x00000000   Number         0  main.o ABSOLUTE
    _printf_a                                0x00000000   Number         0  stubs.o ABSOLUTE
    _printf_c                                0x00000000   Number         0  stubs.o ABSOLUTE
    _printf_charcount                        0x00000000   Number         0  stubs.o ABSOLUTE
    _printf_d                                0x00000000   Number         0  stubs.o ABSOLUTE
    _printf_e                                0x00000000   Number         0  stubs.o ABSOLUTE
    _printf_f                                0x00000000   Number         0  stubs.o ABSOLUTE
    _printf_flags                            0x00000000   Number         0  stubs.o ABSOLUTE
    _printf_fp_dec                           0x00000000   Number         0  stubs.o ABSOLUTE
    _printf_fp_hex                           0x00000000   Number         0  stubs.o ABSOLUTE
    _printf_g                                0x00000000   Number         0  stubs.o ABSOLUTE
    _printf_i                                0x00000000   Number         0  stubs.o ABSOLUTE
    _printf_int_dec                          0x00000000   Number         0  stubs.o ABSOLUTE
    _printf_l                                0x00000000   Number         0  stubs.o ABSOLUTE
    _printf_lc                               0x00000000   Number         0  stubs.o ABSOLUTE
    _printf_ll                               0x00000000   Number         0  stubs.o ABSOLUTE
    _printf_lld                              0x00000000   Number         0  stubs.o ABSOLUTE
    _printf_lli                              0x00000000   Number         0  stubs.o ABSOLUTE
    _printf_llo                              0x00000000   Number         0  stubs.o ABSOLUTE
    _printf_llu                              0x00000000   Number         0  stubs.o ABSOLUTE
    _printf_llx                              0x00000000   Number         0  stubs.o ABSOLUTE
    _printf_longlong_dec                     0x00000000   Number         0  stubs.o ABSOLUTE
    _printf_longlong_hex                     0x00000000   Number         0  stubs.o ABSOLUTE
    _printf_longlong_oct                     0x00000000   Number         0  stubs.o ABSOLUTE
    _printf_ls                               0x00000000   Number         0  stubs.o ABSOLUTE
    _printf_mbtowc                           0x00000000   Number         0  stubs.o ABSOLUTE
    _printf_n                                0x00000000   Number         0  stubs.o ABSOLUTE
    _printf_o                                0x00000000   Number         0  stubs.o ABSOLUTE
    _printf_p                                0x00000000   Number         0  stubs.o ABSOLUTE
    _printf_percent                          0x00000000   Number         0  stubs.o ABSOLUTE
    _printf_pre_padding                      0x00000000   Number         0  stubs.o ABSOLUTE
    _printf_return_value                     0x00000000   Number         0  stubs.o ABSOLUTE
    _printf_s                                0x00000000   Number         0  stubs.o ABSOLUTE
    _printf_sizespec                         0x00000000   Number         0  stubs.o ABSOLUTE
    _printf_str                              0x00000000   Number         0  stubs.o ABSOLUTE
    _printf_truncate_signed                  0x00000000   Number         0  stubs.o ABSOLUTE
    _printf_truncate_unsigned                0x00000000   Number         0  stubs.o ABSOLUTE
    _printf_u                                0x00000000   Number         0  stubs.o ABSOLUTE
    _printf_wc                               0x00000000   Number         0  stubs.o ABSOLUTE
    _printf_wctomb                           0x00000000   Number         0  stubs.o ABSOLUTE
    _printf_widthprec                        0x00000000   Number         0  stubs.o ABSOLUTE
    _printf_x                                0x00000000   Number         0  stubs.o ABSOLUTE
    __cpp_initialize__aeabi_                  - Undefined Weak Reference
    __cxa_finalize                            - Undefined Weak Reference
    __decompress                              - Undefined Weak Reference
    _clock_init                               - Undefined Weak Reference
    _microlib_exit                            - Undefined Weak Reference
    __Vectors_Size                           0x00000188   Number         0  startup_stm32f40_41xxx.o ABSOLUTE
    __Vectors                                0x08000000   Data           4  startup_stm32f40_41xxx.o(RESET)
    __Vectors_End                            0x08000188   Data           0  startup_stm32f40_41xxx.o(RESET)
    __main                                   0x08000189   Thumb Code     0  entry.o(.ARM.Collect$$$$00000000)
    _main_stk                                0x08000189   Thumb Code     0  entry2.o(.ARM.Collect$$$$00000001)
    _main_scatterload                        0x0800018d   Thumb Code     0  entry5.o(.ARM.Collect$$$$00000004)
    __main_after_scatterload                 0x08000191   Thumb Code     0  entry5.o(.ARM.Collect$$$$00000004)
    _main_clock                              0x08000191   Thumb Code     0  entry7b.o(.ARM.Collect$$$$00000008)
    _main_cpp_init                           0x08000191   Thumb Code     0  entry8b.o(.ARM.Collect$$$$0000000A)
    _main_init                               0x08000191   Thumb Code     0  entry9a.o(.ARM.Collect$$$$0000000B)
    __rt_final_cpp                           0x08000199   Thumb Code     0  entry10a.o(.ARM.Collect$$$$0000000D)
    __rt_final_exit                          0x08000199   Thumb Code     0  entry11a.o(.ARM.Collect$$$$0000000F)
    SVC_Handler                              0x0800019d   Thumb Code    28  port.o(.emb_text)
    __asm___6_port_c_39a90d8d__prvStartFirstTask 0x080001bd   Thumb Code    28  port.o(.emb_text)
    __asm___6_port_c_39a90d8d__prvEnableVFP  0x080001dd   Thumb Code    16  port.o(.emb_text)
    PendSV_Handler                           0x080001f1   Thumb Code    88  port.o(.emb_text)
    vPortGetIPSR                             0x0800024d   Thumb Code     6  port.o(.emb_text)
    Reset_Handler                            0x08000255   Thumb Code     8  startup_stm32f40_41xxx.o(.text)
    ADC_IRQHandler                           0x0800026f   Thumb Code     0  startup_stm32f40_41xxx.o(.text)
    CAN1_RX0_IRQHandler                      0x0800026f   Thumb Code     0  startup_stm32f40_41xxx.o(.text)
    CAN1_RX1_IRQHandler                      0x0800026f   Thumb Code     0  startup_stm32f40_41xxx.o(.text)
    CAN1_SCE_IRQHandler                      0x0800026f   Thumb Code     0  startup_stm32f40_41xxx.o(.text)
    CAN1_TX_IRQHandler                       0x0800026f   Thumb Code     0  startup_stm32f40_41xxx.o(.text)
    CAN2_RX0_IRQHandler                      0x0800026f   Thumb Code     0  startup_stm32f40_41xxx.o(.text)
    CAN2_RX1_IRQHandler                      0x0800026f   Thumb Code     0  startup_stm32f40_41xxx.o(.text)
    CAN2_SCE_IRQHandler                      0x0800026f   Thumb Code     0  startup_stm32f40_41xxx.o(.text)
    CAN2_TX_IRQHandler                       0x0800026f   Thumb Code     0  startup_stm32f40_41xxx.o(.text)
    CRYP_IRQHandler                          0x0800026f   Thumb Code     0  startup_stm32f40_41xxx.o(.text)
    DCMI_IRQHandler                          0x0800026f   Thumb Code     0  startup_stm32f40_41xxx.o(.text)
    DMA1_Stream0_IRQHandler                  0x0800026f   Thumb Code     0  startup_stm32f40_41xxx.o(.text)
    DMA1_Stream1_IRQHandler                  0x0800026f   Thumb Code     0  startup_stm32f40_41xxx.o(.text)
    DMA1_Stream2_IRQHandler                  0x0800026f   Thumb Code     0  startup_stm32f40_41xxx.o(.text)
    DMA1_Stream3_IRQHandler                  0x0800026f   Thumb Code     0  startup_stm32f40_41xxx.o(.text)
    DMA1_Stream4_IRQHandler                  0x0800026f   Thumb Code     0  startup_stm32f40_41xxx.o(.text)
    DMA1_Stream5_IRQHandler                  0x0800026f   Thumb Code     0  startup_stm32f40_41xxx.o(.text)
    DMA1_Stream6_IRQHandler                  0x0800026f   Thumb Code     0  startup_stm32f40_41xxx.o(.text)
    DMA1_Stream7_IRQHandler                  0x0800026f   Thumb Code     0  startup_stm32f40_41xxx.o(.text)
    DMA2_Stream0_IRQHandler                  0x0800026f   Thumb Code     0  startup_stm32f40_41xxx.o(.text)
    DMA2_Stream1_IRQHandler                  0x0800026f   Thumb Code     0  startup_stm32f40_41xxx.o(.text)
    DMA2_Stream2_IRQHandler                  0x0800026f   Thumb Code     0  startup_stm32f40_41xxx.o(.text)
    DMA2_Stream3_IRQHandler                  0x0800026f   Thumb Code     0  startup_stm32f40_41xxx.o(.text)
    DMA2_Stream4_IRQHandler                  0x0800026f   Thumb Code     0  startup_stm32f40_41xxx.o(.text)
    DMA2_Stream5_IRQHandler                  0x0800026f   Thumb Code     0  startup_stm32f40_41xxx.o(.text)
    DMA2_Stream6_IRQHandler                  0x0800026f   Thumb Code     0  startup_stm32f40_41xxx.o(.text)
    ETH_IRQHandler                           0x0800026f   Thumb Code     0  startup_stm32f40_41xxx.o(.text)
    ETH_WKUP_IRQHandler                      0x0800026f   Thumb Code     0  startup_stm32f40_41xxx.o(.text)
    EXTI0_IRQHandler                         0x0800026f   Thumb Code     0  startup_stm32f40_41xxx.o(.text)
    EXTI15_10_IRQHandler                     0x0800026f   Thumb Code     0  startup_stm32f40_41xxx.o(.text)
    EXTI1_IRQHandler                         0x0800026f   Thumb Code     0  startup_stm32f40_41xxx.o(.text)
    EXTI2_IRQHandler                         0x0800026f   Thumb Code     0  startup_stm32f40_41xxx.o(.text)
    EXTI3_IRQHandler                         0x0800026f   Thumb Code     0  startup_stm32f40_41xxx.o(.text)
    EXTI4_IRQHandler                         0x0800026f   Thumb Code     0  startup_stm32f40_41xxx.o(.text)
    EXTI9_5_IRQHandler                       0x0800026f   Thumb Code     0  startup_stm32f40_41xxx.o(.text)
    FLASH_IRQHandler                         0x0800026f   Thumb Code     0  startup_stm32f40_41xxx.o(.text)
    FPU_IRQHandler                           0x0800026f   Thumb Code     0  startup_stm32f40_41xxx.o(.text)
    FSMC_IRQHandler                          0x0800026f   Thumb Code     0  startup_stm32f40_41xxx.o(.text)
    HASH_RNG_IRQHandler                      0x0800026f   Thumb Code     0  startup_stm32f40_41xxx.o(.text)
    I2C1_ER_IRQHandler                       0x0800026f   Thumb Code     0  startup_stm32f40_41xxx.o(.text)
    I2C1_EV_IRQHandler                       0x0800026f   Thumb Code     0  startup_stm32f40_41xxx.o(.text)
    I2C2_ER_IRQHandler                       0x0800026f   Thumb Code     0  startup_stm32f40_41xxx.o(.text)
    I2C2_EV_IRQHandler                       0x0800026f   Thumb Code     0  startup_stm32f40_41xxx.o(.text)
    I2C3_ER_IRQHandler                       0x0800026f   Thumb Code     0  startup_stm32f40_41xxx.o(.text)
    I2C3_EV_IRQHandler                       0x0800026f   Thumb Code     0  startup_stm32f40_41xxx.o(.text)
    OTG_FS_IRQHandler                        0x0800026f   Thumb Code     0  startup_stm32f40_41xxx.o(.text)
    OTG_FS_WKUP_IRQHandler                   0x0800026f   Thumb Code     0  startup_stm32f40_41xxx.o(.text)
    OTG_HS_EP1_IN_IRQHandler                 0x0800026f   Thumb Code     0  startup_stm32f40_41xxx.o(.text)
    OTG_HS_EP1_OUT_IRQHandler                0x0800026f   Thumb Code     0  startup_stm32f40_41xxx.o(.text)
    OTG_HS_IRQHandler                        0x0800026f   Thumb Code     0  startup_stm32f40_41xxx.o(.text)
    OTG_HS_WKUP_IRQHandler                   0x0800026f   Thumb Code     0  startup_stm32f40_41xxx.o(.text)
    PVD_IRQHandler                           0x0800026f   Thumb Code     0  startup_stm32f40_41xxx.o(.text)
    RCC_IRQHandler                           0x0800026f   Thumb Code     0  startup_stm32f40_41xxx.o(.text)
    RTC_Alarm_IRQHandler                     0x0800026f   Thumb Code     0  startup_stm32f40_41xxx.o(.text)
    RTC_WKUP_IRQHandler                      0x0800026f   Thumb Code     0  startup_stm32f40_41xxx.o(.text)
    SDIO_IRQHandler                          0x0800026f   Thumb Code     0  startup_stm32f40_41xxx.o(.text)
    SPI1_IRQHandler                          0x0800026f   Thumb Code     0  startup_stm32f40_41xxx.o(.text)
    SPI2_IRQHandler                          0x0800026f   Thumb Code     0  startup_stm32f40_41xxx.o(.text)
    SPI3_IRQHandler                          0x0800026f   Thumb Code     0  startup_stm32f40_41xxx.o(.text)
    TAMP_STAMP_IRQHandler                    0x0800026f   Thumb Code     0  startup_stm32f40_41xxx.o(.text)
    TIM1_BRK_TIM9_IRQHandler                 0x0800026f   Thumb Code     0  startup_stm32f40_41xxx.o(.text)
    TIM1_CC_IRQHandler                       0x0800026f   Thumb Code     0  startup_stm32f40_41xxx.o(.text)
    TIM1_TRG_COM_TIM11_IRQHandler            0x0800026f   Thumb Code     0  startup_stm32f40_41xxx.o(.text)
    TIM1_UP_TIM10_IRQHandler                 0x0800026f   Thumb Code     0  startup_stm32f40_41xxx.o(.text)
    TIM2_IRQHandler                          0x0800026f   Thumb Code     0  startup_stm32f40_41xxx.o(.text)
    TIM3_IRQHandler                          0x0800026f   Thumb Code     0  startup_stm32f40_41xxx.o(.text)
    TIM4_IRQHandler                          0x0800026f   Thumb Code     0  startup_stm32f40_41xxx.o(.text)
    TIM5_IRQHandler                          0x0800026f   Thumb Code     0  startup_stm32f40_41xxx.o(.text)
    TIM6_DAC_IRQHandler                      0x0800026f   Thumb Code     0  startup_stm32f40_41xxx.o(.text)
    TIM7_IRQHandler                          0x0800026f   Thumb Code     0  startup_stm32f40_41xxx.o(.text)
    TIM8_BRK_TIM12_IRQHandler                0x0800026f   Thumb Code     0  startup_stm32f40_41xxx.o(.text)
    TIM8_CC_IRQHandler                       0x0800026f   Thumb Code     0  startup_stm32f40_41xxx.o(.text)
    TIM8_TRG_COM_TIM14_IRQHandler            0x0800026f   Thumb Code     0  startup_stm32f40_41xxx.o(.text)
    TIM8_UP_TIM13_IRQHandler                 0x0800026f   Thumb Code     0  startup_stm32f40_41xxx.o(.text)
    UART4_IRQHandler                         0x0800026f   Thumb Code     0  startup_stm32f40_41xxx.o(.text)
    UART5_IRQHandler                         0x0800026f   Thumb Code     0  startup_stm32f40_41xxx.o(.text)
    USART2_IRQHandler                        0x0800026f   Thumb Code     0  startup_stm32f40_41xxx.o(.text)
    USART3_IRQHandler                        0x0800026f   Thumb Code     0  startup_stm32f40_41xxx.o(.text)
    USART6_IRQHandler                        0x0800026f   Thumb Code     0  startup_stm32f40_41xxx.o(.text)
    WWDG_IRQHandler                          0x0800026f   Thumb Code     0  startup_stm32f40_41xxx.o(.text)
    __aeabi_memcpy                           0x08000279   Thumb Code    36  memcpya.o(.text)
    __aeabi_memcpy4                          0x08000279   Thumb Code     0  memcpya.o(.text)
    __aeabi_memcpy8                          0x08000279   Thumb Code     0  memcpya.o(.text)
    __aeabi_memset                           0x0800029d   Thumb Code    14  memseta.o(.text)
    __aeabi_memset4                          0x0800029d   Thumb Code     0  memseta.o(.text)
    __aeabi_memset8                          0x0800029d   Thumb Code     0  memseta.o(.text)
    __aeabi_memclr                           0x080002ab   Thumb Code     4  memseta.o(.text)
    __aeabi_memclr4                          0x080002ab   Thumb Code     0  memseta.o(.text)
    __aeabi_memclr8                          0x080002ab   Thumb Code     0  memseta.o(.text)
    _memset$wrapper                          0x080002af   Thumb Code    18  memseta.o(.text)
    __aeabi_f2d                              0x080002c1   Thumb Code    38  f2d.o(.text)
    __aeabi_uidiv                            0x080002e7   Thumb Code     0  uidiv.o(.text)
    __aeabi_uidivmod                         0x080002e7   Thumb Code    44  uidiv.o(.text)
    __aeabi_uldivmod                         0x08000313   Thumb Code    98  uldiv.o(.text)
    __I$use$fp                               0x08000375   Thumb Code     0  iusefp.o(.text)
    __aeabi_dadd                             0x08000375   Thumb Code   322  dadd.o(.text)
    __aeabi_dsub                             0x080004b7   Thumb Code     6  dadd.o(.text)
    __aeabi_drsub                            0x080004bd   Thumb Code     6  dadd.o(.text)
    __aeabi_dmul                             0x080004c3   Thumb Code   228  dmul.o(.text)
    __aeabi_ddiv                             0x080005a7   Thumb Code   222  ddiv.o(.text)
    __aeabi_d2ulz                            0x08000685   Thumb Code    48  dfixul.o(.text)
    __aeabi_cdrcmple                         0x080006b5   Thumb Code    38  cdrcmple.o(.text)
    __scatterload                            0x080006dd   Thumb Code    28  init.o(.text)
    __scatterload_rt2                        0x080006dd   Thumb Code     0  init.o(.text)
    __aeabi_llsl                             0x08000701   Thumb Code    30  llshl.o(.text)
    __semihosting_library_function           0x08000701   Thumb Code     0  semi.o(.text)
    _ll_shift_l                              0x08000701   Thumb Code     0  llshl.o(.text)
    __aeabi_llsr                             0x0800071f   Thumb Code    32  llushr.o(.text)
    _ll_ushift_r                             0x0800071f   Thumb Code     0  llushr.o(.text)
    __aeabi_lasr                             0x0800073f   Thumb Code    36  llsshr.o(.text)
    _ll_sshift_r                             0x0800073f   Thumb Code     0  llsshr.o(.text)
    __I$use$semihosting$fputc                0x08000763   Thumb Code     0  iusesemip.o(.text)
    _double_round                            0x08000763   Thumb Code    26  depilogue.o(.text)
    _double_epilogue                         0x0800077d   Thumb Code   164  depilogue.o(.text)
    BusFault_Handler                         0x08000821   Thumb Code     2  stm32f4xx_it.o(i.BusFault_Handler)
    DMA2_Stream7_IRQHandler                  0x08000825   Thumb Code    46  dma.o(i.DMA2_Stream7_IRQHandler)
    DMA_ClearITPendingBit                    0x08000861   Thumb Code    32  stm32f4xx_dma.o(i.DMA_ClearITPendingBit)
    DMA_Cmd                                  0x0800088d   Thumb Code    20  stm32f4xx_dma.o(i.DMA_Cmd)
    DMA_DeInit                               0x080008a1   Thumb Code   272  stm32f4xx_dma.o(i.DMA_DeInit)
    DMA_GetCurrDataCounter                   0x080009c5   Thumb Code     6  stm32f4xx_dma.o(i.DMA_GetCurrDataCounter)
    DMA_GetITStatus                          0x080009cd   Thumb Code    68  stm32f4xx_dma.o(i.DMA_GetITStatus)
    DMA_ITConfig                             0x08000a21   Thumb Code    52  stm32f4xx_dma.o(i.DMA_ITConfig)
    DMA_Init                                 0x08000a55   Thumb Code    80  stm32f4xx_dma.o(i.DMA_Init)
    DMA_SetCurrDataCounter                   0x08000aa9   Thumb Code     4  stm32f4xx_dma.o(i.DMA_SetCurrDataCounter)
    DebugMon_Handler                         0x08000aad   Thumb Code     2  stm32f4xx_it.o(i.DebugMon_Handler)
    GPIO_Init                                0x08000aaf   Thumb Code   162  stm32f4xx_gpio.o(i.GPIO_Init)
    GPIO_PinAFConfig                         0x08000b51   Thumb Code    32  stm32f4xx_gpio.o(i.GPIO_PinAFConfig)
    GPIO_ReadInputDataBit                    0x08000b71   Thumb Code    14  stm32f4xx_gpio.o(i.GPIO_ReadInputDataBit)
    GPIO_ResetBits                           0x08000b7f   Thumb Code     4  stm32f4xx_gpio.o(i.GPIO_ResetBits)
    GPIO_SetBits                             0x08000b83   Thumb Code     4  stm32f4xx_gpio.o(i.GPIO_SetBits)
    HardFault_Handler                        0x08000b87   Thumb Code     2  stm32f4xx_it.o(i.HardFault_Handler)
    MemManage_Handler                        0x08000b89   Thumb Code     2  stm32f4xx_it.o(i.MemManage_Handler)
    NMI_Handler                              0x08000b8b   Thumb Code     2  stm32f4xx_it.o(i.NMI_Handler)
    NVIC_Configuration                       0x08000b8d   Thumb Code    74  dma.o(i.NVIC_Configuration)
    NVIC_Init                                0x08000bd9   Thumb Code    92  misc.o(i.NVIC_Init)
    NVIC_PriorityGroupConfig                 0x08000c3d   Thumb Code    10  misc.o(i.NVIC_PriorityGroupConfig)
    NVIC_SetVectorTable                      0x08000c51   Thumb Code    12  misc.o(i.NVIC_SetVectorTable)
    RCC_AHB1PeriphClockCmd                   0x08000c65   Thumb Code    18  stm32f4xx_rcc.o(i.RCC_AHB1PeriphClockCmd)
    RCC_APB1PeriphResetCmd                   0x08000c7d   Thumb Code    18  stm32f4xx_rcc.o(i.RCC_APB1PeriphResetCmd)
    RCC_APB2PeriphClockCmd                   0x08000c95   Thumb Code    18  stm32f4xx_rcc.o(i.RCC_APB2PeriphClockCmd)
    RCC_APB2PeriphResetCmd                   0x08000cad   Thumb Code    18  stm32f4xx_rcc.o(i.RCC_APB2PeriphResetCmd)
    RCC_GetClocksFreq                        0x08000cc5   Thumb Code   132  stm32f4xx_rcc.o(i.RCC_GetClocksFreq)
    SysTick_Handler                          0x08000e0d   Thumb Code    38  port.o(i.SysTick_Handler)
    SystemInit                               0x08000e39   Thumb Code    74  system_stm32f4xx.o(i.SystemInit)
    TIM_Cmd                                  0x08000e95   Thumb Code    20  stm32f4xx_tim.o(i.TIM_Cmd)
    TIM_CtrlPWMOutputs                       0x08000ea9   Thumb Code    22  stm32f4xx_tim.o(i.TIM_CtrlPWMOutputs)
    TIM_OC1Init                              0x08000ec1   Thumb Code    88  stm32f4xx_tim.o(i.TIM_OC1Init)
    TIM_OC2Init                              0x08000f21   Thumb Code   120  stm32f4xx_tim.o(i.TIM_OC2Init)
    TIM_SetCompare1                          0x08000fa1   Thumb Code     4  stm32f4xx_tim.o(i.TIM_SetCompare1)
    TIM_SetCompare2                          0x08000fa5   Thumb Code     4  stm32f4xx_tim.o(i.TIM_SetCompare2)
    TIM_TimeBaseInit                         0x08000fa9   Thumb Code    96  stm32f4xx_tim.o(i.TIM_TimeBaseInit)
    USART1_IRQHandler                        0x08001025   Thumb Code    98  usart.o(i.USART1_IRQHandler)
    USART_ClearITPendingBit                  0x08001099   Thumb Code    12  stm32f4xx_usart.o(i.USART_ClearITPendingBit)
    USART_ClockInit                          0x080010a5   Thumb Code    28  stm32f4xx_usart.o(i.USART_ClockInit)
    USART_ClockStructInit                    0x080010c1   Thumb Code    12  stm32f4xx_usart.o(i.USART_ClockStructInit)
    USART_Cmd                                0x080010cd   Thumb Code    20  stm32f4xx_usart.o(i.USART_Cmd)
    USART_DMACmd                             0x080010e1   Thumb Code    16  stm32f4xx_usart.o(i.USART_DMACmd)
    USART_DeInit                             0x080010f1   Thumb Code   138  stm32f4xx_usart.o(i.USART_DeInit)
    USART_GetITStatus                        0x0800119d   Thumb Code    62  stm32f4xx_usart.o(i.USART_GetITStatus)
    USART_ITConfig                           0x080011db   Thumb Code    48  stm32f4xx_usart.o(i.USART_ITConfig)
    USART_Init                               0x0800120d   Thumb Code   174  stm32f4xx_usart.o(i.USART_Init)
    USART_StructInit                         0x080012c5   Thumb Code    22  stm32f4xx_usart.o(i.USART_StructInit)
    UsageFault_Handler                       0x080012db   Thumb Code     2  stm32f4xx_it.o(i.UsageFault_Handler)
    __0printf                                0x080012dd   Thumb Code    22  printfa.o(i.__0printf)
    __1printf                                0x080012dd   Thumb Code     0  printfa.o(i.__0printf)
    __2printf                                0x080012dd   Thumb Code     0  printfa.o(i.__0printf)
    __c89printf                              0x080012dd   Thumb Code     0  printfa.o(i.__0printf)
    printf                                   0x080012dd   Thumb Code     0  printfa.o(i.__0printf)
    __0sprintf                               0x080012fd   Thumb Code    34  printfa.o(i.__0sprintf)
    __1sprintf                               0x080012fd   Thumb Code     0  printfa.o(i.__0sprintf)
    __2sprintf                               0x080012fd   Thumb Code     0  printfa.o(i.__0sprintf)
    __c89sprintf                             0x080012fd   Thumb Code     0  printfa.o(i.__0sprintf)
    sprintf                                  0x080012fd   Thumb Code     0  printfa.o(i.__0sprintf)
    __ARM_fpclassifyf                        0x08001325   Thumb Code    38  fpclassifyf.o(i.__ARM_fpclassifyf)
    __hardfp_sinf                            0x0800134d   Thumb Code   314  sinf.o(i.__hardfp_sinf)
    __mathlib_flt_underflow                  0x080014c5   Thumb Code    10  funder.o(i.__mathlib_flt_underflow)
    __mathlib_rredf2                         0x080014d5   Thumb Code   296  rredf.o(i.__mathlib_rredf2)
    __scatterload_copy                       0x08001615   Thumb Code    14  handlers.o(i.__scatterload_copy)
    __scatterload_null                       0x08001623   Thumb Code     2  handlers.o(i.__scatterload_null)
    __scatterload_zeroinit                   0x08001625   Thumb Code    14  handlers.o(i.__scatterload_zeroinit)
    __set_errno                              0x08001635   Thumb Code     6  errno.o(i.__set_errno)
    dmaConfig                                0x08001fa1   Thumb Code   172  dma.o(i.dmaConfig)
    fputc                                    0x08002061   Thumb Code    18  fputc.o(i.fputc)
    keyGPIOConfig                            0x08002075   Thumb Code    38  key.o(i.keyGPIOConfig)
    keyValueGet                              0x080020a1   Thumb Code   140  key.o(i.keyValueGet)
    lcdGPIOConfig                            0x08002131   Thumb Code    36  lcd.o(i.lcdGPIOConfig)
    lcdInit                                  0x08002159   Thumb Code    44  lcd.o(i.lcdInit)
    lcdShowNumber                            0x08002189   Thumb Code   128  lcd.o(i.lcdShowNumber)
    lcdShowString                            0x08002221   Thumb Code    30  lcd.o(i.lcdShowString)
    lcdShowTask                              0x08002241   Thumb Code   134  main.o(i.lcdShowTask)
    ledBlinkTask                             0x08002309   Thumb Code   124  main.o(i.ledBlinkTask)
    ledGPIOConfig                            0x08002395   Thumb Code    90  led.o(i.ledGPIOConfig)
    main                                     0x080023f5   Thumb Code    84  main.o(i.main)
    pvPortMalloc                             0x08002d11   Thumb Code   214  heap_4.o(i.pvPortMalloc)
    pvTaskIncrementMutexHeldCount            0x08002e19   Thumb Code    18  tasks.o(i.pvTaskIncrementMutexHeldCount)
    pwmConfig                                0x08002e31   Thumb Code   138  timer.o(i.pwmConfig)
    pxPortInitialiseStack                    0x08002ec5   Thumb Code    40  port.o(i.pxPortInitialiseStack)
    usartConfig                              0x08002ef1   Thumb Code   216  usart.o(i.usartConfig)
    uxListRemove                             0x08002fd1   Thumb Code    36  list.o(i.uxListRemove)
    vListInitialise                          0x08002ff5   Thumb Code    22  list.o(i.vListInitialise)
    vListInitialiseItem                      0x0800300b   Thumb Code     6  list.o(i.vListInitialiseItem)
    vListInsert                              0x08003011   Thumb Code    48  list.o(i.vListInsert)
    vListInsertEnd                           0x08003041   Thumb Code    24  list.o(i.vListInsertEnd)
    vPortEnterCritical                       0x08003059   Thumb Code    50  port.o(i.vPortEnterCritical)
    vPortExitCritical                        0x080030bd   Thumb Code    34  port.o(i.vPortExitCritical)
    vPortFree                                0x0800310d   Thumb Code    94  heap_4.o(i.vPortFree)
    vPortSetupTimerInterrupt                 0x0800319d   Thumb Code    26  port.o(i.vPortSetupTimerInterrupt)
    vPortValidateInterruptPriority           0x080031bd   Thumb Code    72  port.o(i.vPortValidateInterruptPriority)
    vQueueAddToRegistry                      0x08003235   Thumb Code    34  queue.o(i.vQueueAddToRegistry)
    vQueueWaitForMessageRestricted           0x0800325d   Thumb Code    70  queue.o(i.vQueueWaitForMessageRestricted)
    vTaskDelay                               0x080032a5   Thumb Code    62  tasks.o(i.vTaskDelay)
    vTaskMissedYield                         0x08003315   Thumb Code     8  tasks.o(i.vTaskMissedYield)
    vTaskPlaceOnEventList                    0x08003321   Thumb Code    44  tasks.o(i.vTaskPlaceOnEventList)
    vTaskPlaceOnEventListRestricted          0x08003379   Thumb Code    52  tasks.o(i.vTaskPlaceOnEventListRestricted)
    vTaskPriorityInherit                     0x080033d9   Thumb Code   124  tasks.o(i.vTaskPriorityInherit)
    vTaskSetTimeOutState                     0x0800345d   Thumb Code    30  tasks.o(i.vTaskSetTimeOutState)
    vTaskStartScheduler                      0x080034a9   Thumb Code    96  tasks.o(i.vTaskStartScheduler)
    vTaskSuspendAll                          0x08003541   Thumb Code    10  tasks.o(i.vTaskSuspendAll)
    vTaskSwitchContext                       0x08003551   Thumb Code    80  tasks.o(i.vTaskSwitchContext)
    xPortStartScheduler                      0x080035d1   Thumb Code   194  port.o(i.xPortStartScheduler)
    xQueueGenericCreate                      0x080036d1   Thumb Code    82  queue.o(i.xQueueGenericCreate)
    xQueueGenericReceive                     0x0800374d   Thumb Code   348  queue.o(i.xQueueGenericReceive)
    xQueueGenericReset                       0x080038d5   Thumb Code   128  queue.o(i.xQueueGenericReset)
    xQueueGenericSend                        0x08003981   Thumb Code   344  queue.o(i.xQueueGenericSend)
    xQueueGenericSendFromISR                 0x08003b05   Thumb Code   190  queue.o(i.xQueueGenericSendFromISR)
    xTaskCheckForTimeOut                     0x08003bed   Thumb Code    94  tasks.o(i.xTaskCheckForTimeOut)
    xTaskCreate                              0x08003c79   Thumb Code    86  tasks.o(i.xTaskCreate)
    xTaskGetSchedulerState                   0x08003cd1   Thumb Code    22  tasks.o(i.xTaskGetSchedulerState)
    xTaskGetTickCount                        0x08003ced   Thumb Code     6  tasks.o(i.xTaskGetTickCount)
    xTaskIncrementTick                       0x08003cf9   Thumb Code   188  tasks.o(i.xTaskIncrementTick)
    xTaskPriorityDisinherit                  0x08003de5   Thumb Code   136  tasks.o(i.xTaskPriorityDisinherit)
    xTaskRemoveFromEventList                 0x08003e9d   Thumb Code   102  tasks.o(i.xTaskRemoveFromEventList)
    xTaskResumeAll                           0x08003f39   Thumb Code   182  tasks.o(i.xTaskResumeAll)
    xTimerCreateTimerTask                    0x08004025   Thumb Code    58  timers.o(i.xTimerCreateTimerTask)
    xTimerGenericCommand                     0x0800409d   Thumb Code    98  timers.o(i.xTimerGenericCommand)
    Region$$Table$$Base                      0x08004150   Number         0  anon$$obj.o(Region$$Table)
    Region$$Table$$Limit                     0x08004170   Number         0  anon$$obj.o(Region$$Table)
    LedBlinkTaskHandle                       0x20000000   Data           4  main.o(.data)
    LcdShowTaskHandle                        0x20000004   Data           4  main.o(.data)
    IsDmaRcvEnd                              0x20000008   Data           1  usart.o(.data)
    UsartSendDataLen                         0x2000000a   Data           2  usart.o(.data)
    IsDmaSendEnd                             0x2000000c   Data           1  dma.o(.data)
    SystemCoreClock                          0x20000020   Data           4  system_stm32f4xx.o(.data)
    AHBPrescTable                            0x20000024   Data          16  system_stm32f4xx.o(.data)
    pxCurrentTCB                             0x20000058   Data           4  tasks.o(.data)
    __stdout                                 0x200000a8   Data           4  stdout.o(.data)
    UsartRcvMsg                              0x200000b0   Data        1024  dma.o(.bss)
    UsartSendMsg                             0x200004b0   Data        1024  dma.o(.bss)
    xQueueRegistry                           0x200058b0   Data          64  queue.o(.bss)
    __initial_sp                             0x20006000   Data           0  startup_stm32f40_41xxx.o(STACK)



==============================================================================

Memory Map of the image

  Image Entry point : 0x08000189

  Load Region LR_IROM1 (Base: 0x08000000, Size: 0x00004220, Max: 0x00080000, ABSOLUTE)

    Execution Region ER_IROM1 (Base: 0x08000000, Size: 0x00004170, Max: 0x00080000, ABSOLUTE)

    Base Addr    Size         Type   Attr      Idx    E Section Name        Object

    0x08000000   0x00000188   Data   RO          640    RESET               startup_stm32f40_41xxx.o
    0x08000188   0x00000000   Code   RO         3186  * .ARM.Collect$$$$00000000  mc_w.l(entry.o)
    0x08000188   0x00000004   Code   RO         3469    .ARM.Collect$$$$00000001  mc_w.l(entry2.o)
    0x0800018c   0x00000004   Code   RO         3472    .ARM.Collect$$$$00000004  mc_w.l(entry5.o)
    0x08000190   0x00000000   Code   RO         3474    .ARM.Collect$$$$00000008  mc_w.l(entry7b.o)
    0x08000190   0x00000000   Code   RO         3476    .ARM.Collect$$$$0000000A  mc_w.l(entry8b.o)
    0x08000190   0x00000008   Code   RO         3477    .ARM.Collect$$$$0000000B  mc_w.l(entry9a.o)
    0x08000198   0x00000000   Code   RO         3479    .ARM.Collect$$$$0000000D  mc_w.l(entry10a.o)
    0x08000198   0x00000000   Code   RO         3481    .ARM.Collect$$$$0000000F  mc_w.l(entry11a.o)
    0x08000198   0x00000004   Code   RO         3470    .ARM.Collect$$$$00002712  mc_w.l(entry2.o)
    0x0800019c   0x000000b6   Code   RO         2391    .emb_text           port.o
    0x08000252   0x00000002   PAD
    0x08000254   0x00000024   Code   RO          641    .text               startup_stm32f40_41xxx.o
    0x08000278   0x00000024   Code   RO         3189    .text               mc_w.l(memcpya.o)
    0x0800029c   0x00000024   Code   RO         3191    .text               mc_w.l(memseta.o)
    0x080002c0   0x00000026   Code   RO         3460    .text               mf_w.l(f2d.o)
    0x080002e6   0x0000002c   Code   RO         3486    .text               mc_w.l(uidiv.o)
    0x08000312   0x00000062   Code   RO         3488    .text               mc_w.l(uldiv.o)
    0x08000374   0x00000000   Code   RO         3497    .text               mc_w.l(iusefp.o)
    0x08000374   0x0000014e   Code   RO         3498    .text               mf_w.l(dadd.o)
    0x080004c2   0x000000e4   Code   RO         3500    .text               mf_w.l(dmul.o)
    0x080005a6   0x000000de   Code   RO         3502    .text               mf_w.l(ddiv.o)
    0x08000684   0x00000030   Code   RO         3504    .text               mf_w.l(dfixul.o)
    0x080006b4   0x00000028   Code   RO         3506    .text               mf_w.l(cdrcmple.o)
    0x080006dc   0x00000024   Code   RO         3508    .text               mc_w.l(init.o)
    0x08000700   0x00000000   Code   RO         3510    .text               mc_w.l(semi.o)
    0x08000700   0x0000001e   Code   RO         3511    .text               mc_w.l(llshl.o)
    0x0800071e   0x00000020   Code   RO         3513    .text               mc_w.l(llushr.o)
    0x0800073e   0x00000024   Code   RO         3515    .text               mc_w.l(llsshr.o)
    0x08000762   0x00000000   Code   RO         3517    .text               mc_w.l(iusesemip.o)
    0x08000762   0x000000be   Code   RO         3518    .text               mf_w.l(depilogue.o)
    0x08000820   0x00000002   Code   RO          136    i.BusFault_Handler  stm32f4xx_it.o
    0x08000822   0x00000002   PAD
    0x08000824   0x0000003c   Code   RO          574    i.DMA2_Stream7_IRQHandler  dma.o
    0x08000860   0x0000002c   Code   RO         1412    i.DMA_ClearITPendingBit  stm32f4xx_dma.o
    0x0800088c   0x00000014   Code   RO         1413    i.DMA_Cmd           stm32f4xx_dma.o
    0x080008a0   0x00000124   Code   RO         1414    i.DMA_DeInit        stm32f4xx_dma.o
    0x080009c4   0x00000006   Code   RO         1419    i.DMA_GetCurrDataCounter  stm32f4xx_dma.o
    0x080009ca   0x00000002   PAD
    0x080009cc   0x00000054   Code   RO         1423    i.DMA_GetITStatus   stm32f4xx_dma.o
    0x08000a20   0x00000034   Code   RO         1424    i.DMA_ITConfig      stm32f4xx_dma.o
    0x08000a54   0x00000054   Code   RO         1425    i.DMA_Init          stm32f4xx_dma.o
    0x08000aa8   0x00000004   Code   RO         1428    i.DMA_SetCurrDataCounter  stm32f4xx_dma.o
    0x08000aac   0x00000002   Code   RO          137    i.DebugMon_Handler  stm32f4xx_it.o
    0x08000aae   0x000000a2   Code   RO          698    i.GPIO_Init         stm32f4xx_gpio.o
    0x08000b50   0x00000020   Code   RO          699    i.GPIO_PinAFConfig  stm32f4xx_gpio.o
    0x08000b70   0x0000000e   Code   RO          702    i.GPIO_ReadInputDataBit  stm32f4xx_gpio.o
    0x08000b7e   0x00000004   Code   RO          705    i.GPIO_ResetBits    stm32f4xx_gpio.o
    0x08000b82   0x00000004   Code   RO          706    i.GPIO_SetBits      stm32f4xx_gpio.o
    0x08000b86   0x00000002   Code   RO          138    i.HardFault_Handler  stm32f4xx_it.o
    0x08000b88   0x00000002   Code   RO          139    i.MemManage_Handler  stm32f4xx_it.o
    0x08000b8a   0x00000002   Code   RO          140    i.NMI_Handler       stm32f4xx_it.o
    0x08000b8c   0x0000004a   Code   RO          575    i.NVIC_Configuration  dma.o
    0x08000bd6   0x00000002   PAD
    0x08000bd8   0x00000064   Code   RO         1179    i.NVIC_Init         misc.o
    0x08000c3c   0x00000014   Code   RO         1180    i.NVIC_PriorityGroupConfig  misc.o
    0x08000c50   0x00000014   Code   RO         1181    i.NVIC_SetVectorTable  misc.o
    0x08000c64   0x00000018   Code   RO          795    i.RCC_AHB1PeriphClockCmd  stm32f4xx_rcc.o
    0x08000c7c   0x00000018   Code   RO          806    i.RCC_APB1PeriphResetCmd  stm32f4xx_rcc.o
    0x08000c94   0x00000018   Code   RO          807    i.RCC_APB2PeriphClockCmd  stm32f4xx_rcc.o
    0x08000cac   0x00000018   Code   RO          809    i.RCC_APB2PeriphResetCmd  stm32f4xx_rcc.o
    0x08000cc4   0x00000094   Code   RO          816    i.RCC_GetClocksFreq  stm32f4xx_rcc.o
    0x08000d58   0x000000b4   Code   RO         2249    i.SetSysClock       system_stm32f4xx.o
    0x08000e0c   0x0000002c   Code   RO         2392    i.SysTick_Handler   port.o
    0x08000e38   0x0000005c   Code   RO         2251    i.SystemInit        system_stm32f4xx.o
    0x08000e94   0x00000014   Code   RO         1716    i.TIM_Cmd           stm32f4xx_tim.o
    0x08000ea8   0x00000016   Code   RO         1718    i.TIM_CtrlPWMOutputs  stm32f4xx_tim.o
    0x08000ebe   0x00000002   PAD
    0x08000ec0   0x00000060   Code   RO         1745    i.TIM_OC1Init       stm32f4xx_tim.o
    0x08000f20   0x00000080   Code   RO         1750    i.TIM_OC2Init       stm32f4xx_tim.o
    0x08000fa0   0x00000004   Code   RO         1778    i.TIM_SetCompare1   stm32f4xx_tim.o
    0x08000fa4   0x00000004   Code   RO         1779    i.TIM_SetCompare2   stm32f4xx_tim.o
    0x08000fa8   0x0000007c   Code   RO         1788    i.TIM_TimeBaseInit  stm32f4xx_tim.o
    0x08001024   0x00000074   Code   RO          533    i.USART1_IRQHandler  usart.o
    0x08001098   0x0000000c   Code   RO         1224    i.USART_ClearITPendingBit  stm32f4xx_usart.o
    0x080010a4   0x0000001c   Code   RO         1225    i.USART_ClockInit   stm32f4xx_usart.o
    0x080010c0   0x0000000c   Code   RO         1226    i.USART_ClockStructInit  stm32f4xx_usart.o
    0x080010cc   0x00000014   Code   RO         1227    i.USART_Cmd         stm32f4xx_usart.o
    0x080010e0   0x00000010   Code   RO         1228    i.USART_DMACmd      stm32f4xx_usart.o
    0x080010f0   0x000000ac   Code   RO         1229    i.USART_DeInit      stm32f4xx_usart.o
    0x0800119c   0x0000003e   Code   RO         1231    i.USART_GetITStatus  stm32f4xx_usart.o
    0x080011da   0x00000030   Code   RO         1233    i.USART_ITConfig    stm32f4xx_usart.o
    0x0800120a   0x00000002   PAD
    0x0800120c   0x000000b8   Code   RO         1234    i.USART_Init        stm32f4xx_usart.o
    0x080012c4   0x00000016   Code   RO         1250    i.USART_StructInit  stm32f4xx_usart.o
    0x080012da   0x00000002   Code   RO          141    i.UsageFault_Handler  stm32f4xx_it.o
    0x080012dc   0x00000020   Code   RO         3432    i.__0printf         mc_w.l(printfa.o)
    0x080012fc   0x00000028   Code   RO         3434    i.__0sprintf        mc_w.l(printfa.o)
    0x08001324   0x00000026   Code   RO         3462    i.__ARM_fpclassifyf  m_wm.l(fpclassifyf.o)
    0x0800134a   0x00000002   PAD
    0x0800134c   0x00000178   Code   RO         3174    i.__hardfp_sinf     m_wm.l(sinf.o)
    0x080014c4   0x00000010   Code   RO         3464    i.__mathlib_flt_underflow  m_wm.l(funder.o)
    0x080014d4   0x00000140   Code   RO         3466    i.__mathlib_rredf2  m_wm.l(rredf.o)
    0x08001614   0x0000000e   Code   RO         3522    i.__scatterload_copy  mc_w.l(handlers.o)
    0x08001622   0x00000002   Code   RO         3523    i.__scatterload_null  mc_w.l(handlers.o)
    0x08001624   0x0000000e   Code   RO         3524    i.__scatterload_zeroinit  mc_w.l(handlers.o)
    0x08001632   0x00000002   PAD
    0x08001634   0x0000000c   Code   RO         3492    i.__set_errno       mc_w.l(errno.o)
    0x08001640   0x0000015c   Code   RO         3439    i._fp_digits        mc_w.l(printfa.o)
    0x0800179c   0x000006f0   Code   RO         3440    i._printf_core      mc_w.l(printfa.o)
    0x08001e8c   0x00000026   Code   RO         3441    i._printf_post_padding  mc_w.l(printfa.o)
    0x08001eb2   0x00000030   Code   RO         3442    i._printf_pre_padding  mc_w.l(printfa.o)
    0x08001ee2   0x0000000a   Code   RO         3444    i._sputc            mc_w.l(printfa.o)
    0x08001eec   0x0000004c   Code   RO          472    i.byteSend          lcd.o
    0x08001f38   0x00000034   Code   RO          473    i.cmdSend           lcd.o
    0x08001f6c   0x00000034   Code   RO          474    i.dataSend          lcd.o
    0x08001fa0   0x000000c0   Code   RO          576    i.dmaConfig         dma.o
    0x08002060   0x00000012   Code   RO         3483    i.fputc             mc_w.l(fputc.o)
    0x08002072   0x00000002   PAD
    0x08002074   0x0000002c   Code   RO          419    i.keyGPIOConfig     key.o
    0x080020a0   0x00000090   Code   RO          420    i.keyValueGet       key.o
    0x08002130   0x00000028   Code   RO          475    i.lcdGPIOConfig     lcd.o
    0x08002158   0x00000030   Code   RO          476    i.lcdInit           lcd.o
    0x08002188   0x00000098   Code   RO          477    i.lcdShowNumber     lcd.o
    0x08002220   0x0000001e   Code   RO          478    i.lcdShowString     lcd.o
    0x0800223e   0x00000002   PAD
    0x08002240   0x000000c8   Code   RO          189    i.lcdShowTask       main.o
    0x08002308   0x0000008c   Code   RO          190    i.ledBlinkTask      main.o
    0x08002394   0x00000060   Code   RO          388    i.ledGPIOConfig     led.o
    0x080023f4   0x0000007c   Code   RO          191    i.main              main.o
    0x08002470   0x00000070   Code   RO         2702    i.prvAddCurrentTaskToDelayedList  tasks.o
    0x080024e0   0x000000d0   Code   RO         2703    i.prvAddNewTaskToReadyList  tasks.o
    0x080025b0   0x00000050   Code   RO         3054    i.prvCheckForValidListAndQueue  timers.o
    0x08002600   0x00000050   Code   RO         2704    i.prvCheckTasksWaitingTermination  tasks.o
    0x08002650   0x00000026   Code   RO         2469    i.prvCopyDataFromQueue  queue.o
    0x08002676   0x0000006c   Code   RO         2470    i.prvCopyDataToQueue  queue.o
    0x080026e2   0x00000014   Code   RO         2705    i.prvDeleteTCB      tasks.o
    0x080026f6   0x00000002   PAD
    0x080026f8   0x0000004c   Code   RO         2297    i.prvHeapInit       heap_4.o
    0x08002744   0x00000028   Code   RO         2706    i.prvIdleTask       tasks.o
    0x0800276c   0x000000c4   Code   RO         2707    i.prvInitialiseNewTask  tasks.o
    0x08002830   0x0000004c   Code   RO         2298    i.prvInsertBlockIntoFreeList  heap_4.o
    0x0800287c   0x00000038   Code   RO         3055    i.prvInsertTimerInActiveList  timers.o
    0x080028b4   0x0000001c   Code   RO         2471    i.prvIsQueueEmpty   queue.o
    0x080028d0   0x00000094   Code   RO         2472    i.prvNotifyQueueSetContainer  queue.o
    0x08002964   0x00000084   Code   RO         3056    i.prvProcessExpiredTimer  timers.o
    0x080029e8   0x000000f4   Code   RO         3057    i.prvProcessReceivedCommands  timers.o
    0x08002adc   0x0000006c   Code   RO         3058    i.prvProcessTimerOrBlockTask  timers.o
    0x08002b48   0x00000020   Code   RO         2709    i.prvResetNextTaskUnblockTime  tasks.o
    0x08002b68   0x00000028   Code   RO         3059    i.prvSampleTimeNow  timers.o
    0x08002b90   0x00000094   Code   RO         3060    i.prvSwitchTimerLists  timers.o
    0x08002c24   0x00000050   Code   RO         2393    i.prvTaskExitError  port.o
    0x08002c74   0x00000024   Code   RO         3061    i.prvTimerTask      timers.o
    0x08002c98   0x00000078   Code   RO         2473    i.prvUnlockQueue    queue.o
    0x08002d10   0x00000108   Code   RO         2299    i.pvPortMalloc      heap_4.o
    0x08002e18   0x00000018   Code   RO         2711    i.pvTaskIncrementMutexHeldCount  tasks.o
    0x08002e30   0x00000094   Code   RO          617    i.pwmConfig         timer.o
    0x08002ec4   0x0000002c   Code   RO         2394    i.pxPortInitialiseStack  port.o
    0x08002ef0   0x000000e0   Code   RO          534    i.usartConfig       usart.o
    0x08002fd0   0x00000024   Code   RO         2355    i.uxListRemove      list.o
    0x08002ff4   0x00000016   Code   RO         2356    i.vListInitialise   list.o
    0x0800300a   0x00000006   Code   RO         2357    i.vListInitialiseItem  list.o
    0x08003010   0x00000030   Code   RO         2358    i.vListInsert       list.o
    0x08003040   0x00000018   Code   RO         2359    i.vListInsertEnd    list.o
    0x08003058   0x00000064   Code   RO         2396    i.vPortEnterCritical  port.o
    0x080030bc   0x00000050   Code   RO         2397    i.vPortExitCritical  port.o
    0x0800310c   0x00000090   Code   RO         2300    i.vPortFree         heap_4.o
    0x0800319c   0x00000020   Code   RO         2398    i.vPortSetupTimerInterrupt  port.o
    0x080031bc   0x00000078   Code   RO         2399    i.vPortValidateInterruptPriority  port.o
    0x08003234   0x00000028   Code   RO         2479    i.vQueueAddToRegistry  queue.o
    0x0800325c   0x00000046   Code   RO         2483    i.vQueueWaitForMessageRestricted  queue.o
    0x080032a2   0x00000002   PAD
    0x080032a4   0x00000070   Code   RO         2719    i.vTaskDelay        tasks.o
    0x08003314   0x0000000c   Code   RO         2725    i.vTaskMissedYield  tasks.o
    0x08003320   0x00000058   Code   RO         2727    i.vTaskPlaceOnEventList  tasks.o
    0x08003378   0x00000060   Code   RO         2728    i.vTaskPlaceOnEventListRestricted  tasks.o
    0x080033d8   0x00000084   Code   RO         2730    i.vTaskPriorityInherit  tasks.o
    0x0800345c   0x0000004c   Code   RO         2734    i.vTaskSetTimeOutState  tasks.o
    0x080034a8   0x00000098   Code   RO         2735    i.vTaskStartScheduler  tasks.o
    0x08003540   0x00000010   Code   RO         2737    i.vTaskSuspendAll   tasks.o
    0x08003550   0x00000080   Code   RO         2738    i.vTaskSwitchContext  tasks.o
    0x080035d0   0x00000100   Code   RO         2400    i.xPortStartScheduler  port.o
    0x080036d0   0x0000007c   Code   RO         2488    i.xQueueGenericCreate  queue.o
    0x0800374c   0x00000188   Code   RO         2489    i.xQueueGenericReceive  queue.o
    0x080038d4   0x000000ac   Code   RO         2490    i.xQueueGenericReset  queue.o
    0x08003980   0x00000184   Code   RO         2491    i.xQueueGenericSend  queue.o
    0x08003b04   0x000000e8   Code   RO         2492    i.xQueueGenericSendFromISR  queue.o
    0x08003bec   0x0000008c   Code   RO         2739    i.xTaskCheckForTimeOut  tasks.o
    0x08003c78   0x00000056   Code   RO         2740    i.xTaskCreate       tasks.o
    0x08003cce   0x00000002   PAD
    0x08003cd0   0x0000001c   Code   RO         2744    i.xTaskGetSchedulerState  tasks.o
    0x08003cec   0x0000000c   Code   RO         2745    i.xTaskGetTickCount  tasks.o
    0x08003cf8   0x000000ec   Code   RO         2747    i.xTaskIncrementTick  tasks.o
    0x08003de4   0x000000b8   Code   RO         2750    i.xTaskPriorityDisinherit  tasks.o
    0x08003e9c   0x0000009c   Code   RO         2751    i.xTaskRemoveFromEventList  tasks.o
    0x08003f38   0x000000ec   Code   RO         2753    i.xTaskResumeAll    tasks.o
    0x08004024   0x00000078   Code   RO         3065    i.xTimerCreateTimerTask  timers.o
    0x0800409c   0x00000094   Code   RO         3066    i.xTimerGenericCommand  timers.o
    0x08004130   0x00000020   Data   RO         3467    .constdata          m_wm.l(rredf.o)
    0x08004150   0x00000020   Data   RO         3520    Region$$Table       anon$$obj.o


    Execution Region RW_IRAM1 (Base: 0x20000000, Size: 0x00006000, Max: 0x00020000, ABSOLUTE)

    Base Addr    Size         Type   Attr      Idx    E Section Name        Object

    0x20000000   0x00000008   Data   RW          192    .data               main.o
    0x20000008   0x00000004   Data   RW          535    .data               usart.o
    0x2000000c   0x00000001   Data   RW          578    .data               dma.o
    0x2000000d   0x00000010   Data   RW          847    .data               stm32f4xx_rcc.o
    0x2000001d   0x00000003   PAD
    0x20000020   0x00000014   Data   RW         2252    .data               system_stm32f4xx.o
    0x20000034   0x00000018   Data   RW         2305    .data               heap_4.o
    0x2000004c   0x0000000c   Data   RW         2401    .data               port.o
    0x20000058   0x0000003c   Data   RW         2756    .data               tasks.o
    0x20000094   0x00000014   Data   RW         3074    .data               timers.o
    0x200000a8   0x00000004   Data   RW         3485    .data               mc_w.l(stdout.o)
    0x200000ac   0x00000004   Data   RW         3493    .data               mc_w.l(errno.o)
    0x200000b0   0x00000800   Zero   RW          577    .bss                dma.o
    0x200008b0   0x00005000   Zero   RW         2304    .bss                heap_4.o
    0x200058b0   0x00000040   Zero   RW         2503    .bss                queue.o
    0x200058f0   0x000002e4   Zero   RW         2755    .bss                tasks.o
    0x20005bd4   0x00000028   Zero   RW         3073    .bss                timers.o
    0x20005bfc   0x00000004   PAD
    0x20005c00   0x00000400   Zero   RW          638    STACK               startup_stm32f40_41xxx.o


==============================================================================

Image component sizes


      Code (inc. data)   RO Data    RW Data    ZI Data      Debug   Object Name

       326         34          0          1       2048      28570   dma.o
       560        114          0         24      20480       4559   heap_4.o
       188         10          0          0          0      10722   key.o
       450         46          0          0          0       3802   lcd.o
        96          6          0          0          0        476   led.o
       136          0          0          0          0       2650   list.o
       464        122          0          8          0     243699   main.o
       140         26          0          0          0       1949   misc.o
       938        282          0         12          0       9517   port.o
      1860        262          0          0         64      20645   queue.o
        36          8        392          0       1024        916   startup_stm32f40_41xxx.o
         0          0          0          0          0     293316   stm32f4xx_assert.o
       586         52          0          0          0       6157   stm32f4xx_dma.o
       216          0          0          0          0       3211   stm32f4xx_gpio.o
        12          0          0          0          0       2393   stm32f4xx_it.o
       244         40          0         16          0       5028   stm32f4xx_rcc.o
       398         44          0          0          0       5601   stm32f4xx_tim.o
       576         44          0          0          0       6787   stm32f4xx_usart.o
       272         36          0         20          0       1609   system_stm32f4xx.o
      2602        668          0         60        740      28165   tasks.o
       148         10          0          0          0        600   timer.o
      1112        308          0         20         40       7483   timers.o
       340         26          0          4          0       1373   usart.o

    ----------------------------------------------------------------------
     11720       2138        424        168      24400     689228   Object Totals
         0          0         32          0          0          0   (incl. Generated)
        20          0          0          3          4          0   (incl. Padding)

    ----------------------------------------------------------------------

      Code (inc. data)   RO Data    RW Data    ZI Data      Debug   Library Member Name

        38          0          0          0          0        116   fpclassifyf.o
        16          6          0          0          0        116   funder.o
       320         24         32          0          0        160   rredf.o
       376         62          0          0          0        156   sinf.o
         0          0          0          0          0          0   entry.o
         0          0          0          0          0          0   entry10a.o
         0          0          0          0          0          0   entry11a.o
         8          4          0          0          0          0   entry2.o
         4          0          0          0          0          0   entry5.o
         0          0          0          0          0          0   entry7b.o
         0          0          0          0          0          0   entry8b.o
         8          4          0          0          0          0   entry9a.o
        12          6          0          4          0         68   errno.o
        18          0          0          0          0         80   fputc.o
        30          0          0          0          0          0   handlers.o
        36          8          0          0          0         68   init.o
         0          0          0          0          0          0   iusefp.o
         0          0          0          0          0          0   iusesemip.o
        30          0          0          0          0         68   llshl.o
        36          0          0          0          0         68   llsshr.o
        32          0          0          0          0         68   llushr.o
        36          0          0          0          0         68   memcpya.o
        36          0          0          0          0        108   memseta.o
      2292         96          0          0          0        596   printfa.o
         0          0          0          0          0          0   semi.o
         0          0          0          4          0          0   stdout.o
        44          0          0          0          0         80   uidiv.o
        98          0          0          0          0         92   uldiv.o
        40          2          0          0          0         68   cdrcmple.o
       334          0          0          0          0        144   dadd.o
       222          0          0          0          0        100   ddiv.o
       190          0          0          0          0        176   depilogue.o
        48          0          0          0          0         68   dfixul.o
       228          0          0          0          0         92   dmul.o
        38          0          0          0          0         68   f2d.o

    ----------------------------------------------------------------------
      4576        212         32          8          0       2628   Library Totals
         6          0          0          0          0          0   (incl. Padding)

    ----------------------------------------------------------------------

      Code (inc. data)   RO Data    RW Data    ZI Data      Debug   Library Name

       750         92         32          0          0        548   m_wm.l
      2720        118          0          8          0       1364   mc_w.l
      1100          2          0          0          0        716   mf_w.l

    ----------------------------------------------------------------------
      4576        212         32          8          0       2628   Library Totals

    ----------------------------------------------------------------------

==============================================================================


      Code (inc. data)   RO Data    RW Data    ZI Data      Debug   

     16296       2350        456        176      24400     678116   Grand Totals
     16296       2350        456        176      24400     678116   ELF Image Totals
     16296       2350        456        176          0          0   ROM Totals

==============================================================================

    Total RO  Size (Code + RO Data)                16752 (  16.36kB)
    Total RW  Size (RW Data + ZI Data)             24576 (  24.00kB)
    Total ROM Size (Code + RO Data + RW Data)      16928 (  16.53kB)

==============================================================================

