Component: ARM Compiler 5.06 update 3 (build 300) Tool: armlink [4d35c9]

==============================================================================

Section Cross References

    stm32f10x_it.o(.text) refers to stm32f10x_usart.o(.text) for USART_GetITStatus
    main.o(.text) refers to rs485config.o(.text) for usart_out
    main.o(.text) refers to tasks.o(.text) for vTaskDelay
    main.o(.text) refers to magserv.o(.text) for mag_to_speed
    main.o(.text) refers to hardware.o(.text) for hardware_init
    main.o(.text) refers to main.o(.data) for .data
    xprintf.o(.text) refers to stm32f10x_usart.o(.text) for USART_SendData
    xprintf.o(.text) refers to xprintf.o(.data) for .data
    sz_stm32f103ze_lib.o(.text) refers to misc.o(.text) for NVIC_PriorityGroupConfig
    sz_stm32f103ze_lib.o(.text) refers to stm32f10x_usart.o(.text) for USART_Init
    sz_stm32f103ze_lib.o(.text) refers to system_stm32f10x.o(.text) for SystemCoreClockUpdate
    sz_stm32f103ze_lib.o(.text) refers to putc.o(.text) for putc
    sz_stm32f103ze_lib.o(.text) refers to system_stm32f10x.o(.data) for SystemCoreClock
    sz_stm32f103ze_lib.o(.text) refers to sz_stm32f103ze_lib.o(.bss) for .bss
    sz_stm32f103ze_lib.o(.text) refers to sz_stm32f103ze_lib.o(.data) for .data
    stm32f10x_rcc.o(.text) refers to stm32f10x_rcc.o(.data) for .data
    stm32f10x_gpio.o(.text) refers to stm32f10x_rcc.o(.text) for RCC_APB2PeriphResetCmd
    stm32f10x_spi.o(.text) refers to stm32f10x_rcc.o(.text) for RCC_APB2PeriphResetCmd
    stm32f10x_usart.o(.text) refers to stm32f10x_rcc.o(.text) for RCC_APB2PeriphResetCmd
    stm32f10x_i2c.o(.text) refers to stm32f10x_rcc.o(.text) for RCC_APB1PeriphResetCmd
    system_stm32f10x.o(.text) refers to system_stm32f10x.o(.data) for .data
    startup_stm32f10x_hd.o(STACK) refers (Special) to heapauxi.o(.text) for __use_two_region_memory
    startup_stm32f10x_hd.o(HEAP) refers (Special) to heapauxi.o(.text) for __use_two_region_memory
    startup_stm32f10x_hd.o(RESET) refers (Special) to heapauxi.o(.text) for __use_two_region_memory
    startup_stm32f10x_hd.o(RESET) refers to startup_stm32f10x_hd.o(STACK) for __initial_sp
    startup_stm32f10x_hd.o(RESET) refers to startup_stm32f10x_hd.o(.text) for Reset_Handler
    startup_stm32f10x_hd.o(RESET) refers to stm32f10x_it.o(.text) for NMI_Handler
    startup_stm32f10x_hd.o(RESET) refers to port.o(.emb_text) for vPortSVCHandler
    startup_stm32f10x_hd.o(RESET) refers to port.o(.text) for xPortSysTickHandler
    startup_stm32f10x_hd.o(RESET) refers to magserv.o(.text) for USART1_IRQHandler
    startup_stm32f10x_hd.o(.text) refers (Special) to heapauxi.o(.text) for __use_two_region_memory
    startup_stm32f10x_hd.o(.text) refers to system_stm32f10x.o(.text) for SystemInit
    startup_stm32f10x_hd.o(.text) refers to __main.o(!!!main) for __main
    startup_stm32f10x_hd.o(.text) refers to startup_stm32f10x_hd.o(HEAP) for Heap_Mem
    startup_stm32f10x_hd.o(.text) refers to startup_stm32f10x_hd.o(STACK) for Stack_Mem
    rs485config.o(.text) refers to stm32f10x_gpio.o(.text) for GPIO_Init
    rs485config.o(.text) refers to stm32f10x_usart.o(.text) for USART_SendData
    hardware.o(.text) refers to stm32f10x_gpio.o(.text) for GPIO_ResetBits
    hardware.o(.text) refers to stm32f10x_usart.o(.text) for USART_Init
    hardware.o(.text) refers to stm32f10x_rcc.o(.text) for RCC_APB2PeriphClockCmd
    hardware.o(.text) refers to rs485config.o(.text) for AGV_control_com_config
    hardware.o(.text) refers to misc.o(.text) for NVIC_PriorityGroupConfig
    rs485communicate.o(.text) refers to fmul.o(x$fpl$fmul) for __aeabi_fmul
    rs485communicate.o(.text) refers to faddsub_clz.o(x$fpl$fsub) for __aeabi_fsub
    rs485communicate.o(.text) refers to fdiv.o(x$fpl$fdiv) for __aeabi_fdiv
    rs485communicate.o(.text) refers to ffix.o(x$fpl$ffix) for __aeabi_f2iz
    rs485communicate.o(.text) refers to faddsub_clz.o(x$fpl$fadd) for __aeabi_fadd
    rs485communicate.o(.text) refers to rs485config.o(.text) for usart_out
    rs485communicate.o(.text) refers to rs485communicate.o(.data) for .data
    rs485communicate.o(.text) refers to rs485communicate.o(.constdata) for .constdata
    magserv.o(.text) refers to stm32f10x_usart.o(.text) for USART_GetITStatus
    magserv.o(.text) refers to fmul.o(x$fpl$fmul) for __aeabi_fmul
    magserv.o(.text) refers to rs485communicate.o(.text) for SendSpeedToCtrl
    magserv.o(.text) refers to faddsub_clz.o(x$fpl$fadd) for __aeabi_fadd
    magserv.o(.text) refers to fflt_clz.o(x$fpl$ffltu) for __aeabi_ui2f
    magserv.o(.text) refers to faddsub_clz.o(x$fpl$fsub) for __aeabi_fsub
    magserv.o(.text) refers to fdiv.o(x$fpl$fdiv) for __aeabi_fdiv
    magserv.o(.text) refers to magserv.o(.bss) for .bss
    magserv.o(.text) refers to magserv.o(.data) for .data
    heap_2.o(.text) refers to tasks.o(.text) for vTaskSuspendAll
    heap_2.o(.text) refers to heap_2.o(.data) for .data
    heap_2.o(.text) refers to heap_2.o(.bss) for .bss
    port.o(.emb_text) refers to tasks.o(.text) for vTaskSwitchContext
    port.o(.emb_text) refers to tasks.o(.data) for pxCurrentTCB
    port.o(.text) refers to port.o(.emb_text) for __asm___6_port_c_39a90d8d__prvStartFirstTask
    port.o(.text) refers to tasks.o(.text) for xTaskIncrementTick
    port.o(.text) refers to port.o(.data) for .data
    queue.o(.text) refers to port.o(.text) for vPortEnterCritical
    queue.o(.text) refers to list.o(.text) for vListInitialise
    queue.o(.text) refers to tasks.o(.text) for xTaskRemoveFromEventList
    queue.o(.text) refers to heap_2.o(.text) for pvPortMalloc
    queue.o(.text) refers to rt_memcpy_v6.o(.text) for __aeabi_memcpy
    tasks.o(.text) refers to port.o(.text) for vPortEnterCritical
    tasks.o(.text) refers to list.o(.text) for vListInitialise
    tasks.o(.text) refers to heap_2.o(.text) for pvPortMalloc
    tasks.o(.text) refers to tasks.o(.data) for .data
    tasks.o(.text) refers to tasks.o(.bss) for .bss
    putc.o(.text) refers to sz_stm32f103ze_lib.o(.text) for fputc
    rt_memcpy_v6.o(.text) refers to rt_memcpy_w.o(.text) for __aeabi_memcpy4
    __main.o(!!!main) refers to __rtentry.o(.ARM.Collect$$rtentry$$00000000) for __rt_entry
    faddsub_clz.o(x$fpl$fadd) refers (Special) to usenofp.o(x$fpl$usenofp) for __I$use$fp
    faddsub_clz.o(x$fpl$fadd) refers to faddsub_clz.o(x$fpl$fsub) for _fsub1
    faddsub_clz.o(x$fpl$fadd) refers to fretinf.o(x$fpl$fretinf) for __fpl_fretinf
    faddsub_clz.o(x$fpl$fadd) refers to fnaninf.o(x$fpl$fnaninf) for __fpl_fnaninf
    faddsub_clz.o(x$fpl$frsb) refers (Special) to usenofp.o(x$fpl$usenofp) for __I$use$fp
    faddsub_clz.o(x$fpl$frsb) refers to faddsub_clz.o(x$fpl$fadd) for _fadd1
    faddsub_clz.o(x$fpl$frsb) refers to faddsub_clz.o(x$fpl$fsub) for _fsub1
    faddsub_clz.o(x$fpl$fsub) refers (Special) to usenofp.o(x$fpl$usenofp) for __I$use$fp
    faddsub_clz.o(x$fpl$fsub) refers to faddsub_clz.o(x$fpl$fadd) for _fadd1
    faddsub_clz.o(x$fpl$fsub) refers to fnaninf.o(x$fpl$fnaninf) for __fpl_fnaninf
    fdiv.o(x$fpl$frdiv) refers (Special) to usenofp.o(x$fpl$usenofp) for __I$use$fp
    fdiv.o(x$fpl$frdiv) refers to fdiv.o(x$fpl$fdiv) for _fdiv1
    fdiv.o(x$fpl$fdiv) refers (Special) to usenofp.o(x$fpl$usenofp) for __I$use$fp
    fdiv.o(x$fpl$fdiv) refers to fretinf.o(x$fpl$fretinf) for __fpl_fretinf
    fdiv.o(x$fpl$fdiv) refers to fnaninf.o(x$fpl$fnaninf) for __fpl_fnaninf
    ffix.o(x$fpl$ffix) refers (Special) to usenofp.o(x$fpl$usenofp) for __I$use$fp
    ffix.o(x$fpl$ffix) refers to fnaninf.o(x$fpl$fnaninf) for __fpl_fnaninf
    ffix.o(x$fpl$ffixr) refers (Special) to usenofp.o(x$fpl$usenofp) for __I$use$fp
    ffix.o(x$fpl$ffixr) refers to fnaninf.o(x$fpl$fnaninf) for __fpl_fnaninf
    fflt_clz.o(x$fpl$ffltu) refers (Special) to usenofp.o(x$fpl$usenofp) for __I$use$fp
    fflt_clz.o(x$fpl$fflt) refers (Special) to usenofp.o(x$fpl$usenofp) for __I$use$fp
    fflt_clz.o(x$fpl$ffltn) refers (Special) to usenofp.o(x$fpl$usenofp) for __I$use$fp
    fmul.o(x$fpl$fmul) refers (Special) to usenofp.o(x$fpl$usenofp) for __I$use$fp
    fmul.o(x$fpl$fmul) refers to fretinf.o(x$fpl$fretinf) for __fpl_fretinf
    fmul.o(x$fpl$fmul) refers to fnaninf.o(x$fpl$fnaninf) for __fpl_fnaninf
    __rtentry.o(.ARM.Collect$$rtentry$$00000000) refers (Special) to __rtentry2.o(.ARM.Collect$$rtentry$$0000000A) for __rt_entry_li
    __rtentry.o(.ARM.Collect$$rtentry$$00000000) refers (Special) to __rtentry2.o(.ARM.Collect$$rtentry$$0000000D) for __rt_entry_main
    __rtentry.o(.ARM.Collect$$rtentry$$00000000) refers (Special) to __rtentry2.o(.ARM.Collect$$rtentry$$0000000C) for __rt_entry_postli_1
    __rtentry.o(.ARM.Collect$$rtentry$$00000000) refers (Special) to __rtentry2.o(.ARM.Collect$$rtentry$$00000009) for __rt_entry_postsh_1
    __rtentry.o(.ARM.Collect$$rtentry$$00000000) refers (Special) to __rtentry2.o(.ARM.Collect$$rtentry$$00000002) for __rt_entry_presh_1
    __rtentry.o(.ARM.Collect$$rtentry$$00000000) refers (Special) to __rtentry4.o(.ARM.Collect$$rtentry$$00000004) for __rt_entry_sh
    fnaninf.o(x$fpl$fnaninf) refers (Special) to usenofp.o(x$fpl$usenofp) for __I$use$fp
    fretinf.o(x$fpl$fretinf) refers (Special) to usenofp.o(x$fpl$usenofp) for __I$use$fp
    __rtentry2.o(.ARM.Collect$$rtentry$$00000008) refers to boardinit2.o(.text) for _platform_post_stackheap_init
    __rtentry2.o(.ARM.Collect$$rtentry$$0000000A) refers to libinit.o(.ARM.Collect$$libinit$$00000000) for __rt_lib_init
    __rtentry2.o(.ARM.Collect$$rtentry$$0000000B) refers to boardinit3.o(.text) for _platform_post_lib_init
    __rtentry2.o(.ARM.Collect$$rtentry$$0000000D) refers to main.o(.text) for main
    __rtentry2.o(.ARM.Collect$$rtentry$$0000000D) refers to exit.o(.text) for exit
    __rtentry2.o(.ARM.exidx) refers to __rtentry2.o(.ARM.Collect$$rtentry$$00000001) for .ARM.Collect$$rtentry$$00000001
    __rtentry2.o(.ARM.exidx) refers to __rtentry2.o(.ARM.Collect$$rtentry$$00000008) for .ARM.Collect$$rtentry$$00000008
    __rtentry2.o(.ARM.exidx) refers to __rtentry2.o(.ARM.Collect$$rtentry$$0000000A) for .ARM.Collect$$rtentry$$0000000A
    __rtentry2.o(.ARM.exidx) refers to __rtentry2.o(.ARM.Collect$$rtentry$$0000000B) for .ARM.Collect$$rtentry$$0000000B
    __rtentry2.o(.ARM.exidx) refers to __rtentry2.o(.ARM.Collect$$rtentry$$0000000D) for .ARM.Collect$$rtentry$$0000000D
    __rtentry4.o(.ARM.Collect$$rtentry$$00000004) refers to sys_stackheap_outer.o(.text) for __user_setup_stackheap
    __rtentry4.o(.ARM.exidx) refers to __rtentry4.o(.ARM.Collect$$rtentry$$00000004) for .ARM.Collect$$rtentry$$00000004
    sys_stackheap_outer.o(.text) refers to libspace.o(.text) for __user_perproc_libspace
    sys_stackheap_outer.o(.text) refers to startup_stm32f10x_hd.o(.text) for __user_initial_stackheap
    exit.o(.text) refers to rtexit.o(.ARM.Collect$$rtexit$$00000000) for __rt_exit
    libinit.o(.ARM.Collect$$libinit$$00000000) refers (Special) to libinit2.o(.ARM.Collect$$libinit$$0000002E) for __rt_lib_init_alloca_1
    libinit.o(.ARM.Collect$$libinit$$00000000) refers (Special) to libinit2.o(.ARM.Collect$$libinit$$0000002C) for __rt_lib_init_argv_1
    libinit.o(.ARM.Collect$$libinit$$00000000) refers (Special) to libinit2.o(.ARM.Collect$$libinit$$0000001B) for __rt_lib_init_atexit_1
    libinit.o(.ARM.Collect$$libinit$$00000000) refers (Special) to libinit2.o(.ARM.Collect$$libinit$$00000021) for __rt_lib_init_clock_1
    libinit.o(.ARM.Collect$$libinit$$00000000) refers (Special) to libinit2.o(.ARM.Collect$$libinit$$00000032) for __rt_lib_init_cpp_1
    libinit.o(.ARM.Collect$$libinit$$00000000) refers (Special) to libinit2.o(.ARM.Collect$$libinit$$00000030) for __rt_lib_init_exceptions_1
    libinit.o(.ARM.Collect$$libinit$$00000000) refers (Special) to libinit2.o(.ARM.Collect$$libinit$$00000002) for __rt_lib_init_fp_1
    libinit.o(.ARM.Collect$$libinit$$00000000) refers (Special) to libinit2.o(.ARM.Collect$$libinit$$0000001F) for __rt_lib_init_fp_trap_1
    libinit.o(.ARM.Collect$$libinit$$00000000) refers (Special) to libinit2.o(.ARM.Collect$$libinit$$00000023) for __rt_lib_init_getenv_1
    libinit.o(.ARM.Collect$$libinit$$00000000) refers (Special) to libinit2.o(.ARM.Collect$$libinit$$0000000A) for __rt_lib_init_heap_1
    libinit.o(.ARM.Collect$$libinit$$00000000) refers (Special) to libinit2.o(.ARM.Collect$$libinit$$00000011) for __rt_lib_init_lc_collate_1
    libinit.o(.ARM.Collect$$libinit$$00000000) refers (Special) to libinit2.o(.ARM.Collect$$libinit$$00000013) for __rt_lib_init_lc_ctype_1
    libinit.o(.ARM.Collect$$libinit$$00000000) refers (Special) to libinit2.o(.ARM.Collect$$libinit$$00000015) for __rt_lib_init_lc_monetary_1
    libinit.o(.ARM.Collect$$libinit$$00000000) refers (Special) to libinit2.o(.ARM.Collect$$libinit$$00000017) for __rt_lib_init_lc_numeric_1
    libinit.o(.ARM.Collect$$libinit$$00000000) refers (Special) to libinit2.o(.ARM.Collect$$libinit$$00000019) for __rt_lib_init_lc_time_1
    libinit.o(.ARM.Collect$$libinit$$00000000) refers (Special) to libinit2.o(.ARM.Collect$$libinit$$00000004) for __rt_lib_init_preinit_1
    libinit.o(.ARM.Collect$$libinit$$00000000) refers (Special) to libinit2.o(.ARM.Collect$$libinit$$0000000E) for __rt_lib_init_rand_1
    libinit.o(.ARM.Collect$$libinit$$00000000) refers (Special) to libinit2.o(.ARM.Collect$$libinit$$00000033) for __rt_lib_init_return
    libinit.o(.ARM.Collect$$libinit$$00000000) refers (Special) to libinit2.o(.ARM.Collect$$libinit$$0000001D) for __rt_lib_init_signal_1
    libinit.o(.ARM.Collect$$libinit$$00000000) refers (Special) to libinit2.o(.ARM.Collect$$libinit$$00000025) for __rt_lib_init_stdio_1
    libinit.o(.ARM.Collect$$libinit$$00000000) refers (Special) to libinit2.o(.ARM.Collect$$libinit$$0000000C) for __rt_lib_init_user_alloc_1
    libspace.o(.text) refers to libspace.o(.bss) for __libspace_start
    rtexit.o(.ARM.Collect$$rtexit$$00000000) refers (Special) to rtexit2.o(.ARM.Collect$$rtexit$$00000004) for __rt_exit_exit
    rtexit.o(.ARM.Collect$$rtexit$$00000000) refers (Special) to rtexit2.o(.ARM.Collect$$rtexit$$00000003) for __rt_exit_ls
    rtexit.o(.ARM.Collect$$rtexit$$00000000) refers (Special) to rtexit2.o(.ARM.Collect$$rtexit$$00000002) for __rt_exit_prels_1
    rtexit.o(.ARM.exidx) refers (Special) to rtexit2.o(.ARM.Collect$$rtexit$$00000004) for __rt_exit_exit
    rtexit.o(.ARM.exidx) refers (Special) to rtexit2.o(.ARM.Collect$$rtexit$$00000003) for __rt_exit_ls
    rtexit.o(.ARM.exidx) refers (Special) to rtexit2.o(.ARM.Collect$$rtexit$$00000002) for __rt_exit_prels_1
    rtexit.o(.ARM.exidx) refers to rtexit.o(.ARM.Collect$$rtexit$$00000000) for .ARM.Collect$$rtexit$$00000000
    libinit2.o(.ARM.Collect$$libinit$$00000010) refers to libinit2.o(.ARM.Collect$$libinit$$0000000F) for .ARM.Collect$$libinit$$0000000F
    libinit2.o(.ARM.Collect$$libinit$$00000012) refers to libinit2.o(.ARM.Collect$$libinit$$0000000F) for .ARM.Collect$$libinit$$0000000F
    libinit2.o(.ARM.Collect$$libinit$$00000014) refers to libinit2.o(.ARM.Collect$$libinit$$0000000F) for .ARM.Collect$$libinit$$0000000F
    libinit2.o(.ARM.Collect$$libinit$$00000016) refers to libinit2.o(.ARM.Collect$$libinit$$0000000F) for .ARM.Collect$$libinit$$0000000F
    libinit2.o(.ARM.Collect$$libinit$$00000018) refers to libinit2.o(.ARM.Collect$$libinit$$0000000F) for .ARM.Collect$$libinit$$0000000F
    libinit2.o(.ARM.Collect$$libinit$$00000026) refers to argv_veneer.o(.emb_text) for __ARM_argv_veneer
    libinit2.o(.ARM.Collect$$libinit$$00000027) refers to argv_veneer.o(.emb_text) for __ARM_argv_veneer
    rtexit2.o(.ARM.Collect$$rtexit$$00000003) refers to libshutdown.o(.ARM.Collect$$libshutdown$$00000000) for __rt_lib_shutdown
    rtexit2.o(.ARM.Collect$$rtexit$$00000004) refers to sz_stm32f103ze_lib.o(.text) for _sys_exit
    rtexit2.o(.ARM.exidx) refers to rtexit2.o(.ARM.Collect$$rtexit$$00000001) for .ARM.Collect$$rtexit$$00000001
    rtexit2.o(.ARM.exidx) refers to rtexit2.o(.ARM.Collect$$rtexit$$00000003) for .ARM.Collect$$rtexit$$00000003
    rtexit2.o(.ARM.exidx) refers to rtexit2.o(.ARM.Collect$$rtexit$$00000004) for .ARM.Collect$$rtexit$$00000004
    argv_veneer.o(.emb_text) refers to no_argv.o(.text) for __ARM_get_argv
    _get_argv_nomalloc.o(.text) refers (Special) to hrguard.o(.text) for __heap_region$guard
    _get_argv_nomalloc.o(.text) refers to defsig_rtmem_outer.o(.text) for __rt_SIGRTMEM
    _get_argv_nomalloc.o(.text) refers to sys_command.o(.text) for _sys_command_string
    libshutdown.o(.ARM.Collect$$libshutdown$$00000000) refers (Special) to libshutdown2.o(.ARM.Collect$$libshutdown$$00000002) for __rt_lib_shutdown_cpp_1
    libshutdown.o(.ARM.Collect$$libshutdown$$00000000) refers (Special) to libshutdown2.o(.ARM.Collect$$libshutdown$$00000007) for __rt_lib_shutdown_fp_trap_1
    libshutdown.o(.ARM.Collect$$libshutdown$$00000000) refers (Special) to libshutdown2.o(.ARM.Collect$$libshutdown$$0000000F) for __rt_lib_shutdown_heap_1
    libshutdown.o(.ARM.Collect$$libshutdown$$00000000) refers (Special) to libshutdown2.o(.ARM.Collect$$libshutdown$$00000010) for __rt_lib_shutdown_return
    libshutdown.o(.ARM.Collect$$libshutdown$$00000000) refers (Special) to libshutdown2.o(.ARM.Collect$$libshutdown$$0000000A) for __rt_lib_shutdown_signal_1
    libshutdown.o(.ARM.Collect$$libshutdown$$00000000) refers (Special) to libshutdown2.o(.ARM.Collect$$libshutdown$$00000004) for __rt_lib_shutdown_stdio_1
    libshutdown.o(.ARM.Collect$$libshutdown$$00000000) refers (Special) to libshutdown2.o(.ARM.Collect$$libshutdown$$0000000C) for __rt_lib_shutdown_user_alloc_1
    sys_command.o(.text) refers (Special) to use_no_semi.o(.text) for __I$use$semihosting
    sys_command.o(.text) refers (Special) to indicate_semi.o(.text) for __semihosting_library_function
    defsig_rtmem_outer.o(.text) refers to defsig_rtmem_inner.o(.text) for __rt_SIGRTMEM_inner
    defsig_rtmem_outer.o(.text) refers to defsig_exit.o(.text) for __sig_exit
    defsig_rtmem_formal.o(.text) refers to rt_raise.o(.text) for __rt_raise
    rt_raise.o(.text) refers to __raise.o(.text) for __raise
    rt_raise.o(.text) refers to sz_stm32f103ze_lib.o(.text) for _sys_exit
    defsig_exit.o(.text) refers to sz_stm32f103ze_lib.o(.text) for _sys_exit
    defsig_rtmem_inner.o(.text) refers to defsig_general.o(.text) for __default_signal_display
    __raise.o(.text) refers to defsig.o(CL$$defsig) for __default_signal_handler
    defsig_general.o(.text) refers to sys_wrch.o(.text) for _ttywrch
    sys_wrch.o(.text) refers (Special) to use_no_semi.o(.text) for __I$use$semihosting
    sys_wrch.o(.text) refers (Special) to indicate_semi.o(.text) for __semihosting_library_function
    defsig.o(CL$$defsig) refers to defsig_rtmem_inner.o(.text) for __rt_SIGRTMEM_inner
    defsig_abrt_inner.o(.text) refers to defsig_general.o(.text) for __default_signal_display
    defsig_fpe_inner.o(.text) refers to defsig_general.o(.text) for __default_signal_display
    defsig_rtred_inner.o(.text) refers to defsig_general.o(.text) for __default_signal_display
    defsig_stak_inner.o(.text) refers to defsig_general.o(.text) for __default_signal_display
    defsig_pvfn_inner.o(.text) refers to defsig_general.o(.text) for __default_signal_display
    defsig_cppl_inner.o(.text) refers to defsig_general.o(.text) for __default_signal_display
    defsig_segv_inner.o(.text) refers to defsig_general.o(.text) for __default_signal_display
    defsig_other.o(.text) refers to defsig_general.o(.text) for __default_signal_display


==============================================================================

Removing Unused input sections from the image.

    Removing xprintf.o(.text), (1236 bytes).
    Removing xprintf.o(.data), (16 bytes).
    Removing sz_stm32f103ze_lib.o(.data), (4 bytes).
    Removing stm32f10x_exti.o(.text), (232 bytes).
    Removing stm32f10x_spi.o(.text), (628 bytes).
    Removing stm32f10x_fsmc.o(.text), (1148 bytes).
    Removing stm32f10x_sdio.o(.text), (428 bytes).
    Removing stm32f10x_dma.o(.text), (456 bytes).
    Removing stm32f10x_i2c.o(.text), (808 bytes).
    Removing core_cm3.o(.emb_text), (32 bytes).
    Removing magserv.o(.constdata), (5 bytes).
    Removing queue.o(.text), (1336 bytes).

12 unused section(s) (total 6329 bytes) removed from the image.

==============================================================================

Image Symbol Table

    Local Symbols

    Symbol Name                              Value     Ov Type        Size  Object(Section)

    ../clib/angel/boardlib.s                 0x00000000   Number         0  boardshut.o ABSOLUTE
    ../clib/angel/boardlib.s                 0x00000000   Number         0  boardinit3.o ABSOLUTE
    ../clib/angel/boardlib.s                 0x00000000   Number         0  boardinit2.o ABSOLUTE
    ../clib/angel/boardlib.s                 0x00000000   Number         0  boardinit1.o ABSOLUTE
    ../clib/angel/handlers.s                 0x00000000   Number         0  __scatter_zi.o ABSOLUTE
    ../clib/angel/handlers.s                 0x00000000   Number         0  __scatter_copy.o ABSOLUTE
    ../clib/angel/kernel.s                   0x00000000   Number         0  __rtentry2.o ABSOLUTE
    ../clib/angel/kernel.s                   0x00000000   Number         0  rtexit2.o ABSOLUTE
    ../clib/angel/kernel.s                   0x00000000   Number         0  __rtentry4.o ABSOLUTE
    ../clib/angel/kernel.s                   0x00000000   Number         0  __rtentry.o ABSOLUTE
    ../clib/angel/kernel.s                   0x00000000   Number         0  rtexit.o ABSOLUTE
    ../clib/angel/rt.s                       0x00000000   Number         0  rt_raise.o ABSOLUTE
    ../clib/angel/scatter.s                  0x00000000   Number         0  __scatter.o ABSOLUTE
    ../clib/angel/startup.s                  0x00000000   Number         0  __main.o ABSOLUTE
    ../clib/angel/sys.s                      0x00000000   Number         0  libspace.o ABSOLUTE
    ../clib/angel/sys.s                      0x00000000   Number         0  indicate_semi.o ABSOLUTE
    ../clib/angel/sys.s                      0x00000000   Number         0  sys_stackheap_outer.o ABSOLUTE
    ../clib/angel/sys.s                      0x00000000   Number         0  use_no_semi.o ABSOLUTE
    ../clib/angel/sysapp.c                   0x00000000   Number         0  sys_command.o ABSOLUTE
    ../clib/angel/sysapp.c                   0x00000000   Number         0  sys_wrch.o ABSOLUTE
    ../clib/armsys.c                         0x00000000   Number         0  _get_argv_nomalloc.o ABSOLUTE
    ../clib/armsys.c                         0x00000000   Number         0  argv_veneer.o ABSOLUTE
    ../clib/armsys.c                         0x00000000   Number         0  no_argv.o ABSOLUTE
    ../clib/armsys.c                         0x00000000   Number         0  argv_veneer.o ABSOLUTE
    ../clib/heapalloc.c                      0x00000000   Number         0  hrguard.o ABSOLUTE
    ../clib/heapaux.c                        0x00000000   Number         0  heapauxi.o ABSOLUTE
    ../clib/libinit.s                        0x00000000   Number         0  libinit.o ABSOLUTE
    ../clib/libinit.s                        0x00000000   Number         0  libshutdown2.o ABSOLUTE
    ../clib/libinit.s                        0x00000000   Number         0  libshutdown.o ABSOLUTE
    ../clib/libinit.s                        0x00000000   Number         0  libinit2.o ABSOLUTE
    ../clib/memcpset.s                       0x00000000   Number         0  rt_memcpy_w.o ABSOLUTE
    ../clib/memcpset.s                       0x00000000   Number         0  rt_memcpy_v6.o ABSOLUTE
    ../clib/signal.c                         0x00000000   Number         0  defsig_stak_inner.o ABSOLUTE
    ../clib/signal.c                         0x00000000   Number         0  defsig_pvfn_inner.o ABSOLUTE
    ../clib/signal.c                         0x00000000   Number         0  defsig_cppl_inner.o ABSOLUTE
    ../clib/signal.c                         0x00000000   Number         0  defsig_segv_inner.o ABSOLUTE
    ../clib/signal.c                         0x00000000   Number         0  defsig_rtmem_outer.o ABSOLUTE
    ../clib/signal.c                         0x00000000   Number         0  defsig_rtmem_formal.o ABSOLUTE
    ../clib/signal.c                         0x00000000   Number         0  defsig_other.o ABSOLUTE
    ../clib/signal.c                         0x00000000   Number         0  defsig_exit.o ABSOLUTE
    ../clib/signal.c                         0x00000000   Number         0  defsig_rtmem_inner.o ABSOLUTE
    ../clib/signal.c                         0x00000000   Number         0  __raise.o ABSOLUTE
    ../clib/signal.c                         0x00000000   Number         0  defsig_general.o ABSOLUTE
    ../clib/signal.c                         0x00000000   Number         0  defsig_rtred_inner.o ABSOLUTE
    ../clib/signal.c                         0x00000000   Number         0  defsig_fpe_inner.o ABSOLUTE
    ../clib/signal.c                         0x00000000   Number         0  defsig_abrt_inner.o ABSOLUTE
    ../clib/signal.s                         0x00000000   Number         0  defsig.o ABSOLUTE
    ../clib/stdio.c                          0x00000000   Number         0  putc.o ABSOLUTE
    ../clib/stdlib.c                         0x00000000   Number         0  exit.o ABSOLUTE
    ../fplib/faddsub.s                       0x00000000   Number         0  faddsub_clz.o ABSOLUTE
    ../fplib/fdiv.s                          0x00000000   Number         0  fdiv.o ABSOLUTE
    ../fplib/ffix.s                          0x00000000   Number         0  ffix.o ABSOLUTE
    ../fplib/fflt.s                          0x00000000   Number         0  fflt_clz.o ABSOLUTE
    ../fplib/fmul.s                          0x00000000   Number         0  fmul.o ABSOLUTE
    ../fplib/fnaninf.s                       0x00000000   Number         0  fnaninf.o ABSOLUTE
    ../fplib/fpinit.s                        0x00000000   Number         0  fpinit.o ABSOLUTE
    ../fplib/fretinf.s                       0x00000000   Number         0  fretinf.o ABSOLUTE
    ../fplib/usenofp.s                       0x00000000   Number         0  usenofp.o ABSOLUTE
    ..\BSP\hardware.c                        0x00000000   Number         0  hardware.o ABSOLUTE
    ..\BSP\rs485communicate.c                0x00000000   Number         0  rs485communicate.o ABSOLUTE
    ..\BSP\rs485config.c                     0x00000000   Number         0  rs485config.o ABSOLUTE
    ..\FreeRTOS\src\croutine.c               0x00000000   Number         0  croutine.o ABSOLUTE
    ..\FreeRTOS\src\heap_2.c                 0x00000000   Number         0  heap_2.o ABSOLUTE
    ..\FreeRTOS\src\list.c                   0x00000000   Number         0  list.o ABSOLUTE
    ..\FreeRTOS\src\port.c                   0x00000000   Number         0  port.o ABSOLUTE
    ..\FreeRTOS\src\queue.c                  0x00000000   Number         0  queue.o ABSOLUTE
    ..\FreeRTOS\src\tasks.c                  0x00000000   Number         0  tasks.o ABSOLUTE
    ..\FreeRTOS\src\timers.c                 0x00000000   Number         0  timers.o ABSOLUTE
    ..\Libraries\CMSIS\CM3\CoreSupport\core_cm3.c 0x00000000   Number         0  core_cm3.o ABSOLUTE
    ..\Libraries\CMSIS\CM3\DeviceSupport\ST\STM32F10x\startup\TrueSTUDIO\startup_stm32f10x_hd.s 0x00000000   Number         0  startup_stm32f10x_hd.o ABSOLUTE
    ..\Libraries\CMSIS\CM3\DeviceSupport\ST\STM32F10x\system_stm32f10x.c 0x00000000   Number         0  system_stm32f10x.o ABSOLUTE
    ..\Libraries\STM32F10x_StdPeriph_Driver\src\misc.c 0x00000000   Number         0  misc.o ABSOLUTE
    ..\Libraries\STM32F10x_StdPeriph_Driver\src\stm32f10x_dma.c 0x00000000   Number         0  stm32f10x_dma.o ABSOLUTE
    ..\Libraries\STM32F10x_StdPeriph_Driver\src\stm32f10x_exti.c 0x00000000   Number         0  stm32f10x_exti.o ABSOLUTE
    ..\Libraries\STM32F10x_StdPeriph_Driver\src\stm32f10x_fsmc.c 0x00000000   Number         0  stm32f10x_fsmc.o ABSOLUTE
    ..\Libraries\STM32F10x_StdPeriph_Driver\src\stm32f10x_gpio.c 0x00000000   Number         0  stm32f10x_gpio.o ABSOLUTE
    ..\Libraries\STM32F10x_StdPeriph_Driver\src\stm32f10x_i2c.c 0x00000000   Number         0  stm32f10x_i2c.o ABSOLUTE
    ..\Libraries\STM32F10x_StdPeriph_Driver\src\stm32f10x_rcc.c 0x00000000   Number         0  stm32f10x_rcc.o ABSOLUTE
    ..\Libraries\STM32F10x_StdPeriph_Driver\src\stm32f10x_sdio.c 0x00000000   Number         0  stm32f10x_sdio.o ABSOLUTE
    ..\Libraries\STM32F10x_StdPeriph_Driver\src\stm32f10x_spi.c 0x00000000   Number         0  stm32f10x_spi.o ABSOLUTE
    ..\Libraries\STM32F10x_StdPeriph_Driver\src\stm32f10x_usart.c 0x00000000   Number         0  stm32f10x_usart.o ABSOLUTE
    ..\\FreeRTOS\\src\\port.c                0x00000000   Number         0  port.o ABSOLUTE
    ..\\Libraries\\CMSIS\\CM3\\CoreSupport\\core_cm3.c 0x00000000   Number         0  core_cm3.o ABSOLUTE
    ..\algotithm\magserv.c                   0x00000000   Number         0  magserv.o ABSOLUTE
    SZ_STM32F103ZE_LIB.c                     0x00000000   Number         0  sz_stm32f103ze_lib.o ABSOLUTE
    dc.s                                     0x00000000   Number         0  dc.o ABSOLUTE
    main.c                                   0x00000000   Number         0  main.o ABSOLUTE
    stm32f10x_it.c                           0x00000000   Number         0  stm32f10x_it.o ABSOLUTE
    xprintf.c                                0x00000000   Number         0  xprintf.o ABSOLUTE
    RESET                                    0x08000000   Section      304  startup_stm32f10x_hd.o(RESET)
    !!!main                                  0x08000130   Section        8  __main.o(!!!main)
    !!!scatter                               0x08000138   Section       52  __scatter.o(!!!scatter)
    !!handler_copy                           0x0800016c   Section       26  __scatter_copy.o(!!handler_copy)
    !!handler_zi                             0x08000188   Section       28  __scatter_zi.o(!!handler_zi)
    .ARM.Collect$$libinit$$00000000          0x080001a4   Section        2  libinit.o(.ARM.Collect$$libinit$$00000000)
    .ARM.Collect$$libinit$$00000002          0x080001a6   Section        0  libinit2.o(.ARM.Collect$$libinit$$00000002)
    .ARM.Collect$$libinit$$00000004          0x080001a6   Section        0  libinit2.o(.ARM.Collect$$libinit$$00000004)
    .ARM.Collect$$libinit$$0000000A          0x080001a6   Section        0  libinit2.o(.ARM.Collect$$libinit$$0000000A)
    .ARM.Collect$$libinit$$0000000C          0x080001a6   Section        0  libinit2.o(.ARM.Collect$$libinit$$0000000C)
    .ARM.Collect$$libinit$$0000000E          0x080001a6   Section        0  libinit2.o(.ARM.Collect$$libinit$$0000000E)
    .ARM.Collect$$libinit$$00000011          0x080001a6   Section        0  libinit2.o(.ARM.Collect$$libinit$$00000011)
    .ARM.Collect$$libinit$$00000013          0x080001a6   Section        0  libinit2.o(.ARM.Collect$$libinit$$00000013)
    .ARM.Collect$$libinit$$00000015          0x080001a6   Section        0  libinit2.o(.ARM.Collect$$libinit$$00000015)
    .ARM.Collect$$libinit$$00000017          0x080001a6   Section        0  libinit2.o(.ARM.Collect$$libinit$$00000017)
    .ARM.Collect$$libinit$$00000019          0x080001a6   Section        0  libinit2.o(.ARM.Collect$$libinit$$00000019)
    .ARM.Collect$$libinit$$0000001B          0x080001a6   Section        0  libinit2.o(.ARM.Collect$$libinit$$0000001B)
    .ARM.Collect$$libinit$$0000001D          0x080001a6   Section        0  libinit2.o(.ARM.Collect$$libinit$$0000001D)
    .ARM.Collect$$libinit$$0000001F          0x080001a6   Section        0  libinit2.o(.ARM.Collect$$libinit$$0000001F)
    .ARM.Collect$$libinit$$00000021          0x080001a6   Section        0  libinit2.o(.ARM.Collect$$libinit$$00000021)
    .ARM.Collect$$libinit$$00000023          0x080001a6   Section        0  libinit2.o(.ARM.Collect$$libinit$$00000023)
    .ARM.Collect$$libinit$$00000025          0x080001a6   Section        0  libinit2.o(.ARM.Collect$$libinit$$00000025)
    .ARM.Collect$$libinit$$0000002C          0x080001a6   Section        0  libinit2.o(.ARM.Collect$$libinit$$0000002C)
    .ARM.Collect$$libinit$$0000002E          0x080001a6   Section        0  libinit2.o(.ARM.Collect$$libinit$$0000002E)
    .ARM.Collect$$libinit$$00000030          0x080001a6   Section        0  libinit2.o(.ARM.Collect$$libinit$$00000030)
    .ARM.Collect$$libinit$$00000032          0x080001a6   Section        0  libinit2.o(.ARM.Collect$$libinit$$00000032)
    .ARM.Collect$$libinit$$00000033          0x080001a6   Section        2  libinit2.o(.ARM.Collect$$libinit$$00000033)
    .ARM.Collect$$libshutdown$$00000000      0x080001a8   Section        2  libshutdown.o(.ARM.Collect$$libshutdown$$00000000)
    .ARM.Collect$$libshutdown$$00000002      0x080001aa   Section        0  libshutdown2.o(.ARM.Collect$$libshutdown$$00000002)
    .ARM.Collect$$libshutdown$$00000004      0x080001aa   Section        0  libshutdown2.o(.ARM.Collect$$libshutdown$$00000004)
    .ARM.Collect$$libshutdown$$00000007      0x080001aa   Section        0  libshutdown2.o(.ARM.Collect$$libshutdown$$00000007)
    .ARM.Collect$$libshutdown$$0000000A      0x080001aa   Section        0  libshutdown2.o(.ARM.Collect$$libshutdown$$0000000A)
    .ARM.Collect$$libshutdown$$0000000C      0x080001aa   Section        0  libshutdown2.o(.ARM.Collect$$libshutdown$$0000000C)
    .ARM.Collect$$libshutdown$$0000000F      0x080001aa   Section        0  libshutdown2.o(.ARM.Collect$$libshutdown$$0000000F)
    .ARM.Collect$$libshutdown$$00000010      0x080001aa   Section        2  libshutdown2.o(.ARM.Collect$$libshutdown$$00000010)
    .ARM.Collect$$rtentry$$00000000          0x080001ac   Section        0  __rtentry.o(.ARM.Collect$$rtentry$$00000000)
    .ARM.Collect$$rtentry$$00000002          0x080001ac   Section        0  __rtentry2.o(.ARM.Collect$$rtentry$$00000002)
    .ARM.Collect$$rtentry$$00000004          0x080001ac   Section        6  __rtentry4.o(.ARM.Collect$$rtentry$$00000004)
    .ARM.Collect$$rtentry$$00000009          0x080001b2   Section        0  __rtentry2.o(.ARM.Collect$$rtentry$$00000009)
    .ARM.Collect$$rtentry$$0000000A          0x080001b2   Section        4  __rtentry2.o(.ARM.Collect$$rtentry$$0000000A)
    .ARM.Collect$$rtentry$$0000000C          0x080001b6   Section        0  __rtentry2.o(.ARM.Collect$$rtentry$$0000000C)
    .ARM.Collect$$rtentry$$0000000D          0x080001b6   Section        8  __rtentry2.o(.ARM.Collect$$rtentry$$0000000D)
    .ARM.Collect$$rtexit$$00000000           0x080001be   Section        2  rtexit.o(.ARM.Collect$$rtexit$$00000000)
    .ARM.Collect$$rtexit$$00000002           0x080001c0   Section        0  rtexit2.o(.ARM.Collect$$rtexit$$00000002)
    .ARM.Collect$$rtexit$$00000003           0x080001c0   Section        4  rtexit2.o(.ARM.Collect$$rtexit$$00000003)
    .ARM.Collect$$rtexit$$00000004           0x080001c4   Section        6  rtexit2.o(.ARM.Collect$$rtexit$$00000004)
    .emb_text                                0x080001cc   Section      150  port.o(.emb_text)
    .text                                    0x08000264   Section        0  stm32f10x_it.o(.text)
    .text                                    0x0800029c   Section        0  main.o(.text)
    .text                                    0x08000328   Section        0  sz_stm32f103ze_lib.o(.text)
    .text                                    0x08000400   Section        0  stm32f10x_rcc.o(.text)
    .text                                    0x080006b4   Section        0  stm32f10x_gpio.o(.text)
    .text                                    0x08000920   Section        0  misc.o(.text)
    .text                                    0x080009d0   Section        0  stm32f10x_usart.o(.text)
    .text                                    0x08000cf8   Section        0  system_stm32f10x.o(.text)
    SetSysClockTo72                          0x08000cf9   Thumb Code   160  system_stm32f10x.o(.text)
    .text                                    0x08000e4c   Section       64  startup_stm32f10x_hd.o(.text)
    .text                                    0x08000e8c   Section        0  rs485config.o(.text)
    .text                                    0x08000ee0   Section        0  hardware.o(.text)
    USART_Config                             0x08000efb   Thumb Code    60  hardware.o(.text)
    .text                                    0x08001004   Section        0  rs485communicate.o(.text)
    CRC16_table                              0x080010d1   Thumb Code    40  rs485communicate.o(.text)
    .text                                    0x0800111c   Section        0  magserv.o(.text)
    StationCalc                              0x08001189   Thumb Code    80  magserv.o(.text)
    mag_center_calc                          0x080011d9   Thumb Code   192  magserv.o(.text)
    .text                                    0x080012c0   Section        0  heap_2.o(.text)
    .text                                    0x080013b4   Section        0  list.o(.text)
    .text                                    0x0800143c   Section        0  port.o(.text)
    prvTaskExitError                         0x0800143d   Thumb Code    16  port.o(.text)
    .text                                    0x08001504   Section        0  tasks.o(.text)
    prvAddNewTaskToReadyList                 0x08001505   Thumb Code   194  tasks.o(.text)
    prvAddCurrentTaskToDelayedList           0x080017f7   Thumb Code   102  tasks.o(.text)
    prvIdleTask                              0x08001b55   Thumb Code    30  tasks.o(.text)
    prvInitialiseNewTask                     0x08002021   Thumb Code   118  tasks.o(.text)
    prvResetNextTaskUnblockTime              0x08002097   Thumb Code    26  tasks.o(.text)
    prvDeleteTCB                             0x080020b1   Thumb Code    20  tasks.o(.text)
    prvTaskIsTaskSuspended                   0x080020c5   Thumb Code    30  tasks.o(.text)
    prvCheckTasksWaitingTermination          0x080020e3   Thumb Code    84  tasks.o(.text)
    .text                                    0x08002136   Section        0  putc.o(.text)
    .text                                    0x0800213a   Section        0  heapauxi.o(.text)
    .text                                    0x08002140   Section       74  sys_stackheap_outer.o(.text)
    .text                                    0x0800218a   Section        0  exit.o(.text)
    .text                                    0x0800219c   Section        8  libspace.o(.text)
    x$fpl$fadd                               0x080021a4   Section      196  faddsub_clz.o(x$fpl$fadd)
    _fadd1                                   0x080021b3   Thumb Code     0  faddsub_clz.o(x$fpl$fadd)
    x$fpl$fdiv                               0x08002268   Section      388  fdiv.o(x$fpl$fdiv)
    _fdiv1                                   0x08002269   Thumb Code     0  fdiv.o(x$fpl$fdiv)
    x$fpl$ffix                               0x080023ec   Section       54  ffix.o(x$fpl$ffix)
    x$fpl$ffltu                              0x08002424   Section       38  fflt_clz.o(x$fpl$ffltu)
    x$fpl$fmul                               0x0800244c   Section      258  fmul.o(x$fpl$fmul)
    x$fpl$fnaninf                            0x0800254e   Section      140  fnaninf.o(x$fpl$fnaninf)
    x$fpl$fretinf                            0x080025da   Section       10  fretinf.o(x$fpl$fretinf)
    x$fpl$fsub                               0x080025e4   Section      234  faddsub_clz.o(x$fpl$fsub)
    _fsub1                                   0x080025f3   Thumb Code     0  faddsub_clz.o(x$fpl$fsub)
    .constdata                               0x080026ce   Section      512  rs485communicate.o(.constdata)
    x$fpl$usenofp                            0x080026ce   Section        0  usenofp.o(x$fpl$usenofp)
    .data                                    0x20000000   Section       15  main.o(.data)
    TxBufferToQueryMagsense                  0x20000008   Data           7  main.o(.data)
    .data                                    0x20000010   Section        4  sz_stm32f103ze_lib.o(.data)
    .data                                    0x20000014   Section       20  stm32f10x_rcc.o(.data)
    ADCPrescTable                            0x20000014   Data           4  stm32f10x_rcc.o(.data)
    APBAHBPrescTable                         0x20000018   Data          16  stm32f10x_rcc.o(.data)
    .data                                    0x20000028   Section       20  system_stm32f10x.o(.data)
    .data                                    0x2000003c   Section       22  rs485communicate.o(.data)
    sendFlag                                 0x2000003c   Data           1  rs485communicate.o(.data)
    speedLeft                                0x2000003e   Data           2  rs485communicate.o(.data)
    speedRight                               0x20000040   Data           2  rs485communicate.o(.data)
    TxBufferToCtrlLeft                       0x20000042   Data           8  rs485communicate.o(.data)
    TxBufferToCtrlRight                      0x2000004a   Data           8  rs485communicate.o(.data)
    .data                                    0x20000054   Section       16  magserv.o(.data)
    CarSpeedVx                               0x20000058   Data           4  magserv.o(.data)
    CarSpeedVw                               0x2000005c   Data           4  magserv.o(.data)
    StationForReturn                         0x20000060   Data           4  magserv.o(.data)
    .data                                    0x20000064   Section       24  heap_2.o(.data)
    xFreeBytesRemaining                      0x20000064   Data           4  heap_2.o(.data)
    xHeapHasBeenInitialised                  0x20000068   Data           4  heap_2.o(.data)
    xStart                                   0x2000006c   Data           8  heap_2.o(.data)
    xEnd                                     0x20000074   Data           8  heap_2.o(.data)
    .data                                    0x2000007c   Section        4  port.o(.data)
    uxCriticalNesting                        0x2000007c   Data           4  port.o(.data)
    .data                                    0x20000080   Section       60  tasks.o(.data)
    uxDeletedTasksWaitingCleanUp             0x20000084   Data           4  tasks.o(.data)
    uxCurrentNumberOfTasks                   0x20000088   Data           4  tasks.o(.data)
    xTickCount                               0x2000008c   Data           4  tasks.o(.data)
    uxTopReadyPriority                       0x20000090   Data           4  tasks.o(.data)
    xSchedulerRunning                        0x20000094   Data           4  tasks.o(.data)
    uxPendedTicks                            0x20000098   Data           4  tasks.o(.data)
    xYieldPending                            0x2000009c   Data           4  tasks.o(.data)
    xNumOfOverflows                          0x200000a0   Data           4  tasks.o(.data)
    uxTaskNumber                             0x200000a4   Data           4  tasks.o(.data)
    xNextTaskUnblockTime                     0x200000a8   Data           4  tasks.o(.data)
    xIdleTaskHandle                          0x200000ac   Data           4  tasks.o(.data)
    uxSchedulerSuspended                     0x200000b0   Data           4  tasks.o(.data)
    pxDelayedTaskList                        0x200000b4   Data           4  tasks.o(.data)
    pxOverflowDelayedTaskList                0x200000b8   Data           4  tasks.o(.data)
    .bss                                     0x200000bc   Section       12  sz_stm32f103ze_lib.o(.bss)
    .bss                                     0x200000c8   Section       15  magserv.o(.bss)
    .bss                                     0x200000d7   Section    17408  heap_2.o(.bss)
    ucHeap                                   0x200000d7   Data       17408  heap_2.o(.bss)
    .bss                                     0x200044d8   Section      200  tasks.o(.bss)
    pxReadyTasksLists                        0x200044d8   Data         100  tasks.o(.bss)
    xDelayedTaskList1                        0x2000453c   Data          20  tasks.o(.bss)
    xDelayedTaskList2                        0x20004550   Data          20  tasks.o(.bss)
    xPendingReadyList                        0x20004564   Data          20  tasks.o(.bss)
    xTasksWaitingTermination                 0x20004578   Data          20  tasks.o(.bss)
    xSuspendedTaskList                       0x2000458c   Data          20  tasks.o(.bss)
    .bss                                     0x200045a0   Section       96  libspace.o(.bss)
    HEAP                                     0x20004600   Section      512  startup_stm32f10x_hd.o(HEAP)
    Heap_Mem                                 0x20004600   Data         512  startup_stm32f10x_hd.o(HEAP)
    STACK                                    0x20004800   Section     1024  startup_stm32f10x_hd.o(STACK)
    Stack_Mem                                0x20004800   Data        1024  startup_stm32f10x_hd.o(STACK)
    __initial_sp                             0x20004c00   Data           0  startup_stm32f10x_hd.o(STACK)

    Global Symbols

    Symbol Name                              Value     Ov Type        Size  Object(Section)

    BuildAttributes$$THM_ISAv4$P$D$K$B$S$PE$A:L22UL41UL21$X:L11$S22US41US21$IEEE1$IW$USESV6$~STKCKD$USESV7$~SHL$OSPACE$ROPI$EBA8$UX$STANDARDLIB$REQ8$PRES8$EABIv2 0x00000000   Number         0  anon$$obj.o ABSOLUTE
    __ARM_use_no_argv                        0x00000000   Number         0  main.o ABSOLUTE
    __ARM_exceptions_init                     - Undefined Weak Reference
    __alloca_initialize                       - Undefined Weak Reference
    __arm_preinit_                            - Undefined Weak Reference
    __cpp_initialize__aeabi_                  - Undefined Weak Reference
    __cxa_finalize                            - Undefined Weak Reference
    __rt_locale                               - Undefined Weak Reference
    __sigvec_lookup                           - Undefined Weak Reference
    _atexit_init                              - Undefined Weak Reference
    _call_atexit_fns                          - Undefined Weak Reference
    _clock_init                               - Undefined Weak Reference
    _fp_trap_init                             - Undefined Weak Reference
    _fp_trap_shutdown                         - Undefined Weak Reference
    _get_lc_collate                           - Undefined Weak Reference
    _get_lc_ctype                             - Undefined Weak Reference
    _get_lc_monetary                          - Undefined Weak Reference
    _get_lc_numeric                           - Undefined Weak Reference
    _get_lc_time                              - Undefined Weak Reference
    _getenv_init                              - Undefined Weak Reference
    _handle_redirection                       - Undefined Weak Reference
    _init_alloc                               - Undefined Weak Reference
    _init_user_alloc                          - Undefined Weak Reference
    _initio                                   - Undefined Weak Reference
    _rand_init                                - Undefined Weak Reference
    _signal_finish                            - Undefined Weak Reference
    _signal_init                              - Undefined Weak Reference
    _terminate_alloc                          - Undefined Weak Reference
    _terminate_user_alloc                     - Undefined Weak Reference
    _terminateio                              - Undefined Weak Reference
    __Vectors_Size                           0x00000130   Number         0  startup_stm32f10x_hd.o ABSOLUTE
    __Vectors                                0x08000000   Data           4  startup_stm32f10x_hd.o(RESET)
    __Vectors_End                            0x08000130   Data           0  startup_stm32f10x_hd.o(RESET)
    __main                                   0x08000131   Thumb Code     8  __main.o(!!!main)
    __scatterload                            0x08000139   Thumb Code     0  __scatter.o(!!!scatter)
    __scatterload_rt2                        0x08000139   Thumb Code    44  __scatter.o(!!!scatter)
    __scatterload_rt2_thumb_only             0x08000139   Thumb Code     0  __scatter.o(!!!scatter)
    __scatterload_null                       0x08000147   Thumb Code     0  __scatter.o(!!!scatter)
    __scatterload_copy                       0x0800016d   Thumb Code    26  __scatter_copy.o(!!handler_copy)
    __scatterload_zeroinit                   0x08000189   Thumb Code    28  __scatter_zi.o(!!handler_zi)
    __rt_lib_init                            0x080001a5   Thumb Code     0  libinit.o(.ARM.Collect$$libinit$$00000000)
    __rt_lib_init_alloca_1                   0x080001a7   Thumb Code     0  libinit2.o(.ARM.Collect$$libinit$$0000002E)
    __rt_lib_init_argv_1                     0x080001a7   Thumb Code     0  libinit2.o(.ARM.Collect$$libinit$$0000002C)
    __rt_lib_init_atexit_1                   0x080001a7   Thumb Code     0  libinit2.o(.ARM.Collect$$libinit$$0000001B)
    __rt_lib_init_clock_1                    0x080001a7   Thumb Code     0  libinit2.o(.ARM.Collect$$libinit$$00000021)
    __rt_lib_init_cpp_1                      0x080001a7   Thumb Code     0  libinit2.o(.ARM.Collect$$libinit$$00000032)
    __rt_lib_init_exceptions_1               0x080001a7   Thumb Code     0  libinit2.o(.ARM.Collect$$libinit$$00000030)
    __rt_lib_init_fp_1                       0x080001a7   Thumb Code     0  libinit2.o(.ARM.Collect$$libinit$$00000002)
    __rt_lib_init_fp_trap_1                  0x080001a7   Thumb Code     0  libinit2.o(.ARM.Collect$$libinit$$0000001F)
    __rt_lib_init_getenv_1                   0x080001a7   Thumb Code     0  libinit2.o(.ARM.Collect$$libinit$$00000023)
    __rt_lib_init_heap_1                     0x080001a7   Thumb Code     0  libinit2.o(.ARM.Collect$$libinit$$0000000A)
    __rt_lib_init_lc_collate_1               0x080001a7   Thumb Code     0  libinit2.o(.ARM.Collect$$libinit$$00000011)
    __rt_lib_init_lc_ctype_1                 0x080001a7   Thumb Code     0  libinit2.o(.ARM.Collect$$libinit$$00000013)
    __rt_lib_init_lc_monetary_1              0x080001a7   Thumb Code     0  libinit2.o(.ARM.Collect$$libinit$$00000015)
    __rt_lib_init_lc_numeric_1               0x080001a7   Thumb Code     0  libinit2.o(.ARM.Collect$$libinit$$00000017)
    __rt_lib_init_lc_time_1                  0x080001a7   Thumb Code     0  libinit2.o(.ARM.Collect$$libinit$$00000019)
    __rt_lib_init_preinit_1                  0x080001a7   Thumb Code     0  libinit2.o(.ARM.Collect$$libinit$$00000004)
    __rt_lib_init_rand_1                     0x080001a7   Thumb Code     0  libinit2.o(.ARM.Collect$$libinit$$0000000E)
    __rt_lib_init_return                     0x080001a7   Thumb Code     0  libinit2.o(.ARM.Collect$$libinit$$00000033)
    __rt_lib_init_signal_1                   0x080001a7   Thumb Code     0  libinit2.o(.ARM.Collect$$libinit$$0000001D)
    __rt_lib_init_stdio_1                    0x080001a7   Thumb Code     0  libinit2.o(.ARM.Collect$$libinit$$00000025)
    __rt_lib_init_user_alloc_1               0x080001a7   Thumb Code     0  libinit2.o(.ARM.Collect$$libinit$$0000000C)
    __rt_lib_shutdown                        0x080001a9   Thumb Code     0  libshutdown.o(.ARM.Collect$$libshutdown$$00000000)
    __rt_lib_shutdown_cpp_1                  0x080001ab   Thumb Code     0  libshutdown2.o(.ARM.Collect$$libshutdown$$00000002)
    __rt_lib_shutdown_fp_trap_1              0x080001ab   Thumb Code     0  libshutdown2.o(.ARM.Collect$$libshutdown$$00000007)
    __rt_lib_shutdown_heap_1                 0x080001ab   Thumb Code     0  libshutdown2.o(.ARM.Collect$$libshutdown$$0000000F)
    __rt_lib_shutdown_return                 0x080001ab   Thumb Code     0  libshutdown2.o(.ARM.Collect$$libshutdown$$00000010)
    __rt_lib_shutdown_signal_1               0x080001ab   Thumb Code     0  libshutdown2.o(.ARM.Collect$$libshutdown$$0000000A)
    __rt_lib_shutdown_stdio_1                0x080001ab   Thumb Code     0  libshutdown2.o(.ARM.Collect$$libshutdown$$00000004)
    __rt_lib_shutdown_user_alloc_1           0x080001ab   Thumb Code     0  libshutdown2.o(.ARM.Collect$$libshutdown$$0000000C)
    __rt_entry                               0x080001ad   Thumb Code     0  __rtentry.o(.ARM.Collect$$rtentry$$00000000)
    __rt_entry_presh_1                       0x080001ad   Thumb Code     0  __rtentry2.o(.ARM.Collect$$rtentry$$00000002)
    __rt_entry_sh                            0x080001ad   Thumb Code     0  __rtentry4.o(.ARM.Collect$$rtentry$$00000004)
    __rt_entry_li                            0x080001b3   Thumb Code     0  __rtentry2.o(.ARM.Collect$$rtentry$$0000000A)
    __rt_entry_postsh_1                      0x080001b3   Thumb Code     0  __rtentry2.o(.ARM.Collect$$rtentry$$00000009)
    __rt_entry_main                          0x080001b7   Thumb Code     0  __rtentry2.o(.ARM.Collect$$rtentry$$0000000D)
    __rt_entry_postli_1                      0x080001b7   Thumb Code     0  __rtentry2.o(.ARM.Collect$$rtentry$$0000000C)
    __rt_exit                                0x080001bf   Thumb Code     0  rtexit.o(.ARM.Collect$$rtexit$$00000000)
    __rt_exit_ls                             0x080001c1   Thumb Code     0  rtexit2.o(.ARM.Collect$$rtexit$$00000003)
    __rt_exit_prels_1                        0x080001c1   Thumb Code     0  rtexit2.o(.ARM.Collect$$rtexit$$00000002)
    __rt_exit_exit                           0x080001c5   Thumb Code     0  rtexit2.o(.ARM.Collect$$rtexit$$00000004)
    vPortSVCHandler                          0x080001cd   Thumb Code    32  port.o(.emb_text)
    __asm___6_port_c_39a90d8d__prvStartFirstTask 0x080001f1   Thumb Code    28  port.o(.emb_text)
    xPortPendSVHandler                       0x08000211   Thumb Code    72  port.o(.emb_text)
    vPortGetIPSR                             0x0800025d   Thumb Code     6  port.o(.emb_text)
    NMI_Handler                              0x08000265   Thumb Code     2  stm32f10x_it.o(.text)
    HardFault_Handler                        0x08000267   Thumb Code     2  stm32f10x_it.o(.text)
    MemManage_Handler                        0x08000269   Thumb Code     2  stm32f10x_it.o(.text)
    BusFault_Handler                         0x0800026b   Thumb Code     2  stm32f10x_it.o(.text)
    UsageFault_Handler                       0x0800026d   Thumb Code     2  stm32f10x_it.o(.text)
    SVC_Handler                              0x0800026f   Thumb Code     2  stm32f10x_it.o(.text)
    DebugMon_Handler                         0x08000271   Thumb Code     2  stm32f10x_it.o(.text)
    PendSV_Handler                           0x08000273   Thumb Code     2  stm32f10x_it.o(.text)
    USART2_IRQHandler                        0x08000275   Thumb Code    34  stm32f10x_it.o(.text)
    mag_sense_query_task                     0x0800029d   Thumb Code    20  main.o(.text)
    speed_send_task                          0x080002b1   Thumb Code    12  main.o(.text)
    main                                     0x080002bd   Thumb Code    68  main.o(.text)
    NVIC_GroupConfig                         0x08000329   Thumb Code     8  sz_stm32f103ze_lib.o(.text)
    SZ_STM32_SysTickInit                     0x08000331   Thumb Code    46  sz_stm32f103ze_lib.o(.text)
    GetDeviceSerialID                        0x0800035f   Thumb Code    26  sz_stm32f103ze_lib.o(.text)
    __SZ_STM32_COMInit                       0x08000379   Thumb Code    22  sz_stm32f103ze_lib.o(.text)
    uart_init                                0x0800038f   Thumb Code    14  sz_stm32f103ze_lib.o(.text)
    _sys_exit                                0x0800039d   Thumb Code     2  sz_stm32f103ze_lib.o(.text)
    fputc                                    0x0800039f   Thumb Code    30  sz_stm32f103ze_lib.o(.text)
    ferror                                   0x080003bd   Thumb Code     6  sz_stm32f103ze_lib.o(.text)
    fgetc                                    0x080003c3   Thumb Code    36  sz_stm32f103ze_lib.o(.text)
    RCC_DeInit                               0x08000401   Thumb Code    50  stm32f10x_rcc.o(.text)
    RCC_HSEConfig                            0x08000433   Thumb Code    48  stm32f10x_rcc.o(.text)
    RCC_GetFlagStatus                        0x08000463   Thumb Code    42  stm32f10x_rcc.o(.text)
    RCC_WaitForHSEStartUp                    0x0800048d   Thumb Code    44  stm32f10x_rcc.o(.text)
    RCC_AdjustHSICalibrationValue            0x080004b9   Thumb Code    16  stm32f10x_rcc.o(.text)
    RCC_HSICmd                               0x080004c9   Thumb Code     6  stm32f10x_rcc.o(.text)
    RCC_PLLConfig                            0x080004cf   Thumb Code    16  stm32f10x_rcc.o(.text)
    RCC_PLLCmd                               0x080004df   Thumb Code     6  stm32f10x_rcc.o(.text)
    RCC_SYSCLKConfig                         0x080004e5   Thumb Code    14  stm32f10x_rcc.o(.text)
    RCC_GetSYSCLKSource                      0x080004f3   Thumb Code    10  stm32f10x_rcc.o(.text)
    RCC_HCLKConfig                           0x080004fd   Thumb Code    14  stm32f10x_rcc.o(.text)
    RCC_PCLK1Config                          0x0800050b   Thumb Code    14  stm32f10x_rcc.o(.text)
    RCC_PCLK2Config                          0x08000519   Thumb Code    16  stm32f10x_rcc.o(.text)
    RCC_ITConfig                             0x08000529   Thumb Code    18  stm32f10x_rcc.o(.text)
    RCC_USBCLKConfig                         0x0800053b   Thumb Code     8  stm32f10x_rcc.o(.text)
    RCC_ADCCLKConfig                         0x08000543   Thumb Code    14  stm32f10x_rcc.o(.text)
    RCC_LSEConfig                            0x08000551   Thumb Code    28  stm32f10x_rcc.o(.text)
    RCC_LSICmd                               0x0800056d   Thumb Code     6  stm32f10x_rcc.o(.text)
    RCC_RTCCLKConfig                         0x08000573   Thumb Code    10  stm32f10x_rcc.o(.text)
    RCC_RTCCLKCmd                            0x0800057d   Thumb Code     8  stm32f10x_rcc.o(.text)
    RCC_GetClocksFreq                        0x08000585   Thumb Code   128  stm32f10x_rcc.o(.text)
    RCC_AHBPeriphClockCmd                    0x08000605   Thumb Code    18  stm32f10x_rcc.o(.text)
    RCC_APB2PeriphClockCmd                   0x08000617   Thumb Code    18  stm32f10x_rcc.o(.text)
    RCC_APB1PeriphClockCmd                   0x08000629   Thumb Code    18  stm32f10x_rcc.o(.text)
    RCC_APB2PeriphResetCmd                   0x0800063b   Thumb Code    18  stm32f10x_rcc.o(.text)
    RCC_APB1PeriphResetCmd                   0x0800064d   Thumb Code    18  stm32f10x_rcc.o(.text)
    RCC_BackupResetCmd                       0x0800065f   Thumb Code     8  stm32f10x_rcc.o(.text)
    RCC_ClockSecuritySystemCmd               0x08000667   Thumb Code     6  stm32f10x_rcc.o(.text)
    RCC_MCOConfig                            0x0800066d   Thumb Code     6  stm32f10x_rcc.o(.text)
    RCC_ClearFlag                            0x08000673   Thumb Code    12  stm32f10x_rcc.o(.text)
    RCC_GetITStatus                          0x0800067f   Thumb Code    16  stm32f10x_rcc.o(.text)
    RCC_ClearITPendingBit                    0x0800068f   Thumb Code     6  stm32f10x_rcc.o(.text)
    GPIO_DeInit                              0x080006b5   Thumb Code   152  stm32f10x_gpio.o(.text)
    GPIO_AFIODeInit                          0x0800074d   Thumb Code    22  stm32f10x_gpio.o(.text)
    GPIO_Init                                0x08000763   Thumb Code   164  stm32f10x_gpio.o(.text)
    GPIO_StructInit                          0x08000807   Thumb Code    16  stm32f10x_gpio.o(.text)
    GPIO_ReadInputDataBit                    0x08000817   Thumb Code    14  stm32f10x_gpio.o(.text)
    GPIO_ReadInputData                       0x08000825   Thumb Code     6  stm32f10x_gpio.o(.text)
    GPIO_ReadOutputDataBit                   0x0800082b   Thumb Code    14  stm32f10x_gpio.o(.text)
    GPIO_ReadOutputData                      0x08000839   Thumb Code     6  stm32f10x_gpio.o(.text)
    GPIO_SetBits                             0x0800083f   Thumb Code     4  stm32f10x_gpio.o(.text)
    GPIO_ResetBits                           0x08000843   Thumb Code     4  stm32f10x_gpio.o(.text)
    GPIO_WriteBit                            0x08000847   Thumb Code    10  stm32f10x_gpio.o(.text)
    GPIO_Write                               0x08000851   Thumb Code     4  stm32f10x_gpio.o(.text)
    GPIO_PinLockConfig                       0x08000855   Thumb Code    16  stm32f10x_gpio.o(.text)
    GPIO_EventOutputConfig                   0x08000865   Thumb Code    22  stm32f10x_gpio.o(.text)
    GPIO_EventOutputCmd                      0x0800087b   Thumb Code     6  stm32f10x_gpio.o(.text)
    GPIO_PinRemapConfig                      0x08000881   Thumb Code    82  stm32f10x_gpio.o(.text)
    GPIO_EXTILineConfig                      0x080008d3   Thumb Code    34  stm32f10x_gpio.o(.text)
    GPIO_ETH_MediaInterfaceConfig            0x080008f5   Thumb Code     8  stm32f10x_gpio.o(.text)
    NVIC_PriorityGroupConfig                 0x08000921   Thumb Code    10  misc.o(.text)
    NVIC_Init                                0x0800092b   Thumb Code    94  misc.o(.text)
    NVIC_SetVectorTable                      0x08000989   Thumb Code    14  misc.o(.text)
    NVIC_SystemLPConfig                      0x08000997   Thumb Code    20  misc.o(.text)
    SysTick_CLKSourceConfig                  0x080009ab   Thumb Code    24  misc.o(.text)
    USART_DeInit                             0x080009d1   Thumb Code    96  stm32f10x_usart.o(.text)
    USART_Init                               0x08000a31   Thumb Code   166  stm32f10x_usart.o(.text)
    USART_StructInit                         0x08000ad7   Thumb Code    22  stm32f10x_usart.o(.text)
    USART_ClockInit                          0x08000aed   Thumb Code    30  stm32f10x_usart.o(.text)
    USART_ClockStructInit                    0x08000b0b   Thumb Code    12  stm32f10x_usart.o(.text)
    USART_Cmd                                0x08000b17   Thumb Code    20  stm32f10x_usart.o(.text)
    USART_ITConfig                           0x08000b2b   Thumb Code    48  stm32f10x_usart.o(.text)
    USART_DMACmd                             0x08000b5b   Thumb Code    16  stm32f10x_usart.o(.text)
    USART_SetAddress                         0x08000b6b   Thumb Code    16  stm32f10x_usart.o(.text)
    USART_WakeUpConfig                       0x08000b7b   Thumb Code    16  stm32f10x_usart.o(.text)
    USART_ReceiverWakeUpCmd                  0x08000b8b   Thumb Code    20  stm32f10x_usart.o(.text)
    USART_LINBreakDetectLengthConfig         0x08000b9f   Thumb Code    16  stm32f10x_usart.o(.text)
    USART_LINCmd                             0x08000baf   Thumb Code    20  stm32f10x_usart.o(.text)
    USART_SendData                           0x08000bc3   Thumb Code     8  stm32f10x_usart.o(.text)
    USART_ReceiveData                        0x08000bcb   Thumb Code     8  stm32f10x_usart.o(.text)
    USART_SendBreak                          0x08000bd3   Thumb Code    10  stm32f10x_usart.o(.text)
    USART_SetGuardTime                       0x08000bdd   Thumb Code    16  stm32f10x_usart.o(.text)
    USART_SetPrescaler                       0x08000bed   Thumb Code    16  stm32f10x_usart.o(.text)
    USART_SmartCardCmd                       0x08000bfd   Thumb Code    20  stm32f10x_usart.o(.text)
    USART_SmartCardNACKCmd                   0x08000c11   Thumb Code    20  stm32f10x_usart.o(.text)
    USART_HalfDuplexCmd                      0x08000c25   Thumb Code    20  stm32f10x_usart.o(.text)
    USART_OverSampling8Cmd                   0x08000c39   Thumb Code    20  stm32f10x_usart.o(.text)
    USART_OneBitMethodCmd                    0x08000c4d   Thumb Code    20  stm32f10x_usart.o(.text)
    USART_IrDAConfig                         0x08000c61   Thumb Code    16  stm32f10x_usart.o(.text)
    USART_IrDACmd                            0x08000c71   Thumb Code    20  stm32f10x_usart.o(.text)
    USART_GetFlagStatus                      0x08000c85   Thumb Code    14  stm32f10x_usart.o(.text)
    USART_ClearFlag                          0x08000c93   Thumb Code     6  stm32f10x_usart.o(.text)
    USART_GetITStatus                        0x08000c99   Thumb Code    62  stm32f10x_usart.o(.text)
    USART_ClearITPendingBit                  0x08000cd7   Thumb Code    12  stm32f10x_usart.o(.text)
    SystemInit                               0x08000d99   Thumb Code    64  system_stm32f10x.o(.text)
    SystemCoreClockUpdate                    0x08000dd9   Thumb Code    84  system_stm32f10x.o(.text)
    Reset_Handler                            0x08000e4d   Thumb Code     8  startup_stm32f10x_hd.o(.text)
    SysTick_Handler                          0x08000e65   Thumb Code     2  startup_stm32f10x_hd.o(.text)
    ADC1_2_IRQHandler                        0x08000e67   Thumb Code     0  startup_stm32f10x_hd.o(.text)
    ADC3_IRQHandler                          0x08000e67   Thumb Code     0  startup_stm32f10x_hd.o(.text)
    CAN1_RX1_IRQHandler                      0x08000e67   Thumb Code     0  startup_stm32f10x_hd.o(.text)
    CAN1_SCE_IRQHandler                      0x08000e67   Thumb Code     0  startup_stm32f10x_hd.o(.text)
    DMA1_Channel1_IRQHandler                 0x08000e67   Thumb Code     0  startup_stm32f10x_hd.o(.text)
    DMA1_Channel2_IRQHandler                 0x08000e67   Thumb Code     0  startup_stm32f10x_hd.o(.text)
    DMA1_Channel3_IRQHandler                 0x08000e67   Thumb Code     0  startup_stm32f10x_hd.o(.text)
    DMA1_Channel4_IRQHandler                 0x08000e67   Thumb Code     0  startup_stm32f10x_hd.o(.text)
    DMA1_Channel5_IRQHandler                 0x08000e67   Thumb Code     0  startup_stm32f10x_hd.o(.text)
    DMA1_Channel6_IRQHandler                 0x08000e67   Thumb Code     0  startup_stm32f10x_hd.o(.text)
    DMA1_Channel7_IRQHandler                 0x08000e67   Thumb Code     0  startup_stm32f10x_hd.o(.text)
    DMA2_Channel1_IRQHandler                 0x08000e67   Thumb Code     0  startup_stm32f10x_hd.o(.text)
    DMA2_Channel2_IRQHandler                 0x08000e67   Thumb Code     0  startup_stm32f10x_hd.o(.text)
    DMA2_Channel3_IRQHandler                 0x08000e67   Thumb Code     0  startup_stm32f10x_hd.o(.text)
    DMA2_Channel4_5_IRQHandler               0x08000e67   Thumb Code     0  startup_stm32f10x_hd.o(.text)
    EXTI0_IRQHandler                         0x08000e67   Thumb Code     0  startup_stm32f10x_hd.o(.text)
    EXTI15_10_IRQHandler                     0x08000e67   Thumb Code     0  startup_stm32f10x_hd.o(.text)
    EXTI1_IRQHandler                         0x08000e67   Thumb Code     0  startup_stm32f10x_hd.o(.text)
    EXTI2_IRQHandler                         0x08000e67   Thumb Code     0  startup_stm32f10x_hd.o(.text)
    EXTI3_IRQHandler                         0x08000e67   Thumb Code     0  startup_stm32f10x_hd.o(.text)
    EXTI4_IRQHandler                         0x08000e67   Thumb Code     0  startup_stm32f10x_hd.o(.text)
    EXTI9_5_IRQHandler                       0x08000e67   Thumb Code     0  startup_stm32f10x_hd.o(.text)
    FLASH_IRQHandler                         0x08000e67   Thumb Code     0  startup_stm32f10x_hd.o(.text)
    FSMC_IRQHandler                          0x08000e67   Thumb Code     0  startup_stm32f10x_hd.o(.text)
    I2C1_ER_IRQHandler                       0x08000e67   Thumb Code     0  startup_stm32f10x_hd.o(.text)
    I2C1_EV_IRQHandler                       0x08000e67   Thumb Code     0  startup_stm32f10x_hd.o(.text)
    I2C2_ER_IRQHandler                       0x08000e67   Thumb Code     0  startup_stm32f10x_hd.o(.text)
    I2C2_EV_IRQHandler                       0x08000e67   Thumb Code     0  startup_stm32f10x_hd.o(.text)
    PVD_IRQHandler                           0x08000e67   Thumb Code     0  startup_stm32f10x_hd.o(.text)
    RCC_IRQHandler                           0x08000e67   Thumb Code     0  startup_stm32f10x_hd.o(.text)
    RTCAlarm_IRQHandler                      0x08000e67   Thumb Code     0  startup_stm32f10x_hd.o(.text)
    RTC_IRQHandler                           0x08000e67   Thumb Code     0  startup_stm32f10x_hd.o(.text)
    SDIO_IRQHandler                          0x08000e67   Thumb Code     0  startup_stm32f10x_hd.o(.text)
    SPI1_IRQHandler                          0x08000e67   Thumb Code     0  startup_stm32f10x_hd.o(.text)
    SPI2_IRQHandler                          0x08000e67   Thumb Code     0  startup_stm32f10x_hd.o(.text)
    SPI3_IRQHandler                          0x08000e67   Thumb Code     0  startup_stm32f10x_hd.o(.text)
    TAMPER_IRQHandler                        0x08000e67   Thumb Code     0  startup_stm32f10x_hd.o(.text)
    TIM1_BRK_IRQHandler                      0x08000e67   Thumb Code     0  startup_stm32f10x_hd.o(.text)
    TIM1_CC_IRQHandler                       0x08000e67   Thumb Code     0  startup_stm32f10x_hd.o(.text)
    TIM1_TRG_COM_IRQHandler                  0x08000e67   Thumb Code     0  startup_stm32f10x_hd.o(.text)
    TIM1_UP_IRQHandler                       0x08000e67   Thumb Code     0  startup_stm32f10x_hd.o(.text)
    TIM2_IRQHandler                          0x08000e67   Thumb Code     0  startup_stm32f10x_hd.o(.text)
    TIM3_IRQHandler                          0x08000e67   Thumb Code     0  startup_stm32f10x_hd.o(.text)
    TIM4_IRQHandler                          0x08000e67   Thumb Code     0  startup_stm32f10x_hd.o(.text)
    TIM5_IRQHandler                          0x08000e67   Thumb Code     0  startup_stm32f10x_hd.o(.text)
    TIM6_IRQHandler                          0x08000e67   Thumb Code     0  startup_stm32f10x_hd.o(.text)
    TIM7_IRQHandler                          0x08000e67   Thumb Code     0  startup_stm32f10x_hd.o(.text)
    TIM8_BRK_IRQHandler                      0x08000e67   Thumb Code     0  startup_stm32f10x_hd.o(.text)
    TIM8_CC_IRQHandler                       0x08000e67   Thumb Code     0  startup_stm32f10x_hd.o(.text)
    TIM8_TRG_COM_IRQHandler                  0x08000e67   Thumb Code     0  startup_stm32f10x_hd.o(.text)
    TIM8_UP_IRQHandler                       0x08000e67   Thumb Code     0  startup_stm32f10x_hd.o(.text)
    UART4_IRQHandler                         0x08000e67   Thumb Code     0  startup_stm32f10x_hd.o(.text)
    UART5_IRQHandler                         0x08000e67   Thumb Code     0  startup_stm32f10x_hd.o(.text)
    USART3_IRQHandler                        0x08000e67   Thumb Code     0  startup_stm32f10x_hd.o(.text)
    USBWakeUp_IRQHandler                     0x08000e67   Thumb Code     0  startup_stm32f10x_hd.o(.text)
    USB_HP_CAN1_TX_IRQHandler                0x08000e67   Thumb Code     0  startup_stm32f10x_hd.o(.text)
    USB_LP_CAN1_RX0_IRQHandler               0x08000e67   Thumb Code     0  startup_stm32f10x_hd.o(.text)
    WWDG_IRQHandler                          0x08000e67   Thumb Code     0  startup_stm32f10x_hd.o(.text)
    __user_initial_stackheap                 0x08000e69   Thumb Code     0  startup_stm32f10x_hd.o(.text)
    AGV_control_com_config                   0x08000e8d   Thumb Code    32  rs485config.o(.text)
    usart_out                                0x08000ead   Thumb Code    46  rs485config.o(.text)
    change_rs485_mode                        0x08000ee1   Thumb Code    26  hardware.o(.text)
    hardware_init                            0x08000f37   Thumb Code   150  hardware.o(.text)
    NVIC_configuration                       0x08000fcd   Thumb Code    36  hardware.o(.text)
    SendSpeedToCtrl                          0x08001005   Thumb Code   204  rs485communicate.o(.text)
    USART1_IRQHandler                        0x0800111d   Thumb Code    64  magserv.o(.text)
    mag_to_speed                             0x0800115d   Thumb Code    44  magserv.o(.text)
    pvPortMalloc                             0x080012c1   Thumb Code   172  heap_2.o(.text)
    vPortFree                                0x0800136d   Thumb Code    56  heap_2.o(.text)
    xPortGetFreeHeapSize                     0x080013a5   Thumb Code     6  heap_2.o(.text)
    vPortInitialiseBlocks                    0x080013ab   Thumb Code     2  heap_2.o(.text)
    vListInitialise                          0x080013b5   Thumb Code    22  list.o(.text)
    vListInitialiseItem                      0x080013cb   Thumb Code     6  list.o(.text)
    vListInsertEnd                           0x080013d1   Thumb Code    24  list.o(.text)
    vListInsert                              0x080013e9   Thumb Code    48  list.o(.text)
    uxListRemove                             0x08001419   Thumb Code    36  list.o(.text)
    pxPortInitialiseStack                    0x0800144d   Thumb Code    32  port.o(.text)
    vPortSetupTimerInterrupt                 0x0800146d   Thumb Code    14  port.o(.text)
    xPortStartScheduler                      0x0800147b   Thumb Code    38  port.o(.text)
    vPortEndScheduler                        0x080014a1   Thumb Code     2  port.o(.text)
    vPortEnterCritical                       0x080014a3   Thumb Code    24  port.o(.text)
    vPortExitCritical                        0x080014bb   Thumb Code    16  port.o(.text)
    xPortSysTickHandler                      0x080014cb   Thumb Code    40  port.o(.text)
    xTaskCreate                              0x080015c7   Thumb Code    86  tasks.o(.text)
    vTaskDelete                              0x0800161d   Thumb Code   138  tasks.o(.text)
    xTaskIncrementTick                       0x080016a7   Thumb Code   168  tasks.o(.text)
    xTaskResumeAll                           0x0800174f   Thumb Code   168  tasks.o(.text)
    vTaskSuspendAll                          0x0800185d   Thumb Code    10  tasks.o(.text)
    vTaskDelayUntil                          0x08001867   Thumb Code    76  tasks.o(.text)
    vTaskDelay                               0x080018b3   Thumb Code    44  tasks.o(.text)
    uxTaskPriorityGet                        0x080018df   Thumb Code    38  tasks.o(.text)
    uxTaskPriorityGetFromISR                 0x08001905   Thumb Code    32  tasks.o(.text)
    vTaskPrioritySet                         0x08001925   Thumb Code   160  tasks.o(.text)
    vTaskSwitchContext                       0x080019c5   Thumb Code    60  tasks.o(.text)
    vTaskSuspend                             0x08001a01   Thumb Code   140  tasks.o(.text)
    vTaskResume                              0x08001a8d   Thumb Code    96  tasks.o(.text)
    xTaskResumeFromISR                       0x08001aed   Thumb Code   104  tasks.o(.text)
    vTaskStartScheduler                      0x08001b73   Thumb Code    66  tasks.o(.text)
    vTaskEndScheduler                        0x08001bb5   Thumb Code    24  tasks.o(.text)
    xTaskGetTickCount                        0x08001bcd   Thumb Code     6  tasks.o(.text)
    xTaskGetTickCountFromISR                 0x08001bd3   Thumb Code     6  tasks.o(.text)
    uxTaskGetNumberOfTasks                   0x08001bd9   Thumb Code     6  tasks.o(.text)
    pcTaskGetName                            0x08001bdf   Thumb Code    10  tasks.o(.text)
    vTaskPlaceOnEventList                    0x08001be9   Thumb Code    24  tasks.o(.text)
    vTaskPlaceOnUnorderedEventList           0x08001c01   Thumb Code    36  tasks.o(.text)
    xTaskRemoveFromEventList                 0x08001c25   Thumb Code    88  tasks.o(.text)
    xTaskRemoveFromUnorderedEventList        0x08001c7d   Thumb Code    72  tasks.o(.text)
    vTaskSetTimeOutState                     0x08001cc5   Thumb Code    12  tasks.o(.text)
    xTaskCheckForTimeOut                     0x08001cd1   Thumb Code    90  tasks.o(.text)
    vTaskMissedYield                         0x08001d2b   Thumb Code     8  tasks.o(.text)
    uxTaskResetEventItemValue                0x08001d33   Thumb Code    20  tasks.o(.text)
    ulTaskNotifyTake                         0x08001d47   Thumb Code    96  tasks.o(.text)
    xTaskNotifyWait                          0x08001da7   Thumb Code   128  tasks.o(.text)
    xTaskGenericNotify                       0x08001e27   Thumb Code   150  tasks.o(.text)
    xTaskGenericNotifyFromISR                0x08001ebd   Thumb Code   180  tasks.o(.text)
    vTaskNotifyGiveFromISR                   0x08001f71   Thumb Code   130  tasks.o(.text)
    xTaskNotifyStateClear                    0x08001ff3   Thumb Code    46  tasks.o(.text)
    putc                                     0x08002137   Thumb Code     4  putc.o(.text)
    __use_two_region_memory                  0x0800213b   Thumb Code     2  heapauxi.o(.text)
    __rt_heap_escrow$2region                 0x0800213d   Thumb Code     2  heapauxi.o(.text)
    __rt_heap_expand$2region                 0x0800213f   Thumb Code     2  heapauxi.o(.text)
    __user_setup_stackheap                   0x08002141   Thumb Code    74  sys_stackheap_outer.o(.text)
    exit                                     0x0800218b   Thumb Code    18  exit.o(.text)
    __user_libspace                          0x0800219d   Thumb Code     8  libspace.o(.text)
    __user_perproc_libspace                  0x0800219d   Thumb Code     0  libspace.o(.text)
    __user_perthread_libspace                0x0800219d   Thumb Code     0  libspace.o(.text)
    __aeabi_fadd                             0x080021a5   Thumb Code     0  faddsub_clz.o(x$fpl$fadd)
    _fadd                                    0x080021a5   Thumb Code   196  faddsub_clz.o(x$fpl$fadd)
    __aeabi_fdiv                             0x08002269   Thumb Code     0  fdiv.o(x$fpl$fdiv)
    _fdiv                                    0x08002269   Thumb Code   384  fdiv.o(x$fpl$fdiv)
    __aeabi_f2iz                             0x080023ed   Thumb Code     0  ffix.o(x$fpl$ffix)
    _ffix                                    0x080023ed   Thumb Code    54  ffix.o(x$fpl$ffix)
    __aeabi_ui2f                             0x08002425   Thumb Code     0  fflt_clz.o(x$fpl$ffltu)
    _ffltu                                   0x08002425   Thumb Code    38  fflt_clz.o(x$fpl$ffltu)
    __aeabi_fmul                             0x0800244d   Thumb Code     0  fmul.o(x$fpl$fmul)
    _fmul                                    0x0800244d   Thumb Code   258  fmul.o(x$fpl$fmul)
    __fpl_fnaninf                            0x0800254f   Thumb Code   140  fnaninf.o(x$fpl$fnaninf)
    __fpl_fretinf                            0x080025db   Thumb Code    10  fretinf.o(x$fpl$fretinf)
    __aeabi_fsub                             0x080025e5   Thumb Code     0  faddsub_clz.o(x$fpl$fsub)
    _fsub                                    0x080025e5   Thumb Code   234  faddsub_clz.o(x$fpl$fsub)
    __I$use$fp                               0x080026ce   Number         0  usenofp.o(x$fpl$usenofp)
    auchCRCHi                                0x080026ce   Data         256  rs485communicate.o(.constdata)
    auchCRCLo                                0x080027ce   Data         256  rs485communicate.o(.constdata)
    Region$$Table$$Base                      0x080028d0   Number         0  anon$$obj.o(Region$$Table)
    Region$$Table$$Limit                     0x080028f0   Number         0  anon$$obj.o(Region$$Table)
    SpeedSendTaskHandle                      0x20000000   Data           4  main.o(.data)
    MagSenseQueryHandle                      0x20000004   Data           4  main.o(.data)
    __stdout                                 0x20000010   Data           4  sz_stm32f103ze_lib.o(.data)
    SystemCoreClock                          0x20000028   Data           4  system_stm32f10x.o(.data)
    AHBPrescTable                            0x2000002c   Data          16  system_stm32f10x.o(.data)
    MagReceiveCount                          0x20000054   Data           1  magserv.o(.data)
    pxCurrentTCB                             0x20000080   Data           4  tasks.o(.data)
    STM32DeviceSerialID                      0x200000bc   Data          12  sz_stm32f103ze_lib.o(.bss)
    MagReceiveDate                           0x200000c8   Data          15  magserv.o(.bss)
    __libspace_start                         0x200045a0   Data          96  libspace.o(.bss)
    __temporary_stack_top$libspace           0x20004600   Data           0  libspace.o(.bss)



==============================================================================

Memory Map of the image

  Image Entry point : 0x08000131

  Load Region LR_IROM1 (Base: 0x08000000, Size: 0x000029ac, Max: 0x00080000, ABSOLUTE)

    Execution Region ER_IROM1 (Base: 0x08000000, Size: 0x000028f0, Max: 0x00080000, ABSOLUTE)

    Base Addr    Size         Type   Attr      Idx    E Section Name        Object

    0x08000000   0x00000130   Data   RO          406    RESET               startup_stm32f10x_hd.o
    0x08000130   0x00000008   Code   RO          621  * !!!main             c_w.l(__main.o)
    0x08000138   0x00000034   Code   RO          805    !!!scatter          c_w.l(__scatter.o)
    0x0800016c   0x0000001a   Code   RO          807    !!handler_copy      c_w.l(__scatter_copy.o)
    0x08000186   0x00000002   PAD
    0x08000188   0x0000001c   Code   RO          809    !!handler_zi        c_w.l(__scatter_zi.o)
    0x080001a4   0x00000002   Code   RO          677    .ARM.Collect$$libinit$$00000000  c_w.l(libinit.o)
    0x080001a6   0x00000000   Code   RO          684    .ARM.Collect$$libinit$$00000002  c_w.l(libinit2.o)
    0x080001a6   0x00000000   Code   RO          686    .ARM.Collect$$libinit$$00000004  c_w.l(libinit2.o)
    0x080001a6   0x00000000   Code   RO          689    .ARM.Collect$$libinit$$0000000A  c_w.l(libinit2.o)
    0x080001a6   0x00000000   Code   RO          691    .ARM.Collect$$libinit$$0000000C  c_w.l(libinit2.o)
    0x080001a6   0x00000000   Code   RO          693    .ARM.Collect$$libinit$$0000000E  c_w.l(libinit2.o)
    0x080001a6   0x00000000   Code   RO          696    .ARM.Collect$$libinit$$00000011  c_w.l(libinit2.o)
    0x080001a6   0x00000000   Code   RO          698    .ARM.Collect$$libinit$$00000013  c_w.l(libinit2.o)
    0x080001a6   0x00000000   Code   RO          700    .ARM.Collect$$libinit$$00000015  c_w.l(libinit2.o)
    0x080001a6   0x00000000   Code   RO          702    .ARM.Collect$$libinit$$00000017  c_w.l(libinit2.o)
    0x080001a6   0x00000000   Code   RO          704    .ARM.Collect$$libinit$$00000019  c_w.l(libinit2.o)
    0x080001a6   0x00000000   Code   RO          706    .ARM.Collect$$libinit$$0000001B  c_w.l(libinit2.o)
    0x080001a6   0x00000000   Code   RO          708    .ARM.Collect$$libinit$$0000001D  c_w.l(libinit2.o)
    0x080001a6   0x00000000   Code   RO          710    .ARM.Collect$$libinit$$0000001F  c_w.l(libinit2.o)
    0x080001a6   0x00000000   Code   RO          712    .ARM.Collect$$libinit$$00000021  c_w.l(libinit2.o)
    0x080001a6   0x00000000   Code   RO          714    .ARM.Collect$$libinit$$00000023  c_w.l(libinit2.o)
    0x080001a6   0x00000000   Code   RO          716    .ARM.Collect$$libinit$$00000025  c_w.l(libinit2.o)
    0x080001a6   0x00000000   Code   RO          720    .ARM.Collect$$libinit$$0000002C  c_w.l(libinit2.o)
    0x080001a6   0x00000000   Code   RO          722    .ARM.Collect$$libinit$$0000002E  c_w.l(libinit2.o)
    0x080001a6   0x00000000   Code   RO          724    .ARM.Collect$$libinit$$00000030  c_w.l(libinit2.o)
    0x080001a6   0x00000000   Code   RO          726    .ARM.Collect$$libinit$$00000032  c_w.l(libinit2.o)
    0x080001a6   0x00000002   Code   RO          727    .ARM.Collect$$libinit$$00000033  c_w.l(libinit2.o)
    0x080001a8   0x00000002   Code   RO          745    .ARM.Collect$$libshutdown$$00000000  c_w.l(libshutdown.o)
    0x080001aa   0x00000000   Code   RO          755    .ARM.Collect$$libshutdown$$00000002  c_w.l(libshutdown2.o)
    0x080001aa   0x00000000   Code   RO          757    .ARM.Collect$$libshutdown$$00000004  c_w.l(libshutdown2.o)
    0x080001aa   0x00000000   Code   RO          760    .ARM.Collect$$libshutdown$$00000007  c_w.l(libshutdown2.o)
    0x080001aa   0x00000000   Code   RO          763    .ARM.Collect$$libshutdown$$0000000A  c_w.l(libshutdown2.o)
    0x080001aa   0x00000000   Code   RO          765    .ARM.Collect$$libshutdown$$0000000C  c_w.l(libshutdown2.o)
    0x080001aa   0x00000000   Code   RO          768    .ARM.Collect$$libshutdown$$0000000F  c_w.l(libshutdown2.o)
    0x080001aa   0x00000002   Code   RO          769    .ARM.Collect$$libshutdown$$00000010  c_w.l(libshutdown2.o)
    0x080001ac   0x00000000   Code   RO          645    .ARM.Collect$$rtentry$$00000000  c_w.l(__rtentry.o)
    0x080001ac   0x00000000   Code   RO          654    .ARM.Collect$$rtentry$$00000002  c_w.l(__rtentry2.o)
    0x080001ac   0x00000006   Code   RO          666    .ARM.Collect$$rtentry$$00000004  c_w.l(__rtentry4.o)
    0x080001b2   0x00000000   Code   RO          656    .ARM.Collect$$rtentry$$00000009  c_w.l(__rtentry2.o)
    0x080001b2   0x00000004   Code   RO          657    .ARM.Collect$$rtentry$$0000000A  c_w.l(__rtentry2.o)
    0x080001b6   0x00000000   Code   RO          659    .ARM.Collect$$rtentry$$0000000C  c_w.l(__rtentry2.o)
    0x080001b6   0x00000008   Code   RO          660    .ARM.Collect$$rtentry$$0000000D  c_w.l(__rtentry2.o)
    0x080001be   0x00000002   Code   RO          681    .ARM.Collect$$rtexit$$00000000  c_w.l(rtexit.o)
    0x080001c0   0x00000000   Code   RO          729    .ARM.Collect$$rtexit$$00000002  c_w.l(rtexit2.o)
    0x080001c0   0x00000004   Code   RO          730    .ARM.Collect$$rtexit$$00000003  c_w.l(rtexit2.o)
    0x080001c4   0x00000006   Code   RO          731    .ARM.Collect$$rtexit$$00000004  c_w.l(rtexit2.o)
    0x080001ca   0x00000002   PAD
    0x080001cc   0x00000096   Code   RO          514    .emb_text           port.o
    0x08000262   0x00000002   PAD
    0x08000264   0x00000038   Code   RO            1    .text               stm32f10x_it.o
    0x0800029c   0x0000008c   Code   RO          118    .text               main.o
    0x08000328   0x000000d8   Code   RO          204    .text               sz_stm32f103ze_lib.o
    0x08000400   0x000002b4   Code   RO          234    .text               stm32f10x_rcc.o
    0x080006b4   0x0000026c   Code   RO          248    .text               stm32f10x_gpio.o
    0x08000920   0x000000b0   Code   RO          260    .text               misc.o
    0x080009d0   0x00000328   Code   RO          308    .text               stm32f10x_usart.o
    0x08000cf8   0x00000154   Code   RO          367    .text               system_stm32f10x.o
    0x08000e4c   0x00000040   Code   RO          407    .text               startup_stm32f10x_hd.o
    0x08000e8c   0x00000054   Code   RO          411    .text               rs485config.o
    0x08000ee0   0x00000124   Code   RO          423    .text               hardware.o
    0x08001004   0x00000118   Code   RO          436    .text               rs485communicate.o
    0x0800111c   0x000001a4   Code   RO          452    .text               magserv.o
    0x080012c0   0x000000f4   Code   RO          478    .text               heap_2.o
    0x080013b4   0x00000088   Code   RO          502    .text               list.o
    0x0800143c   0x000000c8   Code   RO          515    .text               port.o
    0x08001504   0x00000c32   Code   RO          572    .text               tasks.o
    0x08002136   0x00000004   Code   RO          615    .text               c_w.l(putc.o)
    0x0800213a   0x00000006   Code   RO          619    .text               c_w.l(heapauxi.o)
    0x08002140   0x0000004a   Code   RO          668    .text               c_w.l(sys_stackheap_outer.o)
    0x0800218a   0x00000012   Code   RO          670    .text               c_w.l(exit.o)
    0x0800219c   0x00000008   Code   RO          678    .text               c_w.l(libspace.o)
    0x080021a4   0x000000c4   Code   RO          623    x$fpl$fadd          fz_ws.l(faddsub_clz.o)
    0x08002268   0x00000184   Code   RO          630    x$fpl$fdiv          fz_ws.l(fdiv.o)
    0x080023ec   0x00000036   Code   RO          633    x$fpl$ffix          fz_ws.l(ffix.o)
    0x08002422   0x00000002   PAD
    0x08002424   0x00000026   Code   RO          637    x$fpl$ffltu         fz_ws.l(fflt_clz.o)
    0x0800244a   0x00000002   PAD
    0x0800244c   0x00000102   Code   RO          643    x$fpl$fmul          fz_ws.l(fmul.o)
    0x0800254e   0x0000008c   Code   RO          648    x$fpl$fnaninf       fz_ws.l(fnaninf.o)
    0x080025da   0x0000000a   Code   RO          650    x$fpl$fretinf       fz_ws.l(fretinf.o)
    0x080025e4   0x000000ea   Code   RO          625    x$fpl$fsub          fz_ws.l(faddsub_clz.o)
    0x080026ce   0x00000000   Code   RO          652    x$fpl$usenofp       fz_ws.l(usenofp.o)
    0x080026ce   0x00000200   Data   RO          437    .constdata          rs485communicate.o
    0x080028ce   0x00000002   PAD
    0x080028d0   0x00000020   Data   RO          803    Region$$Table       anon$$obj.o


    Execution Region RW_IRAM1 (Base: 0x20000000, Size: 0x00004c00, Max: 0x00010000, ABSOLUTE)

    Base Addr    Size         Type   Attr      Idx    E Section Name        Object

    0x20000000   0x0000000f   Data   RW          119    .data               main.o
    0x2000000f   0x00000001   PAD
    0x20000010   0x00000004   Data   RW          206    .data               sz_stm32f103ze_lib.o
    0x20000014   0x00000014   Data   RW          235    .data               stm32f10x_rcc.o
    0x20000028   0x00000014   Data   RW          368    .data               system_stm32f10x.o
    0x2000003c   0x00000016   Data   RW          438    .data               rs485communicate.o
    0x20000052   0x00000002   PAD
    0x20000054   0x00000010   Data   RW          455    .data               magserv.o
    0x20000064   0x00000018   Data   RW          480    .data               heap_2.o
    0x2000007c   0x00000004   Data   RW          516    .data               port.o
    0x20000080   0x0000003c   Data   RW          574    .data               tasks.o
    0x200000bc   0x0000000c   Zero   RW          205    .bss                sz_stm32f103ze_lib.o
    0x200000c8   0x0000000f   Zero   RW          453    .bss                magserv.o
    0x200000d7   0x00004400   Zero   RW          479    .bss                heap_2.o
    0x200044d7   0x00000001   PAD
    0x200044d8   0x000000c8   Zero   RW          573    .bss                tasks.o
    0x200045a0   0x00000060   Zero   RW          679    .bss                c_w.l(libspace.o)
    0x20004600   0x00000200   Zero   RW          405    HEAP                startup_stm32f10x_hd.o
    0x20004800   0x00000400   Zero   RW          404    STACK               startup_stm32f10x_hd.o


==============================================================================

Image component sizes


      Code (inc. data)   RO Data    RW Data    ZI Data      Debug   Object Name

         0          0          0          0          0         32   core_cm3.o
       292         20          0          0          0       1639   hardware.o
       244          8          0         24      17408       4412   heap_2.o
       136          0          0          0          0       1774   list.o
       420         40          0         16         15       2669   magserv.o
       140         40          0         15          0      10822   main.o
       176         14          0          0          0       1913   misc.o
       350         30          0          4          0       6706   port.o
       280         36        512         22          0       1832   rs485communicate.o
        84          6          0          0          0       1231   rs485config.o
        64         26        304          0       1536        892   startup_stm32f10x_hd.o
       620         36          0          0          0       5881   stm32f10x_gpio.o
        56          6          0          0          0     234056   stm32f10x_it.o
       692         32          0         20          0       9032   stm32f10x_rcc.o
       808         22          0          0          0       8796   stm32f10x_usart.o
       340         32          0         20          0       2003   system_stm32f10x.o
       216         26          0          4         12      24987   sz_stm32f103ze_lib.o
      3122         62          0         60        200      27137   tasks.o

    ----------------------------------------------------------------------
      8042        436        850        188      19172     345814   Object Totals
         0          0         32          0          0          0   (incl. Generated)
         2          0          2          3          1          0   (incl. Padding)

    ----------------------------------------------------------------------

      Code (inc. data)   RO Data    RW Data    ZI Data      Debug   Library Member Name

         8          0          0          0          0         68   __main.o
         0          0          0          0          0          0   __rtentry.o
        12          0          0          0          0          0   __rtentry2.o
         6          0          0          0          0          0   __rtentry4.o
        52          8          0          0          0          0   __scatter.o
        26          0          0          0          0          0   __scatter_copy.o
        28          0          0          0          0          0   __scatter_zi.o
        18          0          0          0          0         80   exit.o
         6          0          0          0          0        152   heapauxi.o
         2          0          0          0          0          0   libinit.o
         2          0          0          0          0          0   libinit2.o
         2          0          0          0          0          0   libshutdown.o
         2          0          0          0          0          0   libshutdown2.o
         8          4          0          0         96         68   libspace.o
         4          0          0          0          0         68   putc.o
         2          0          0          0          0          0   rtexit.o
        10          0          0          0          0          0   rtexit2.o
        74          0          0          0          0         80   sys_stackheap_outer.o
       430          8          0          0          0        168   faddsub_clz.o
       388         76          0          0          0         96   fdiv.o
        54          4          0          0          0         84   ffix.o
        38          0          0          0          0         68   fflt_clz.o
       258          4          0          0          0         84   fmul.o
       140          4          0          0          0         84   fnaninf.o
        10          0          0          0          0         68   fretinf.o
         0          0          0          0          0          0   usenofp.o

    ----------------------------------------------------------------------
      1588        108          0          0         96       1168   Library Totals
         8          0          0          0          0          0   (incl. Padding)

    ----------------------------------------------------------------------

      Code (inc. data)   RO Data    RW Data    ZI Data      Debug   Library Name

       262         12          0          0         96        516   c_w.l
      1318         96          0          0          0        652   fz_ws.l

    ----------------------------------------------------------------------
      1588        108          0          0         96       1168   Library Totals

    ----------------------------------------------------------------------

==============================================================================


      Code (inc. data)   RO Data    RW Data    ZI Data      Debug   

      9630        544        850        188      19268     344326   Grand Totals
      9630        544        850        188      19268     344326   ELF Image Totals
      9630        544        850        188          0          0   ROM Totals

==============================================================================

    Total RO  Size (Code + RO Data)                10480 (  10.23kB)
    Total RW  Size (RW Data + ZI Data)             19456 (  19.00kB)
    Total ROM Size (Code + RO Data + RW Data)      10668 (  10.42kB)

==============================================================================

