<html>
<body>
<pre>
<h1>µVision Build Log</h1>
<h2>Project:</h2>
E:\GITWORK\¥≈Ãıµº∫ΩAGV\Project\Project.uvproj
Project File Date:  06/12/2017

<h2>Output:</h2>
Build target '…Ò÷€III∫≈'
compiling main.c...
linking...
Program Size: Code=9642 RO-data=850 RW-data=188 ZI-data=19268  
FromELF: creating hex file...
"..\Output\SZ_STM32F103ZE_DEMO.axf" - 0 Error(s), 0 Warning(s).
</pre>
</body>
</html>
exe" -p ..\BSP\hardware.c
formatted  ..\BSP\hardware.c
a=19268  
FromELF: creating hex file...
"..\Output\SZ_STM32F103ZE_DEMO.axf" - 0 Error(s), 1 Warning(s).
