<html>
<body>
<pre>
<h1>µVision Build Log</h1>
<h2>Project:</h2>
E:\GITWORK\¥≈Ãıµº∫ΩAGV\Project\Project.uvproj
Project File Date:  06/12/2017

<h2>Output:</h2>
Build target '…Ò÷€III∫≈'
compiling stm32f10x_it.c...
compiling main.c...
compiling xprintf.c...
compiling SZ_STM32F103ZE_LIB.c...
compiling stm32f10x_rcc.c...
compiling stm32f10x_gpio.c...
compiling misc.c...
compiling stm32f10x_exti.c...
compiling stm32f10x_spi.c...
compiling stm32f10x_fsmc.c...
compiling stm32f10x_usart.c...
compiling stm32f10x_sdio.c...
compiling stm32f10x_dma.c...
compiling stm32f10x_i2c.c...
compiling system_stm32f10x.c...
compiling rs485config.c...
compiling hardware.c...
compiling rs485communicate.c...
compiling magserv.c...
compiling croutine.c...
compiling heap_2.c...
compiling list.c...
compiling port.c...
compiling queue.c...
compiling tasks.c...
compiling timers.c...
linking...
Program Size: Code=9646 RO-data=850 RW-data=188 ZI-data=19268  
FromELF: creating hex file...
"..\Output\SZ_STM32F103ZE_DEMO.axf" - 0 Error(s), 0 Warning(s).
</pre>
</body>
</html>
